../X-CUBE-AI/App/model_lstm_keras.c:2650:9:model_lstm_keras_configure_activations	16	static
../X-CUBE-AI/App/model_lstm_keras.c:2855:9:model_lstm_keras_configure_weights	16	static
../X-CUBE-AI/App/model_lstm_keras.c:2918:9:ai_model_lstm_keras_get_info	160	static
../X-CUBE-AI/App/model_lstm_keras.c:2965:9:ai_model_lstm_keras_get_report	160	static
../X-CUBE-AI/App/model_lstm_keras.c:3012:10:ai_model_lstm_keras_get_error	16	static
../X-CUBE-AI/App/model_lstm_keras.c:3019:10:ai_model_lstm_keras_create	24	static
../X-CUBE-AI/App/model_lstm_keras.c:3030:10:ai_model_lstm_keras_create_and_init	88	static
../X-CUBE-AI/App/model_lstm_keras.c:3065:12:ai_model_lstm_keras_inputs_get	16	static
../X-CUBE-AI/App/model_lstm_keras.c:3076:12:ai_model_lstm_keras_outputs_get	16	static
../X-CUBE-AI/App/model_lstm_keras.c:3087:11:ai_model_lstm_keras_destroy	16	static
../X-CUBE-AI/App/model_lstm_keras.c:3094:9:ai_model_lstm_keras_init	24	static
../X-CUBE-AI/App/model_lstm_keras.c:3111:8:ai_model_lstm_keras_run	24	static
../X-CUBE-AI/App/model_lstm_keras.c:3119:8:ai_model_lstm_keras_forward	16	static
