../Core/Src/main.cpp:94:5:int main()	8	static
../Core/Src/main.cpp:183:6:void SystemClock_Config()	88	static
../Core/Src/main.cpp:229:13:void MX_I2C1_Init()	8	static
../Core/Src/main.cpp:263:13:void MX_SPI1_Init()	8	static
../Core/Src/main.cpp:301:13:void MX_UART5_Init()	8	static
../Core/Src/main.cpp:334:13:void MX_USART2_UART_Init()	8	static
../Core/Src/main.cpp:367:13:void MX_USART3_UART_Init()	8	static
../Core/Src/main.cpp:400:13:void MX_GPIO_Init()	56	static
../Core/Src/main.cpp:572:6:void HAL_TIM_PeriodElapsedCallback(TIM_HandleTypeDef*)	16	static
../Core/Src/main.cpp:590:6:void Error_Handler()	4	static,ignoring_inline_asm
../Core/Src/main.cpp:619:9:int _write(int, char*, int)	24	static
../Core/Src/main.cpp:624:9:int _close(int)	16	static
../Core/Src/main.cpp:625:9:int _fstat(int, void*)	16	static
../Core/Src/main.cpp:626:9:int _isatty(int)	16	static
../Core/Src/main.cpp:627:9:int _lseek(int, int, int)	24	static
../Core/Src/main.cpp:628:9:int _read(int, char*, int)	24	static
../Core/Src/main.cpp:629:9:int _kill(int, int)	16	static
../Core/Src/main.cpp:630:9:int _getpid()	4	static
../Core/Src/main.cpp:631:1:void __static_initialization_and_destruction_0()	8	static
../Core/Src/main.cpp:631:1:cpp)	8	static
