Archive member included to satisfy reference by file (symbol)

C:/ST/STM32CubeIDE_1.18.0/STM32CubeIDE/plugins/com.st.stm32cube.ide.mcu.externaltools.gnu-tools-for-stm32.13.3.rel1.win32_1.0.0.202411081344/tools/bin/../lib/gcc/arm-none-eabi/13.3.1/../../../../arm-none-eabi/lib/thumb/v7e-m+fp/hard\libstdc++_nano.a(new_op.o)
                              ./Core/Src/MotorController.o (operator new(unsigned int))
C:/ST/STM32CubeIDE_1.18.0/STM32CubeIDE/plugins/com.st.stm32cube.ide.mcu.externaltools.gnu-tools-for-stm32.13.3.rel1.win32_1.0.0.202411081344/tools/bin/../lib/gcc/arm-none-eabi/13.3.1/../../../../arm-none-eabi/lib/thumb/v7e-m+fp/hard\libstdc++_nano.a(new_handler.o)
                              C:/ST/STM32CubeIDE_1.18.0/STM32CubeIDE/plugins/com.st.stm32cube.ide.mcu.externaltools.gnu-tools-for-stm32.13.3.rel1.win32_1.0.0.202411081344/tools/bin/../lib/gcc/arm-none-eabi/13.3.1/../../../../arm-none-eabi/lib/thumb/v7e-m+fp/hard\libstdc++_nano.a(new_op.o) (std::get_new_handler())
C:/ST/STM32CubeIDE_1.18.0/STM32CubeIDE/plugins/com.st.stm32cube.ide.mcu.externaltools.gnu-tools-for-stm32.13.3.rel1.win32_1.0.0.202411081344/tools/bin/../lib/gcc/arm-none-eabi/13.3.1/../../../../arm-none-eabi/lib/thumb/v7e-m+fp/hard\libc_nano.a(libc_a-abort.o)
                              C:/ST/STM32CubeIDE_1.18.0/STM32CubeIDE/plugins/com.st.stm32cube.ide.mcu.externaltools.gnu-tools-for-stm32.13.3.rel1.win32_1.0.0.202411081344/tools/bin/../lib/gcc/arm-none-eabi/13.3.1/../../../../arm-none-eabi/lib/thumb/v7e-m+fp/hard\libstdc++_nano.a(new_op.o) (abort)
C:/ST/STM32CubeIDE_1.18.0/STM32CubeIDE/plugins/com.st.stm32cube.ide.mcu.externaltools.gnu-tools-for-stm32.13.3.rel1.win32_1.0.0.202411081344/tools/bin/../lib/gcc/arm-none-eabi/13.3.1/../../../../arm-none-eabi/lib/thumb/v7e-m+fp/hard\libc_nano.a(libc_a-atof.o)
                              ./Core/Src/ScreenDisplay.o (atof)
C:/ST/STM32CubeIDE_1.18.0/STM32CubeIDE/plugins/com.st.stm32cube.ide.mcu.externaltools.gnu-tools-for-stm32.13.3.rel1.win32_1.0.0.202411081344/tools/bin/../lib/gcc/arm-none-eabi/13.3.1/../../../../arm-none-eabi/lib/thumb/v7e-m+fp/hard\libc_nano.a(libc_a-exit.o)
                              C:/ST/STM32CubeIDE_1.18.0/STM32CubeIDE/plugins/com.st.stm32cube.ide.mcu.externaltools.gnu-tools-for-stm32.13.3.rel1.win32_1.0.0.202411081344/tools/bin/../lib/gcc/arm-none-eabi/13.3.1/../../../../arm-none-eabi/lib/thumb/v7e-m+fp/hard/crt0.o (exit)
C:/ST/STM32CubeIDE_1.18.0/STM32CubeIDE/plugins/com.st.stm32cube.ide.mcu.externaltools.gnu-tools-for-stm32.13.3.rel1.win32_1.0.0.202411081344/tools/bin/../lib/gcc/arm-none-eabi/13.3.1/../../../../arm-none-eabi/lib/thumb/v7e-m+fp/hard\libc_nano.a(libc_a-malloc.o)
                              ./Middlewares/ST/STM32_USB_Host_Library/Class/CDC/Src/usbh_cdc.o (malloc)
C:/ST/STM32CubeIDE_1.18.0/STM32CubeIDE/plugins/com.st.stm32cube.ide.mcu.externaltools.gnu-tools-for-stm32.13.3.rel1.win32_1.0.0.202411081344/tools/bin/../lib/gcc/arm-none-eabi/13.3.1/../../../../arm-none-eabi/lib/thumb/v7e-m+fp/hard\libc_nano.a(libc_a-mallocr.o)
                              C:/ST/STM32CubeIDE_1.18.0/STM32CubeIDE/plugins/com.st.stm32cube.ide.mcu.externaltools.gnu-tools-for-stm32.13.3.rel1.win32_1.0.0.202411081344/tools/bin/../lib/gcc/arm-none-eabi/13.3.1/../../../../arm-none-eabi/lib/thumb/v7e-m+fp/hard\libc_nano.a(libc_a-malloc.o) (_malloc_r)
C:/ST/STM32CubeIDE_1.18.0/STM32CubeIDE/plugins/com.st.stm32cube.ide.mcu.externaltools.gnu-tools-for-stm32.13.3.rel1.win32_1.0.0.202411081344/tools/bin/../lib/gcc/arm-none-eabi/13.3.1/../../../../arm-none-eabi/lib/thumb/v7e-m+fp/hard\libc_nano.a(libc_a-mlock.o)
                              C:/ST/STM32CubeIDE_1.18.0/STM32CubeIDE/plugins/com.st.stm32cube.ide.mcu.externaltools.gnu-tools-for-stm32.13.3.rel1.win32_1.0.0.202411081344/tools/bin/../lib/gcc/arm-none-eabi/13.3.1/../../../../arm-none-eabi/lib/thumb/v7e-m+fp/hard\libc_nano.a(libc_a-mallocr.o) (__malloc_lock)
C:/ST/STM32CubeIDE_1.18.0/STM32CubeIDE/plugins/com.st.stm32cube.ide.mcu.externaltools.gnu-tools-for-stm32.13.3.rel1.win32_1.0.0.202411081344/tools/bin/../lib/gcc/arm-none-eabi/13.3.1/../../../../arm-none-eabi/lib/thumb/v7e-m+fp/hard\libc_nano.a(libc_a-strtod.o)
                              C:/ST/STM32CubeIDE_1.18.0/STM32CubeIDE/plugins/com.st.stm32cube.ide.mcu.externaltools.gnu-tools-for-stm32.13.3.rel1.win32_1.0.0.202411081344/tools/bin/../lib/gcc/arm-none-eabi/13.3.1/../../../../arm-none-eabi/lib/thumb/v7e-m+fp/hard\libc_nano.a(libc_a-atof.o) (strtod)
C:/ST/STM32CubeIDE_1.18.0/STM32CubeIDE/plugins/com.st.stm32cube.ide.mcu.externaltools.gnu-tools-for-stm32.13.3.rel1.win32_1.0.0.202411081344/tools/bin/../lib/gcc/arm-none-eabi/13.3.1/../../../../arm-none-eabi/lib/thumb/v7e-m+fp/hard\libc_nano.a(libc_a-nano-vfprintf_float.o)
                              (_printf_float)
[...]
Memory Configuration

Name             Origin             Length             Attributes
CCMRAM           0x10000000         0x00010000         xrw
RAM              0x20000000         0x0001c000         xrw
FLASH            0x08000000         0x00100000         xr
*default*        0x00000000         0xffffffff

Linker script and memory map

LOAD C:/ST/STM32CubeIDE_1.18.0/STM32CubeIDE/plugins/com.st.stm32cube.ide.mcu.externaltools.gnu-tools-for-stm32.13.3.rel1.win32_1.0.0.202411081344/tools/bin/../lib/gcc/arm-none-eabi/13.3.1/thumb/v7e-m+fp/hard/crti.o
LOAD C:/ST/STM32CubeIDE_1.18.0/STM32CubeIDE/plugins/com.st.stm32cube.ide.mcu.externaltools.gnu-tools-for-stm32.13.3.rel1.win32_1.0.0.202411081344/tools/bin/../lib/gcc/arm-none-eabi/13.3.1/thumb/v7e-m+fp/hard/crtbegin.o
LOAD C:/ST/STM32CubeIDE_1.18.0/STM32CubeIDE/plugins/com.st.stm32cube.ide.mcu.externaltools.gnu-tools-for-stm32.13.3.rel1.win32_1.0.0.202411081344/tools/bin/../lib/gcc/arm-none-eabi/13.3.1/../../../../arm-none-eabi/lib/thumb/v7e-m+fp/hard/crt0.o
LOAD ./Core/Src/MotorComputations.o
LOAD ./Core/Src/MotorController.o
LOAD ./Core/Src/ScreenDisplay.o
LOAD ./Core/Src/freertos.o
LOAD ./Core/Src/main.o
LOAD ./Core/Src/stm32f4xx_hal_msp.o
LOAD ./Core/Src/stm32f4xx_hal_timebase_tim.o
LOAD ./Core/Src/stm32f4xx_it.o
LOAD ./Core/Src/sysmem.o
LOAD ./Core/Src/system_stm32f4xx.o
LOAD ./Core/Startup/startup_stm32f407vgtx.o
LOAD ./Drivers/STM32F4xx_HAL_Driver/Src/stm32f4xx_hal.o
LOAD ./Drivers/STM32F4xx_HAL_Driver/Src/stm32f4xx_hal_cortex.o
LOAD ./Drivers/STM32F4xx_HAL_Driver/Src/stm32f4xx_hal_dma.o
LOAD ./Drivers/STM32F4xx_HAL_Driver/Src/stm32f4xx_hal_dma_ex.o
LOAD ./Drivers/STM32F4xx_HAL_Driver/Src/stm32f4xx_hal_exti.o
LOAD ./Drivers/STM32F4xx_HAL_Driver/Src/stm32f4xx_hal_flash.o
LOAD ./Drivers/STM32F4xx_HAL_Driver/Src/stm32f4xx_hal_flash_ex.o
LOAD ./Drivers/STM32F4xx_HAL_Driver/Src/stm32f4xx_hal_flash_ramfunc.o
LOAD ./Drivers/STM32F4xx_HAL_Driver/Src/stm32f4xx_hal_gpio.o
LOAD ./Drivers/STM32F4xx_HAL_Driver/Src/stm32f4xx_hal_hcd.o
LOAD ./Drivers/STM32F4xx_HAL_Driver/Src/stm32f4xx_hal_i2c.o
LOAD ./Drivers/STM32F4xx_HAL_Driver/Src/stm32f4xx_hal_i2c_ex.o
LOAD ./Drivers/STM32F4xx_HAL_Driver/Src/stm32f4xx_hal_pwr.o
LOAD ./Drivers/STM32F4xx_HAL_Driver/Src/stm32f4xx_hal_pwr_ex.o
LOAD ./Drivers/STM32F4xx_HAL_Driver/Src/stm32f4xx_hal_rcc.o
LOAD ./Drivers/STM32F4xx_HAL_Driver/Src/stm32f4xx_hal_rcc_ex.o
LOAD ./Drivers/STM32F4xx_HAL_Driver/Src/stm32f4xx_hal_spi.o
LOAD ./Drivers/STM32F4xx_HAL_Driver/Src/stm32f4xx_hal_tim.o
LOAD ./Drivers/STM32F4xx_HAL_Driver/Src/stm32f4xx_hal_tim_ex.o
LOAD ./Drivers/STM32F4xx_HAL_Driver/Src/stm32f4xx_hal_uart.o
LOAD ./Drivers/STM32F4xx_HAL_Driver/Src/stm32f4xx_ll_usb.o
LOAD ./Middlewares/ST/STM32_USB_Host_Library/Class/CDC/Src/usbh_cdc.o
LOAD ./Middlewares/ST/STM32_USB_Host_Library/Core/Src/usbh_core.o
LOAD ./Middlewares/ST/STM32_USB_Host_Library/Core/Src/usbh_ctlreq.o
LOAD ./Middlewares/ST/STM32_USB_Host_Library/Core/Src/usbh_ioreq.o
LOAD ./Middlewares/ST/STM32_USB_Host_Library/Core/Src/usbh_pipes.o
LOAD ./Middlewares/Third_Party/FreeRTOS/Source/CMSIS_RTOS_V2/cmsis_os2.o
LOAD ./Middlewares/Third_Party/FreeRTOS/Source/croutine.o
LOAD ./Middlewares/Third_Party/FreeRTOS/Source/event_groups.o
LOAD ./Middlewares/Third_Party/FreeRTOS/Source/list.o
LOAD ./Middlewares/Third_Party/FreeRTOS/Source/queue.o
LOAD ./Middlewares/Third_Party/FreeRTOS/Source/stream_buffer.o
LOAD ./Middlewares/Third_Party/FreeRTOS/Source/tasks.o
LOAD ./Middlewares/Third_Party/FreeRTOS/Source/timers.o
LOAD ./Middlewares/Third_Party/FreeRTOS/Source/portable/GCC/ARM_CM4F/port.o
LOAD ./Middlewares/Third_Party/FreeRTOS/Source/portable/MemMang/heap_4.o
LOAD ./USB_HOST/App/usb_host.o
LOAD ./USB_HOST/Target/usbh_conf.o
LOAD ./USB_HOST/Target/usbh_platform.o
START GROUP
LOAD C:/ST/STM32CubeIDE_1.18.0/STM32CubeIDE/plugins/com.st.stm32cube.ide.mcu.externaltools.gnu-tools-for-stm32.13.3.rel1.win32_1.0.0.202411081344/tools/bin/../lib/gcc/arm-none-eabi/13.3.1/../../../../arm-none-eabi/lib/thumb/v7e-m+fp/hard\libstdc++_nano.a
LOAD C:/ST/STM32CubeIDE_1.18.0/STM32CubeIDE/plugins/com.st.stm32cube.ide.mcu.externaltools.gnu-tools-for-stm32.13.3.rel1.win32_1.0.0.202411081344/tools/bin/../lib/gcc/arm-none-eabi/13.3.1/../../../../arm-none-eabi/lib/thumb/v7e-m+fp/hard\libsupc++_nano.a
END GROUP
LOAD C:/ST/STM32CubeIDE_1.18.0/STM32CubeIDE/plugins/com.st.stm32cube.ide.mcu.externaltools.gnu-tools-for-stm32.13.3.rel1.win32_1.0.0.202411081344/tools/bin/../lib/gcc/arm-none-eabi/13.3.1/../../../../arm-none-eabi/lib/thumb/v7e-m+fp/hard\libstdc++_nano.a
LOAD C:/ST/STM32CubeIDE_1.18.0/STM32CubeIDE/plugins/com.st.stm32cube.ide.mcu.externaltools.gnu-tools-for-stm32.13.3.rel1.win32_1.0.0.202411081344/tools/bin/../lib/gcc/arm-none-eabi/13.3.1/../../../../arm-none-eabi/lib/thumb/v7e-m+fp/hard\libm.a
LOAD C:/ST/STM32CubeIDE_1.18.0/STM32CubeIDE/plugins/com.st.stm32cube.ide.mcu.externaltools.gnu-tools-for-stm32.13.3.rel1.win32_1.0.0.202411081344/tools/bin/../lib/gcc/arm-none-eabi/13.3.1/../../../../arm-none-eabi/lib/thumb/v7e-m+fp/hard\libc_nano.a
START GROUP
LOAD C:/ST/STM32CubeIDE_1.18.0/STM32CubeIDE/plugins/com.st.stm32cube.ide.mcu.externaltools.gnu-tools-for-stm32.13.3.rel1.win32_1.0.0.202411081344/tools/bin/../lib/gcc/arm-none-eabi/13.3.1/thumb/v7e-m+fp/hard\libgcc.a
LOAD C:/ST/STM32CubeIDE_1.18.0/STM32CubeIDE/plugins/com.st.stm32cube.ide.mcu.externaltools.gnu-tools-for-stm32.13.3.rel1.win32_1.0.0.202411081344/tools/bin/../lib/gcc/arm-none-eabi/13.3.1/../../../../arm-none-eabi/lib/thumb/v7e-m+fp/hard\libc_nano.a
END GROUP
START GROUP
LOAD C:/ST/STM32CubeIDE_1.18.0/STM32CubeIDE/plugins/com.st.stm32cube.ide.mcu.externaltools.gnu-tools-for-stm32.13.3.rel1.win32_1.0.0.202411081344/tools/bin/../lib/gcc/arm-none-eabi/13.3.1/thumb/v7e-m+fp/hard\libgcc.a
LOAD C:/ST/STM32CubeIDE_1.18.0/STM32CubeIDE/plugins/com.st.stm32cube.ide.mcu.externaltools.gnu-tools-for-stm32.13.3.rel1.win32_1.0.0.202411081344/tools/bin/../lib/gcc/arm-none-eabi/13.3.1/../../../../arm-none-eabi/lib/thumb/v7e-m+fp/hard\libc_nano.a
LOAD C:/ST/STM32CubeIDE_1.18.0/STM32CubeIDE/plugins/com.st.stm32cube.ide.mcu.externaltools.gnu-tools-for-stm32.13.3.rel1.win32_1.0.0.202411081344/tools/bin/../lib/gcc/arm-none-eabi/13.3.1/../../../../arm-none-eabi/lib/thumb/v7e-m+fp/hard\libnosys.a
END GROUP
START GROUP
LOAD C:/ST/STM32CubeIDE_1.18.0/STM32CubeIDE/plugins/com.st.stm32cube.ide.mcu.externaltools.gnu-tools-for-stm32.13.3.rel1.win32_1.0.0.202411081344/tools/bin/../lib/gcc/arm-none-eabi/13.3.1/thumb/v7e-m+fp/hard\libgcc.a
LOAD C:/ST/STM32CubeIDE_1.18.0/STM32CubeIDE/plugins/com.st.stm32cube.ide.mcu.externaltools.gnu-tools-for-stm32.13.3.rel1.win32_1.0.0.202411081344/tools/bin/../lib/gcc/arm-none-eabi/13.3.1/../../../../arm-none-eabi/lib/thumb/v7e-m+fp/hard\libc_nano.a
LOAD C:/ST/STM32CubeIDE_1.18.0/STM32CubeIDE/plugins/com.st.stm32cube.ide.mcu.externaltools.gnu-tools-for-stm32.13.3.rel1.win32_1.0.0.202411081344/tools/bin/../lib/gcc/arm-none-eabi/13.3.1/../../../../arm-none-eabi/lib/thumb/v7e-m+fp/hard\libnosys.a
END GROUP
LOAD C:/ST/STM32CubeIDE_1.18.0/STM32CubeIDE/plugins/com.st.stm32cube.ide.mcu.externaltools.gnu-tools-for-stm32.13.3.rel1.win32_1.0.0.202411081344/tools/bin/../lib/gcc/arm-none-eabi/13.3.1/thumb/v7e-m+fp/hard/crtend.o
LOAD C:/ST/STM32CubeIDE_1.18.0/STM32CubeIDE/plugins/com.st.stm32cube.ide.mcu.externaltools.gnu-tools-for-stm32.13.3.rel1.win32_1.0.0.202411081344/tools/bin/../lib/gcc/arm-none-eabi/13.3.1/thumb/v7e-m+fp/hard/crtn.o
                0x2001c000                        _estack = (ORIGIN (RAM) + LENGTH (RAM))
                0x00000800                        _Min_Heap_Size = 0x800
                0x00000800                        _Min_Stack_Size = 0x800

.isr_vector     0x08000000      0x188
                0x08000000                        . = ALIGN (0x4)
 *(.isr_vector)
 .isr_vector    0x08000000      0x188 ./Core/Startup/startup_stm32f407vgtx.o
                0x08000000                g_pfnVectors
                0x08000188                        . = ALIGN (0x4)

.text           0x08000190     0xf600
                0x08000190                        . = ALIGN (0x4)
 *(.text)
 .text          0x08000190       0x40 C:/ST/STM32CubeIDE_1.18.0/STM32CubeIDE/plugins/com.st.stm32cube.ide.mcu.externaltools.gnu-tools-for-stm32.13.3.rel1.win32_1.0.0.202411081344/tools/bin/../lib/gcc/arm-none-eabi/13.3.1/thumb/v7e-m+fp/hard/crtbegin.o
 .text          0x080001d0       0xa0 C:/ST/STM32CubeIDE_1.18.0/STM32CubeIDE/plugins/com.st.stm32cube.ide.mcu.externaltools.gnu-tools-for-stm32.13.3.rel1.win32_1.0.0.202411081344/tools/bin/../lib/gcc/arm-none-eabi/13.3.1/../../../../arm-none-eabi/lib/thumb/v7e-m+fp/hard\libc_nano.a(libc_a-memchr.o)
                0x080001d0                memchr
 .text          0x08000270       0x10 C:/ST/STM32CubeIDE_1.18.0/STM32CubeIDE/plugins/com.st.stm32cube.ide.mcu.externaltools.gnu-tools-for-stm32.13.3.rel1.win32_1.0.0.202411081344/tools/bin/../lib/gcc/arm-none-eabi/13.3.1/../../../../arm-none-eabi/lib/thumb/v7e-m+fp/hard\libc_nano.a(libc_a-strlen.o)
                0x08000270                strlen
 .text          0x08000280      0x378 C:/ST/STM32CubeIDE_1.18.0/STM32CubeIDE/plugins/com.st.stm32cube.ide.mcu.externaltools.gnu-tools-for-stm32.13.3.rel1.win32_1.0.0.202411081344/tools/bin/../lib/gcc/arm-none-eabi/13.3.1/thumb/v7e-m+fp/hard\libgcc.a(_arm_addsubdf3.o)
                0x08000280                __aeabi_drsub
                0x08000288                __aeabi_dsub
                0x08000288                __subdf3
                0x0800028c                __aeabi_dadd
                0x0800028c                __adddf3
                0x08000504                __floatunsidf
                0x08000504                __aeabi_ui2d
                0x08000524                __floatsidf
                0x08000524                __aeabi_i2d
                0x08000548                __aeabi_f2d
                0x08000548                __extendsfdf2
                0x0800058c                __floatundidf
                0x0800058c                __aeabi_ul2d
                0x0800059c                __floatdidf
                0x0800059c                __aeabi_l2d
 .text          0x080005f8      0x424 C:/ST/STM32CubeIDE_1.18.0/STM32CubeIDE/plugins/com.st.stm32cube.ide.mcu.externaltools.gnu-tools-for-stm32.13.3.rel1.win32_1.0.0.202411081344/tools/bin/../lib/gcc/arm-none-eabi/13.3.1/thumb/v7e-m+fp/hard\libgcc.a(_arm_muldivdf3.o)
                0x080005f8                __aeabi_dmul
                0x080005f8                __muldf3
                0x0800084c                __divdf3
                0x0800084c                __aeabi_ddiv
 .text          0x08000a1c      0x110 C:/ST/STM32CubeIDE_1.18.0/STM32CubeIDE/plugins/com.st.stm32cube.ide.mcu.externaltools.gnu-tools-for-stm32.13.3.rel1.win32_1.0.0.202411081344/tools/bin/../lib/gcc/arm-none-eabi/13.3.1/thumb/v7e-m+fp/hard\libgcc.a(_arm_cmpdf2.o)
                0x08000a1c                __gtdf2
                0x08000a1c                __gedf2
                0x08000a24                __ltdf2
                0x08000a24                __ledf2
                0x08000a2c                __nedf2
                0x08000a2c                __eqdf2
                0x08000a2c                __cmpdf2
                0x08000aa8                __aeabi_cdrcmple
                0x08000ab8                __aeabi_cdcmpeq
                0x08000ab8                __aeabi_cdcmple
                0x08000ac8                __aeabi_dcmpeq
                0x08000adc                __aeabi_dcmplt
                0x08000af0                __aeabi_dcmple
                0x08000b04                __aeabi_dcmpge
                0x08000b18                __aeabi_dcmpgt
 .text          0x08000b2c       0x2c C:/ST/STM32CubeIDE_1.18.0/STM32CubeIDE/plugins/com.st.stm32cube.ide.mcu.externaltools.gnu-tools-for-stm32.13.3.rel1.win32_1.0.0.202411081344/tools/bin/../lib/gcc/arm-none-eabi/13.3.1/thumb/v7e-m+fp/hard\libgcc.a(_arm_unorddf2.o)
                0x08000b2c                __unorddf2
                0x08000b2c                __aeabi_dcmpun
 .text          0x08000b58       0x50 C:/ST/STM32CubeIDE_1.18.0/STM32CubeIDE/plugins/com.st.stm32cube.ide.mcu.externaltools.gnu-tools-for-stm32.13.3.rel1.win32_1.0.0.202411081344/tools/bin/../lib/gcc/arm-none-eabi/13.3.1/thumb/v7e-m+fp/hard\libgcc.a(_arm_fixdfsi.o)
                0x08000b58                __aeabi_d2iz
                0x08000b58                __fixdfsi
 .text          0x08000ba8       0x40 C:/ST/STM32CubeIDE_1.18.0/STM32CubeIDE/plugins/com.st.stm32cube.ide.mcu.externaltools.gnu-tools-for-stm32.13.3.rel1.win32_1.0.0.202411081344/tools/bin/../lib/gcc/arm-none-eabi/13.3.1/thumb/v7e-m+fp/hard\libgcc.a(_arm_fixunsdfsi.o)
                0x08000ba8                __aeabi_d2uiz
                0x08000ba8                __fixunsdfsi
 .text          0x08000be8       0xa0 C:/ST/STM32CubeIDE_1.18.0/STM32CubeIDE/plugins/com.st.stm32cube.ide.mcu.externaltools.gnu-tools-for-stm32.13.3.rel1.win32_1.0.0.202411081344/tools/bin/../lib/gcc/arm-none-eabi/13.3.1/thumb/v7e-m+fp/hard\libgcc.a(_arm_truncdfsf2.o)
                0x08000be8                __truncdfsf2
                0x08000be8                __aeabi_d2f
 .text          0x08000c88       0x30 C:/ST/STM32CubeIDE_1.18.0/STM32CubeIDE/plugins/com.st.stm32cube.ide.mcu.externaltools.gnu-tools-for-stm32.13.3.rel1.win32_1.0.0.202411081344/tools/bin/../lib/gcc/arm-none-eabi/13.3.1/thumb/v7e-m+fp/hard\libgcc.a(_aeabi_uldivmod.o)
                0x08000c88                __aeabi_uldivmod
 .text          0x08000cb8       0x30 C:/ST/STM32CubeIDE_1.18.0/STM32CubeIDE/plugins/com.st.stm32cube.ide.mcu.externaltools.gnu-tools-for-stm32.13.3.rel1.win32_1.0.0.202411081344/tools/bin/../lib/gcc/arm-none-eabi/13.3.1/thumb/v7e-m+fp/hard\libgcc.a(_fixdfdi.o)
                0x08000cb8                __fixdfdi
                0x08000cb8                __aeabi_d2lz
 .text          0x08000ce8       0x3c C:/ST/STM32CubeIDE_1.18.0/STM32CubeIDE/plugins/com.st.stm32cube.ide.mcu.externaltools.gnu-tools-for-stm32.13.3.rel1.win32_1.0.0.202411081344/tools/bin/../lib/gcc/arm-none-eabi/13.3.1/thumb/v7e-m+fp/hard\libgcc.a(_fixunsdfdi.o)
                0x08000ce8                __fixunsdfdi
                0x08000ce8                __aeabi_d2ulz
 .text          0x08000d24      0x2f8 C:/ST/STM32CubeIDE_1.18.0/STM32CubeIDE/plugins/com.st.stm32cube.ide.mcu.externaltools.gnu-tools-for-stm32.13.3.rel1.win32_1.0.0.202411081344/tools/bin/../lib/gcc/arm-none-eabi/13.3.1/thumb/v7e-m+fp/hard\libgcc.a(_udivmoddi4.o)
                0x08000d24                __udivmoddi4
 .text          0x0800101c        0x4 C:/ST/STM32CubeIDE_1.18.0/STM32CubeIDE/plugins/com.st.stm32cube.ide.mcu.externaltools.gnu-tools-for-stm32.13.3.rel1.win32_1.0.0.202411081344/tools/bin/../lib/gcc/arm-none-eabi/13.3.1/thumb/v7e-m+fp/hard\libgcc.a(_dvmd_tls.o)
                0x0800101c                __aeabi_idiv0
                0x0800101c                __aeabi_ldiv0
 *(.text*)
 .text._ZN17MotorComputationsC2Ef
                0x08001020       0x20 ./Core/Src/MotorComputations.o
                0x08001020                MotorComputations::MotorComputations(float)
                0x08001020                MotorComputations::MotorComputations(float)
 .text._ZNK17MotorComputations24computeTorqueFromCurrentEf
                0x08001040       0x28 ./Core/Src/MotorComputations.o
                0x08001040                MotorComputations::computeTorqueFromCurrent(float) const
 .text._ZNK17MotorComputations24computeCurrentFromTorqueEf
                0x08001068       0x2c ./Core/Src/MotorComputations.o
                0x08001068                MotorComputations::computeCurrentFromTorque(float) const
 *fill*         0x08001094        0x4 
 .text._ZNK17MotorComputations12computeOmegaEf
                0x08001098       0x64 ./Core/Src/MotorComputations.o
                0x08001098                MotorComputations::computeOmega(float) const
 .text._ZNK17MotorComputations12computePowerEff
                0x080010fc       0x34 ./Core/Src/MotorComputations.o
                0x080010fc                MotorComputations::computePower(float, float) const
 .text._ZN17MotorComputations17setTorqueConstantEf
                0x08001130       0x1e ./Core/Src/MotorComputations.o
                0x08001130                MotorComputations::setTorqueConstant(float)
 *fill*         0x0800114e        0x2 
 .text._ZN13VESCInterface9getValuesEv
                0x08001150      0x404 ./Core/Src/MotorController.o
                0x08001150                VESCInterface::getValues()
 .text._ZN13VESCInterfaceC2EP20__UART_HandleTypeDef
                0x08001554       0x28 ./Core/Src/MotorController.o
                0x08001554                VESCInterface::VESCInterface(__UART_HandleTypeDef*)
                0x08001554                VESCInterface::VESCInterface(__UART_HandleTypeDef*)
 .text._ZN13VESCInterface5crc16EPKht
                0x0800157c       0x80 ./Core/Src/MotorController.o
                0x0800157c                VESCInterface::crc16(unsigned char const*, unsigned short)
 .text._ZN13VESCInterface10setCurrentEf
                0x080015fc       0x90 ./Core/Src/MotorController.o
                0x080015fc                VESCInterface::setCurrent(float)
 .text._ZN13VESCInterface6setRPMEl
                0x0800168c       0x74 ./Core/Src/MotorController.o
                0x0800168c                VESCInterface::setRPM(long)
 .text._ZN13VESCInterface6getRPMEv
                0x08001700       0x38 ./Core/Src/MotorController.o
                0x08001700                VESCInterface::getRPM()
 .text._ZN13VESCInterface10getCurrentEv
                0x08001738       0x38 ./Core/Src/MotorController.o
                0x08001738                VESCInterface::getCurrent()
 .text._ZN13VESCInterface12getDutyCycleEv
                0x08001770       0x38 ./Core/Src/MotorController.o
                0x08001770                VESCInterface::getDutyCycle()
 .text._ZN13VESCInterface10getVoltageEv
                0x080017a8       0x20 ./Core/Src/MotorController.o
                0x080017a8                VESCInterface::getVoltage()
 .text._ZSt4fabsf
                0x080017c8       0x20 ./Core/Src/MotorController.o
                0x080017c8                std::fabs(float)
 .text._ZN15MotorControllerC2EP20__UART_HandleTypeDefS1_f
                0x080017e8       0xa0 ./Core/Src/MotorController.o
                0x080017e8                MotorController::MotorController(__UART_HandleTypeDef*, __UART_HandleTypeDef*, float)
                0x080017e8                MotorController::MotorController(__UART_HandleTypeDef*, __UART_HandleTypeDef*, float)
 .text._ZN15MotorController17setTorqueConstantEf
                0x08001888       0x28 ./Core/Src/MotorController.o
                0x08001888                MotorController::setTorqueConstant(float)
 .text._ZN15MotorController23calibrateTorqueConstantEv
                0x080018b0       0x9c ./Core/Src/MotorController.o
                0x080018b0                MotorController::calibrateTorqueConstant()
 .text._ZN15MotorController13setLinearGainEf
                0x0800194c       0x1e ./Core/Src/MotorController.o
                0x0800194c                MotorController::setLinearGain(float)
 .text._ZN15MotorController7getGainEv
                0x0800196a       0x1e ./Core/Src/MotorController.o
                0x0800196a                MotorController::getGain()
 .text._ZN15MotorController11setrampRateEf
                0x08001988       0x1e ./Core/Src/MotorController.o
                0x08001988                MotorController::setrampRate(float)
 .text._ZN15MotorController12setDirectionE13DirectionMode
                0x080019a6       0x1c ./Core/Src/MotorController.o
                0x080019a6                MotorController::setDirection(DirectionMode)
 .text._ZNK15MotorController12getDirectionEv
                0x080019c2       0x18 ./Core/Src/MotorController.o
                0x080019c2                MotorController::getDirection() const
 .text._ZN15MotorController14setControlModeE11ControlMode
                0x080019da       0x1c ./Core/Src/MotorController.o
                0x080019da                MotorController::setControlMode(ControlMode)
 .text._ZN15MotorController14getControlModeEv
                0x080019f6       0x18 ./Core/Src/MotorController.o
                0x080019f6                MotorController::getControlMode()
 *fill*         0x08001a0e        0x2 
 .text._ZN15MotorController14setInstructionEf
                0x08001a10       0x74 ./Core/Src/MotorController.o
                0x08001a10                MotorController::setInstruction(float)
 .text._ZN15MotorController10setCadenceEf
                0x08001a84       0x38 ./Core/Src/MotorController.o
                0x08001a84                MotorController::setCadence(float)
 .text._ZN15MotorController10getCadenceEv
                0x08001abc       0x26 ./Core/Src/MotorController.o
                0x08001abc                MotorController::getCadence()
 .text._ZN15MotorController9setTorqueEf
                0x08001ae2       0x42 ./Core/Src/MotorController.o
                0x08001ae2                MotorController::setTorque(float)
 .text._ZN15MotorController9getTorqueEv
                0x08001b24       0x46 ./Core/Src/MotorController.o
                0x08001b24                MotorController::getTorque()
 *fill*         0x08001b6a        0x2 
 .text._ZN15MotorController18setPowerConcentricEf
                0x08001b6c       0xac ./Core/Src/MotorController.o
                0x08001b6c                MotorController::setPowerConcentric(float)
 .text._ZN15MotorController17setPowerEccentricEf
                0x08001c18       0xb0 ./Core/Src/MotorController.o
                0x08001c18                MotorController::setPowerEccentric(float)
 .text._ZN15MotorController8getPowerEv
                0x08001cc8       0x54 ./Core/Src/MotorController.o
                0x08001cc8                MotorController::getPower()
 .text._ZN15MotorController9setLinearEff
                0x08001d1c       0x64 ./Core/Src/MotorController.o
                0x08001d1c                MotorController::setLinear(float, float)
 .text._ZN15MotorController6updateEf
                0x08001d80       0x30 ./Core/Src/MotorController.o
                0x08001d80                MotorController::update(float)
 .text._ZN15MotorController4stopEv
                0x08001db0       0xf4 ./Core/Src/MotorController.o
                0x08001db0                MotorController::stop()
 .text._ZNK15MotorController10getVoltageEv
                0x08001ea4      0x14c ./Core/Src/MotorController.o
                0x08001ea4                MotorController::getVoltage() const
 .text._ZN15MotorController14applyDirectionEf
                0x08001ff0       0x30 ./Core/Src/MotorController.o
                0x08001ff0                MotorController::applyDirection(float)
 .text._ZN15MotorController12getDutyCycleEv
                0x08002020       0x26 ./Core/Src/MotorController.o
                0x08002020                MotorController::getDutyCycle()
 *fill*         0x08002046        0x2 
 .text._ZN15MotorController12updateScreenEv
                0x08002048       0xec ./Core/Src/MotorController.o
                0x08002048                MotorController::updateScreen()
 .text._ZN15MotorController16updateFromScreenEv
                0x08002134      0x1a8 ./Core/Src/MotorController.o
                0x08002134                MotorController::updateFromScreen()
 .text._ZN13ScreenDisplayC2EP20__UART_HandleTypeDef
                0x080022dc       0x2a ./Core/Src/ScreenDisplay.o
                0x080022dc                ScreenDisplay::ScreenDisplay(__UART_HandleTypeDef*)
                0x080022dc                ScreenDisplay::ScreenDisplay(__UART_HandleTypeDef*)
 *fill*         0x08002306        0x2 
 .text._ZN13ScreenDisplay11sendCommandEPKc
                0x08002308       0x54 ./Core/Src/ScreenDisplay.o
                0x08002308                ScreenDisplay::sendCommand(char const*)
 .text._ZN13ScreenDisplay8sendTextEPKcS1_
                0x0800235c       0x38 ./Core/Src/ScreenDisplay.o
                0x0800235c                ScreenDisplay::sendText(char const*, char const*)
 .text._ZN13ScreenDisplay9sendValueEPKcfS1_
                0x08002394       0x58 ./Core/Src/ScreenDisplay.o
                0x08002394                ScreenDisplay::sendValue(char const*, float, char const*)
 .text._ZN13ScreenDisplay11showCadenceEf
                0x080023ec       0x2c ./Core/Src/ScreenDisplay.o
                0x080023ec                ScreenDisplay::showCadence(float)
 .text._ZN13ScreenDisplay10showTorqueEf
                0x08002418       0x2c ./Core/Src/ScreenDisplay.o
                0x08002418                ScreenDisplay::showTorque(float)
 .text._ZN13ScreenDisplay9showPowerEf
                0x08002444       0x2c ./Core/Src/ScreenDisplay.o
                0x08002444                ScreenDisplay::showPower(float)
 .text._ZN13ScreenDisplay7showAllEfff
                0x08002470       0x88 ./Core/Src/ScreenDisplay.o
                0x08002470                ScreenDisplay::showAll(float, float, float)
 .text._ZN13ScreenDisplay8showModeE11ControlMode
                0x080024f8       0x7c ./Core/Src/ScreenDisplay.o
                0x080024f8                ScreenDisplay::showMode(ControlMode)
 .text._ZN13ScreenDisplay8showGainEf
                0x08002574       0x2c ./Core/Src/ScreenDisplay.o
                0x08002574                ScreenDisplay::showGain(float)
 .text._ZN13ScreenDisplay9readInt32Ev
                0x080025a0       0x5c ./Core/Src/ScreenDisplay.o
                0x080025a0                ScreenDisplay::readInt32()
 .text._ZN13ScreenDisplay8readByteEv
                0x080025fc       0x38 ./Core/Src/ScreenDisplay.o
                0x080025fc                ScreenDisplay::readByte()
 .text._ZN13ScreenDisplay14getUserCadenceEv
                0x08002634      0x114 ./Core/Src/ScreenDisplay.o
                0x08002634                ScreenDisplay::getUserCadence()
 .text._ZN13ScreenDisplay12getUserPowerEv
                0x08002748       0xd0 ./Core/Src/ScreenDisplay.o
                0x08002748                ScreenDisplay::getUserPower()
 .text._ZN13ScreenDisplay13getUserTorqueEv
                0x08002818       0xd0 ./Core/Src/ScreenDisplay.o
                0x08002818                ScreenDisplay::getUserTorque()
 .text._ZN13ScreenDisplay7getModeEv
                0x080028e8       0x5c ./Core/Src/ScreenDisplay.o
                0x080028e8                ScreenDisplay::getMode()
 .text._ZN13ScreenDisplay17getUserLinearGainEv
                0x08002944       0xe4 ./Core/Src/ScreenDisplay.o
                0x08002944                ScreenDisplay::getUserLinearGain()
 .text._ZN13ScreenDisplay13showDutyCycleEf
                0x08002a28       0x40 ./Core/Src/ScreenDisplay.o
                0x08002a28                ScreenDisplay::showDutyCycle(float)
 .text._ZN13ScreenDisplay13showDirectionE13DirectionMode
                0x08002a68       0x34 ./Core/Src/ScreenDisplay.o
                0x08002a68                ScreenDisplay::showDirection(DirectionMode)
 .text._ZN13ScreenDisplay7getStopEv
                0x08002a9c      0x13c ./Core/Src/ScreenDisplay.o
                0x08002a9c                ScreenDisplay::getStop()
 .text._ZN13ScreenDisplay12getDirectionEv
                0x08002bd8       0x30 ./Core/Src/ScreenDisplay.o
                0x08002bd8                ScreenDisplay::getDirection()
 .text._ZN13ScreenDisplay11getRampRateEv
                0x08002c08       0x30 ./Core/Src/ScreenDisplay.o
                0x08002c08                ScreenDisplay::getRampRate()
 .text._ZN13ScreenDisplay19getCalibrateRequestEv
                0x08002c38       0x30 ./Core/Src/ScreenDisplay.o
                0x08002c38                ScreenDisplay::getCalibrateRequest()
 .text.StartTaskUpdateS
                0x08002c68       0x1c ./Core/Src/freertos.o
                0x08002c68                StartTaskUpdateS
 .text.StartTaskUpdatefromS
                0x08002c84       0x1c ./Core/Src/freertos.o
                0x08002c84                StartTaskUpdatefromS
 .text.StartTaskLinearControl
                0x08002ca0       0x40 ./Core/Src/freertos.o
                0x08002ca0                StartTaskLinearControl
 .text._Z16MX_FREERTOS_Initv
                0x08002ce0       0x5c ./Core/Src/freertos.o
                0x08002ce0                MX_FREERTOS_Init()
 .text.main     0x08002d3c       0x30 ./Core/Src/main.o
                0x08002d3c                main
 .text._Z18SystemClock_Configv
                0x08002d6c       0xe8 ./Core/Src/main.o
                0x08002d6c                SystemClock_Config()
 .text._ZL12MX_I2C1_Initv
                0x08002e54       0x68 ./Core/Src/main.o
 .text._ZL12MX_SPI1_Initv
                0x08002ebc       0x78 ./Core/Src/main.o
 .text._ZL19MX_USART2_UART_Initv
                0x08002f34       0x5c ./Core/Src/main.o
 .text._ZL19MX_USART3_UART_Initv
                0x08002f90       0x5c ./Core/Src/main.o
 .text._ZL12MX_GPIO_Initv
                0x08002fec      0x23c ./Core/Src/main.o
 .text.HAL_TIM_PeriodElapsedCallback
                0x08003228       0x24 ./Core/Src/main.o
                0x08003228                HAL_TIM_PeriodElapsedCallback
 .text.Error_Handler
                0x0800324c        0xc ./Core/Src/main.o
                0x0800324c                Error_Handler
 .text._write   0x08003258       0x2c ./Core/Src/main.o
                0x08003258                _write
 .text._close   0x08003284       0x18 ./Core/Src/main.o
                0x08003284                _close
 .text._fstat   0x0800329c       0x18 ./Core/Src/main.o
                0x0800329c                _fstat
 .text._isatty  0x080032b4       0x16 ./Core/Src/main.o
                0x080032b4                _isatty
 .text._lseek   0x080032ca       0x1a ./Core/Src/main.o
                0x080032ca                _lseek
 .text._read    0x080032e4       0x1a ./Core/Src/main.o
                0x080032e4                _read
 .text._kill    0x080032fe       0x1a ./Core/Src/main.o
                0x080032fe                _kill
 .text._getpid  0x08003318       0x10 ./Core/Src/main.o
                0x08003318                _getpid
 .text._Z41__static_initialization_and_destruction_0v
                0x08003328       0x28 ./Core/Src/main.o
 .text._GLOBAL__sub_I_hi2c1
                0x08003350        0xa ./Core/Src/main.o
 *fill*         0x0800335a        0x2 
 .text.HAL_MspInit
                0x0800335c       0x58 ./Core/Src/stm32f4xx_hal_msp.o
                0x0800335c                HAL_MspInit
 .text.HAL_I2C_MspInit
                0x080033b4       0x90 ./Core/Src/stm32f4xx_hal_msp.o
                0x080033b4                HAL_I2C_MspInit
 .text.HAL_SPI_MspInit
                0x08003444       0x90 ./Core/Src/stm32f4xx_hal_msp.o
                0x08003444                HAL_SPI_MspInit
 .text.HAL_UART_MspInit
                0x080034d4      0x150 ./Core/Src/stm32f4xx_hal_msp.o
                0x080034d4                HAL_UART_MspInit
 .text.HAL_InitTick
                0x08003624       0xf8 ./Core/Src/stm32f4xx_hal_timebase_tim.o
                0x08003624                HAL_InitTick
 .text.NMI_Handler
                0x0800371c        0x8 ./Core/Src/stm32f4xx_it.o
                0x0800371c                NMI_Handler
 .text.HardFault_Handler
                0x08003724        0x8 ./Core/Src/stm32f4xx_it.o
                0x08003724                HardFault_Handler
 .text.MemManage_Handler
                0x0800372c        0x8 ./Core/Src/stm32f4xx_it.o
                0x0800372c                MemManage_Handler
 .text.BusFault_Handler
                0x08003734        0x8 ./Core/Src/stm32f4xx_it.o
                0x08003734                BusFault_Handler
 .text.UsageFault_Handler
                0x0800373c        0x8 ./Core/Src/stm32f4xx_it.o
                0x0800373c                UsageFault_Handler
 .text.DebugMon_Handler
                0x08003744        0xe ./Core/Src/stm32f4xx_it.o
                0x08003744                DebugMon_Handler
 *fill*         0x08003752        0x2 
 .text.USART3_IRQHandler
                0x08003754       0x14 ./Core/Src/stm32f4xx_it.o
                0x08003754                USART3_IRQHandler
 .text.TIM6_DAC_IRQHandler
                0x08003768       0x14 ./Core/Src/stm32f4xx_it.o
                0x08003768                TIM6_DAC_IRQHandler
 .text.OTG_FS_IRQHandler
                0x0800377c       0x14 ./Core/Src/stm32f4xx_it.o
                0x0800377c                OTG_FS_IRQHandler
 .text._sbrk    0x08003790       0x6c ./Core/Src/sysmem.o
                0x08003790                _sbrk
 .text.SystemInit
                0x080037fc       0x24 ./Core/Src/system_stm32f4xx.o
                0x080037fc                SystemInit
 .text.Reset_Handler
                0x08003820       0x50 ./Core/Startup/startup_stm32f407vgtx.o
                0x08003820                Reset_Handler
 .text.Default_Handler
                0x08003870        0x2 ./Core/Startup/startup_stm32f407vgtx.o
                0x08003870                RTC_Alarm_IRQHandler
                0x08003870                HASH_RNG_IRQHandler
                0x08003870                EXTI2_IRQHandler
                0x08003870                TIM8_CC_IRQHandler
                0x08003870                TIM1_CC_IRQHandler
                0x08003870                DMA2_Stream5_IRQHandler
                0x08003870                DMA1_Stream5_IRQHandler
                0x08003870                PVD_IRQHandler
                0x08003870                SDIO_IRQHandler
                0x08003870                TAMP_STAMP_IRQHandler
                0x08003870                CAN2_RX1_IRQHandler
                0x08003870                EXTI3_IRQHandler
                0x08003870                TIM8_TRG_COM_TIM14_IRQHandler
                0x08003870                TIM1_UP_TIM10_IRQHandler
                0x08003870                TIM8_UP_TIM13_IRQHandler
                0x08003870                I2C3_ER_IRQHandler
                0x08003870                EXTI0_IRQHandler
                0x08003870                I2C2_EV_IRQHandler
                0x08003870                DMA1_Stream2_IRQHandler
                0x08003870                CAN1_RX0_IRQHandler
                0x08003870                FPU_IRQHandler
                0x08003870                OTG_HS_WKUP_IRQHandler
                0x08003870                CAN2_SCE_IRQHandler
                0x08003870                DMA2_Stream2_IRQHandler
                0x08003870                SPI1_IRQHandler
                0x08003870                TIM1_BRK_TIM9_IRQHandler
                0x08003870                DCMI_IRQHandler
                0x08003870                CAN2_RX0_IRQHandler
                0x08003870                DMA2_Stream3_IRQHandler
                0x08003870                USART6_IRQHandler
                0x08003870                CAN1_RX1_IRQHandler
                0x08003870                UART5_IRQHandler
                0x08003870                DMA2_Stream0_IRQHandler
                0x08003870                TIM4_IRQHandler
                0x08003870                I2C1_EV_IRQHandler
                0x08003870                DMA1_Stream6_IRQHandler
                0x08003870                DMA1_Stream1_IRQHandler
                0x08003870                UART4_IRQHandler
                0x08003870                TIM3_IRQHandler
                0x08003870                RCC_IRQHandler
                0x08003870                TIM8_BRK_TIM12_IRQHandler
                0x08003870                Default_Handler
                0x08003870                EXTI15_10_IRQHandler
                0x08003870                ADC_IRQHandler
                0x08003870                DMA1_Stream7_IRQHandler
                0x08003870                TIM7_IRQHandler
                0x08003870                CAN2_TX_IRQHandler
                0x08003870                TIM5_IRQHandler
                0x08003870                DMA2_Stream7_IRQHandler
                0x08003870                I2C3_EV_IRQHandler
                0x08003870                EXTI9_5_IRQHandler
                0x08003870                RTC_WKUP_IRQHandler
                0x08003870                ETH_WKUP_IRQHandler
                0x08003870                SPI2_IRQHandler
                0x08003870                OTG_HS_EP1_IN_IRQHandler
                0x08003870                DMA1_Stream0_IRQHandler
                0x08003870                CAN1_TX_IRQHandler
                0x08003870                EXTI4_IRQHandler
                0x08003870                FSMC_IRQHandler
                0x08003870                ETH_IRQHandler
                0x08003870                OTG_HS_EP1_OUT_IRQHandler
                0x08003870                WWDG_IRQHandler
                0x08003870                TIM2_IRQHandler
                0x08003870                OTG_FS_WKUP_IRQHandler
                0x08003870                TIM1_TRG_COM_TIM11_IRQHandler
                0x08003870                OTG_HS_IRQHandler
                0x08003870                EXTI1_IRQHandler
                0x08003870                USART2_IRQHandler
                0x08003870                I2C2_ER_IRQHandler
                0x08003870                DMA2_Stream1_IRQHandler
                0x08003870                CAN1_SCE_IRQHandler
                0x08003870                FLASH_IRQHandler
                0x08003870                DMA2_Stream4_IRQHandler
                0x08003870                USART1_IRQHandler
                0x08003870                SPI3_IRQHandler
                0x08003870                DMA1_Stream4_IRQHandler
                0x08003870                I2C1_ER_IRQHandler
                0x08003870                DMA2_Stream6_IRQHandler
                0x08003870                DMA1_Stream3_IRQHandler
 *fill*         0x08003872        0x2 
 .text.HAL_Init
                0x08003874       0x44 ./Drivers/STM32F4xx_HAL_Driver/Src/stm32f4xx_hal.o
                0x08003874                HAL_Init
 .text.HAL_IncTick
                0x080038b8       0x28 ./Drivers/STM32F4xx_HAL_Driver/Src/stm32f4xx_hal.o
                0x080038b8                HAL_IncTick
 .text.HAL_GetTick
                0x080038e0       0x18 ./Drivers/STM32F4xx_HAL_Driver/Src/stm32f4xx_hal.o
                0x080038e0                HAL_GetTick
 .text.HAL_Delay
                0x080038f8       0x48 ./Drivers/STM32F4xx_HAL_Driver/Src/stm32f4xx_hal.o
                0x080038f8                HAL_Delay
 .text.__NVIC_SetPriorityGrouping
                0x08003940       0x48 ./Drivers/STM32F4xx_HAL_Driver/Src/stm32f4xx_hal_cortex.o
 .text.__NVIC_GetPriorityGrouping
                0x08003988       0x1c ./Drivers/STM32F4xx_HAL_Driver/Src/stm32f4xx_hal_cortex.o
 .text.__NVIC_EnableIRQ
                0x080039a4       0x3c ./Drivers/STM32F4xx_HAL_Driver/Src/stm32f4xx_hal_cortex.o
 .text.__NVIC_SetPriority
                0x080039e0       0x54 ./Drivers/STM32F4xx_HAL_Driver/Src/stm32f4xx_hal_cortex.o
 .text.NVIC_EncodePriority
                0x08003a34       0x66 ./Drivers/STM32F4xx_HAL_Driver/Src/stm32f4xx_hal_cortex.o
 .text.HAL_NVIC_SetPriorityGrouping
                0x08003a9a       0x16 ./Drivers/STM32F4xx_HAL_Driver/Src/stm32f4xx_hal_cortex.o
                0x08003a9a                HAL_NVIC_SetPriorityGrouping
 .text.HAL_NVIC_SetPriority
                0x08003ab0       0x38 ./Drivers/STM32F4xx_HAL_Driver/Src/stm32f4xx_hal_cortex.o
                0x08003ab0                HAL_NVIC_SetPriority
 .text.HAL_NVIC_EnableIRQ
                0x08003ae8       0x1c ./Drivers/STM32F4xx_HAL_Driver/Src/stm32f4xx_hal_cortex.o
                0x08003ae8                HAL_NVIC_EnableIRQ
 .text.HAL_DMA_Abort
                0x08003b04       0xe0 ./Drivers/STM32F4xx_HAL_Driver/Src/stm32f4xx_hal_dma.o
                0x08003b04                HAL_DMA_Abort
 .text.HAL_DMA_Abort_IT
                0x08003be4       0x44 ./Drivers/STM32F4xx_HAL_Driver/Src/stm32f4xx_hal_dma.o
                0x08003be4                HAL_DMA_Abort_IT
 .text.HAL_GPIO_Init
                0x08003c28      0x338 ./Drivers/STM32F4xx_HAL_Driver/Src/stm32f4xx_hal_gpio.o
                0x08003c28                HAL_GPIO_Init
 .text.HAL_GPIO_WritePin
                0x08003f60       0x32 ./Drivers/STM32F4xx_HAL_Driver/Src/stm32f4xx_hal_gpio.o
                0x08003f60                HAL_GPIO_WritePin
 .text.HAL_HCD_IRQHandler
                0x08003f92      0x220 ./Drivers/STM32F4xx_HAL_Driver/Src/stm32f4xx_hal_hcd.o
                0x08003f92                HAL_HCD_IRQHandler
 .text.HAL_HCD_Stop
                0x080041b2       0x3a ./Drivers/STM32F4xx_HAL_Driver/Src/stm32f4xx_hal_hcd.o
                0x080041b2                HAL_HCD_Stop
 .text.HCD_HC_IN_IRQHandler
                0x080041ec      0xcd2 ./Drivers/STM32F4xx_HAL_Driver/Src/stm32f4xx_hal_hcd.o
 .text.HCD_HC_OUT_IRQHandler
                0x08004ebe      0x97e ./Drivers/STM32F4xx_HAL_Driver/Src/stm32f4xx_hal_hcd.o
 .text.HCD_RXQLVL_IRQHandler
                0x0800583c      0x1be ./Drivers/STM32F4xx_HAL_Driver/Src/stm32f4xx_hal_hcd.o
 .text.HCD_Port_IRQHandler
                0x080059fa       0xe6 ./Drivers/STM32F4xx_HAL_Driver/Src/stm32f4xx_hal_hcd.o
 .text.HAL_I2C_Init
                0x08005ae0      0x288 ./Drivers/STM32F4xx_HAL_Driver/Src/stm32f4xx_hal_i2c.o
                0x08005ae0                HAL_I2C_Init
 .text.HAL_RCC_OscConfig
                0x08005d68      0x4f0 ./Drivers/STM32F4xx_HAL_Driver/Src/stm32f4xx_hal_rcc.o
                0x08005d68                HAL_RCC_OscConfig
 .text.HAL_RCC_ClockConfig
                0x08006258      0x1cc ./Drivers/STM32F4xx_HAL_Driver/Src/stm32f4xx_hal_rcc.o
                0x08006258                HAL_RCC_ClockConfig
 .text.HAL_RCC_GetSysClockFreq
                0x08006424      0x20c ./Drivers/STM32F4xx_HAL_Driver/Src/stm32f4xx_hal_rcc.o
                0x08006424                HAL_RCC_GetSysClockFreq
 .text.HAL_RCC_GetHCLKFreq
                0x08006630       0x18 ./Drivers/STM32F4xx_HAL_Driver/Src/stm32f4xx_hal_rcc.o
                0x08006630                HAL_RCC_GetHCLKFreq
 .text.HAL_RCC_GetPCLK1Freq
                0x08006648       0x28 ./Drivers/STM32F4xx_HAL_Driver/Src/stm32f4xx_hal_rcc.o
                0x08006648                HAL_RCC_GetPCLK1Freq
 .text.HAL_RCC_GetPCLK2Freq
                0x08006670       0x28 ./Drivers/STM32F4xx_HAL_Driver/Src/stm32f4xx_hal_rcc.o
                0x08006670                HAL_RCC_GetPCLK2Freq
 .text.HAL_RCC_GetClockConfig
                0x08006698       0x64 ./Drivers/STM32F4xx_HAL_Driver/Src/stm32f4xx_hal_rcc.o
                0x08006698                HAL_RCC_GetClockConfig
 .text.HAL_SPI_Init
                0x080066fc      0x112 ./Drivers/STM32F4xx_HAL_Driver/Src/stm32f4xx_hal_spi.o
                0x080066fc                HAL_SPI_Init
 .text.HAL_TIM_Base_Init
                0x0800680e       0x9e ./Drivers/STM32F4xx_HAL_Driver/Src/stm32f4xx_hal_tim.o
                0x0800680e                HAL_TIM_Base_Init
 .text.HAL_TIM_Base_MspInit
                0x080068ac       0x14 ./Drivers/STM32F4xx_HAL_Driver/Src/stm32f4xx_hal_tim.o
                0x080068ac                HAL_TIM_Base_MspInit
 .text.HAL_TIM_Base_Start_IT
                0x080068c0       0xe0 ./Drivers/STM32F4xx_HAL_Driver/Src/stm32f4xx_hal_tim.o
                0x080068c0                HAL_TIM_Base_Start_IT
 .text.HAL_TIM_IRQHandler
                0x080069a0      0x1e0 ./Drivers/STM32F4xx_HAL_Driver/Src/stm32f4xx_hal_tim.o
                0x080069a0                HAL_TIM_IRQHandler
 .text.HAL_TIM_OC_DelayElapsedCallback
                0x08006b80       0x14 ./Drivers/STM32F4xx_HAL_Driver/Src/stm32f4xx_hal_tim.o
                0x08006b80                HAL_TIM_OC_DelayElapsedCallback
 .text.HAL_TIM_IC_CaptureCallback
                0x08006b94       0x14 ./Drivers/STM32F4xx_HAL_Driver/Src/stm32f4xx_hal_tim.o
                0x08006b94                HAL_TIM_IC_CaptureCallback
 .text.HAL_TIM_PWM_PulseFinishedCallback
                0x08006ba8       0x14 ./Drivers/STM32F4xx_HAL_Driver/Src/stm32f4xx_hal_tim.o
                0x08006ba8                HAL_TIM_PWM_PulseFinishedCallback
 .text.HAL_TIM_TriggerCallback
                0x08006bbc       0x14 ./Drivers/STM32F4xx_HAL_Driver/Src/stm32f4xx_hal_tim.o
                0x08006bbc                HAL_TIM_TriggerCallback
 .text.TIM_Base_SetConfig
                0x08006bd0      0x158 ./Drivers/STM32F4xx_HAL_Driver/Src/stm32f4xx_hal_tim.o
                0x08006bd0                TIM_Base_SetConfig
 .text.HAL_TIMEx_CommutCallback
                0x08006d28       0x14 ./Drivers/STM32F4xx_HAL_Driver/Src/stm32f4xx_hal_tim_ex.o
                0x08006d28                HAL_TIMEx_CommutCallback
 .text.HAL_TIMEx_BreakCallback
                0x08006d3c       0x14 ./Drivers/STM32F4xx_HAL_Driver/Src/stm32f4xx_hal_tim_ex.o
                0x08006d3c                HAL_TIMEx_BreakCallback
 .text.HAL_UART_Init
                0x08006d50       0xa0 ./Drivers/STM32F4xx_HAL_Driver/Src/stm32f4xx_hal_uart.o
                0x08006d50                HAL_UART_Init
 .text.HAL_UART_Transmit
                0x08006df0      0x116 ./Drivers/STM32F4xx_HAL_Driver/Src/stm32f4xx_hal_uart.o
                0x08006df0                HAL_UART_Transmit
 .text.HAL_UART_Receive
                0x08006f06      0x12e ./Drivers/STM32F4xx_HAL_Driver/Src/stm32f4xx_hal_uart.o
                0x08006f06                HAL_UART_Receive
 .text.HAL_UART_IRQHandler
                0x08007034      0x524 ./Drivers/STM32F4xx_HAL_Driver/Src/stm32f4xx_hal_uart.o
                0x08007034                HAL_UART_IRQHandler
 .text.HAL_UART_TxCpltCallback
                0x08007558       0x14 ./Drivers/STM32F4xx_HAL_Driver/Src/stm32f4xx_hal_uart.o
                0x08007558                HAL_UART_TxCpltCallback
 .text.HAL_UART_RxCpltCallback
                0x0800756c       0x14 ./Drivers/STM32F4xx_HAL_Driver/Src/stm32f4xx_hal_uart.o
                0x0800756c                HAL_UART_RxCpltCallback
 .text.HAL_UART_ErrorCallback
                0x08007580       0x14 ./Drivers/STM32F4xx_HAL_Driver/Src/stm32f4xx_hal_uart.o
                0x08007580                HAL_UART_ErrorCallback
 .text.HAL_UARTEx_RxEventCallback
                0x08007594       0x18 ./Drivers/STM32F4xx_HAL_Driver/Src/stm32f4xx_hal_uart.o
                0x08007594                HAL_UARTEx_RxEventCallback
 .text.UART_WaitOnFlagUntilTimeout
                0x080075ac       0xb2 ./Drivers/STM32F4xx_HAL_Driver/Src/stm32f4xx_hal_uart.o
 .text.UART_EndRxTransfer
                0x0800765e       0xc6 ./Drivers/STM32F4xx_HAL_Driver/Src/stm32f4xx_hal_uart.o
 .text.UART_DMAAbortOnError
                0x08007724       0x28 ./Drivers/STM32F4xx_HAL_Driver/Src/stm32f4xx_hal_uart.o
 .text.UART_Transmit_IT
                0x0800774c       0xa0 ./Drivers/STM32F4xx_HAL_Driver/Src/stm32f4xx_hal_uart.o
 .text.UART_EndTransmit_IT
                0x080077ec       0x30 ./Drivers/STM32F4xx_HAL_Driver/Src/stm32f4xx_hal_uart.o
 .text.UART_Receive_IT
                0x0800781c      0x17c ./Drivers/STM32F4xx_HAL_Driver/Src/stm32f4xx_hal_uart.o
 .text.UART_SetConfig
                0x08007998      0x4e8 ./Drivers/STM32F4xx_HAL_Driver/Src/stm32f4xx_hal_uart.o
 .text.USB_EnableGlobalInt
                0x08007e80       0x22 ./Drivers/STM32F4xx_HAL_Driver/Src/stm32f4xx_ll_usb.o
                0x08007e80                USB_EnableGlobalInt
 .text.USB_DisableGlobalInt
                0x08007ea2       0x22 ./Drivers/STM32F4xx_HAL_Driver/Src/stm32f4xx_ll_usb.o
                0x08007ea2                USB_DisableGlobalInt
 .text.USB_FlushTxFifo
                0x08007ec4       0x64 ./Drivers/STM32F4xx_HAL_Driver/Src/stm32f4xx_ll_usb.o
                0x08007ec4                USB_FlushTxFifo
 .text.USB_FlushRxFifo
                0x08007f28       0x5c ./Drivers/STM32F4xx_HAL_Driver/Src/stm32f4xx_ll_usb.o
                0x08007f28                USB_FlushRxFifo
 .text.USB_ReadPacket
                0x08007f84       0xb0 ./Drivers/STM32F4xx_HAL_Driver/Src/stm32f4xx_ll_usb.o
                0x08007f84                USB_ReadPacket
 .text.USB_ReadInterrupts
                0x08008034       0x26 ./Drivers/STM32F4xx_HAL_Driver/Src/stm32f4xx_ll_usb.o
                0x08008034                USB_ReadInterrupts
 .text.USB_ReadChInterrupts
                0x0800805a       0x42 ./Drivers/STM32F4xx_HAL_Driver/Src/stm32f4xx_ll_usb.o
                0x0800805a                USB_ReadChInterrupts
 .text.USB_GetMode
                0x0800809c       0x1c ./Drivers/STM32F4xx_HAL_Driver/Src/stm32f4xx_ll_usb.o
                0x0800809c                USB_GetMode
 .text.USB_InitFSLSPClkSel
                0x080080b8       0x7a ./Drivers/STM32F4xx_HAL_Driver/Src/stm32f4xx_ll_usb.o
                0x080080b8                USB_InitFSLSPClkSel
 .text.USB_HC_ReadInterrupt
                0x08008132       0x22 ./Drivers/STM32F4xx_HAL_Driver/Src/stm32f4xx_ll_usb.o
                0x08008132                USB_HC_ReadInterrupt
 .text.USB_HC_Halt
                0x08008154      0x240 ./Drivers/STM32F4xx_HAL_Driver/Src/stm32f4xx_ll_usb.o
                0x08008154                USB_HC_Halt
 .text.USB_StopHost
                0x08008394      0x124 ./Drivers/STM32F4xx_HAL_Driver/Src/stm32f4xx_ll_usb.o
                0x08008394                USB_StopHost
 .text.USBH_LL_IncTimer
                0x080084b8       0x24 ./Middlewares/ST/STM32_USB_Host_Library/Core/Src/usbh_core.o
                0x080084b8                USBH_LL_IncTimer
 .text.USBH_HandleSof
                0x080084dc       0x30 ./Middlewares/ST/STM32_USB_Host_Library/Core/Src/usbh_core.o
 .text.USBH_LL_PortEnabled
                0x0800850c       0x34 ./Middlewares/ST/STM32_USB_Host_Library/Core/Src/usbh_core.o
                0x0800850c                USBH_LL_PortEnabled
 .text.USBH_LL_PortDisabled
                0x08008540       0x1c ./Middlewares/ST/STM32_USB_Host_Library/Core/Src/usbh_core.o
                0x08008540                USBH_LL_PortDisabled
 .text.USBH_LL_Connect
                0x0800855c       0x46 ./Middlewares/ST/STM32_USB_Host_Library/Core/Src/usbh_core.o
                0x0800855c                USBH_LL_Connect
 .text.USBH_LL_Disconnect
                0x080085a2       0x64 ./Middlewares/ST/STM32_USB_Host_Library/Core/Src/usbh_core.o
                0x080085a2                USBH_LL_Disconnect
 .text.USBH_LL_NotifyURBChange
                0x08008606       0x2e ./Middlewares/ST/STM32_USB_Host_Library/Core/Src/usbh_core.o
                0x08008606                USBH_LL_NotifyURBChange
 .text.USBH_FreePipe
                0x08008634       0x3c ./Middlewares/ST/STM32_USB_Host_Library/Core/Src/usbh_pipes.o
                0x08008634                USBH_FreePipe
 .text.__NVIC_SetPriority
                0x08008670       0x54 ./Middlewares/Third_Party/FreeRTOS/Source/CMSIS_RTOS_V2/cmsis_os2.o
 .text.SysTick_Handler
                0x080086c4       0x20 ./Middlewares/Third_Party/FreeRTOS/Source/CMSIS_RTOS_V2/cmsis_os2.o
                0x080086c4                SysTick_Handler
 .text.SVC_Setup
                0x080086e4       0x12 ./Middlewares/Third_Party/FreeRTOS/Source/CMSIS_RTOS_V2/cmsis_os2.o
 *fill*         0x080086f6        0x2 
 .text.osKernelInitialize
                0x080086f8       0x48 ./Middlewares/Third_Party/FreeRTOS/Source/CMSIS_RTOS_V2/cmsis_os2.o
                0x080086f8                osKernelInitialize
 .text.osKernelStart
                0x08008740       0x4c ./Middlewares/Third_Party/FreeRTOS/Source/CMSIS_RTOS_V2/cmsis_os2.o
                0x08008740                osKernelStart
 .text.osThreadNew
                0x0800878c      0x124 ./Middlewares/Third_Party/FreeRTOS/Source/CMSIS_RTOS_V2/cmsis_os2.o
                0x0800878c                osThreadNew
 .text.osDelay  0x080088b0       0x36 ./Middlewares/Third_Party/FreeRTOS/Source/CMSIS_RTOS_V2/cmsis_os2.o
                0x080088b0                osDelay
 *fill*         0x080088e6        0x2 
 .text.osMessageQueuePut
                0x080088e8       0xc0 ./Middlewares/Third_Party/FreeRTOS/Source/CMSIS_RTOS_V2/cmsis_os2.o
                0x080088e8                osMessageQueuePut
 .text.vApplicationGetIdleTaskMemory
                0x080089a8       0x34 ./Middlewares/Third_Party/FreeRTOS/Source/CMSIS_RTOS_V2/cmsis_os2.o
                0x080089a8                vApplicationGetIdleTaskMemory
 .text.vApplicationGetTimerTaskMemory
                0x080089dc       0x34 ./Middlewares/Third_Party/FreeRTOS/Source/CMSIS_RTOS_V2/cmsis_os2.o
                0x080089dc                vApplicationGetTimerTaskMemory
 .text.vListInitialise
                0x08008a10       0x40 ./Middlewares/Third_Party/FreeRTOS/Source/list.o
                0x08008a10                vListInitialise
 .text.vListInitialiseItem
                0x08008a50       0x1a ./Middlewares/Third_Party/FreeRTOS/Source/list.o
                0x08008a50                vListInitialiseItem
 .text.vListInsertEnd
                0x08008a6a       0x48 ./Middlewares/Third_Party/FreeRTOS/Source/list.o
                0x08008a6a                vListInsertEnd
 .text.vListInsert
                0x08008ab2       0x72 ./Middlewares/Third_Party/FreeRTOS/Source/list.o
                0x08008ab2                vListInsert
 .text.uxListRemove
                0x08008b24       0x54 ./Middlewares/Third_Party/FreeRTOS/Source/list.o
                0x08008b24                uxListRemove
 .text.xQueueGenericReset
                0x08008b78       0xd4 ./Middlewares/Third_Party/FreeRTOS/Source/queue.o
                0x08008b78                xQueueGenericReset
 .text.xQueueGenericCreateStatic
                0x08008c4c       0xfa ./Middlewares/Third_Party/FreeRTOS/Source/queue.o
                0x08008c4c                xQueueGenericCreateStatic
 .text.prvInitialiseNewQueue
                0x08008d46       0x46 ./Middlewares/Third_Party/FreeRTOS/Source/queue.o
 .text.xQueueGenericSend
                0x08008d8c      0x204 ./Middlewares/Third_Party/FreeRTOS/Source/queue.o
                0x08008d8c                xQueueGenericSend
 .text.xQueueGenericSendFromISR
                0x08008f90      0x13c ./Middlewares/Third_Party/FreeRTOS/Source/queue.o
                0x08008f90                xQueueGenericSendFromISR
 .text.xQueueReceive
                0x080090cc      0x1c4 ./Middlewares/Third_Party/FreeRTOS/Source/queue.o
                0x080090cc                xQueueReceive
 .text.prvCopyDataToQueue
                0x08009290       0xd4 ./Middlewares/Third_Party/FreeRTOS/Source/queue.o
 .text.prvCopyDataFromQueue
                0x08009364       0x4c ./Middlewares/Third_Party/FreeRTOS/Source/queue.o
 .text.prvUnlockQueue
                0x080093b0       0xa4 ./Middlewares/Third_Party/FreeRTOS/Source/queue.o
 .text.prvIsQueueEmpty
                0x08009454       0x2c ./Middlewares/Third_Party/FreeRTOS/Source/queue.o
 .text.prvIsQueueFull
                0x08009480       0x30 ./Middlewares/Third_Party/FreeRTOS/Source/queue.o
 .text.vQueueAddToRegistry
                0x080094b0       0x54 ./Middlewares/Third_Party/FreeRTOS/Source/queue.o
                0x080094b0                vQueueAddToRegistry
 .text.vQueueWaitForMessageRestricted
                0x08009504       0x68 ./Middlewares/Third_Party/FreeRTOS/Source/queue.o
                0x08009504                vQueueWaitForMessageRestricted
 .text.xTaskCreateStatic
                0x0800956c       0xc0 ./Middlewares/Third_Party/FreeRTOS/Source/tasks.o
                0x0800956c                xTaskCreateStatic
 .text.xTaskCreate
                0x0800962c       0x8a ./Middlewares/Third_Party/FreeRTOS/Source/tasks.o
                0x0800962c                xTaskCreate
 *fill*         0x080096b6        0x2 
 .text.prvInitialiseNewTask
                0x080096b8      0x150 ./Middlewares/Third_Party/FreeRTOS/Source/tasks.o
 .text.prvAddNewTaskToReadyList
                0x08009808       0xe0 ./Middlewares/Third_Party/FreeRTOS/Source/tasks.o
 .text.vTaskDelay
                0x080098e8       0x6c ./Middlewares/Third_Party/FreeRTOS/Source/tasks.o
                0x080098e8                vTaskDelay
 .text.vTaskStartScheduler
                0x08009954       0xe0 ./Middlewares/Third_Party/FreeRTOS/Source/tasks.o
                0x08009954                vTaskStartScheduler
 .text.vTaskSuspendAll
                0x08009a34       0x1c ./Middlewares/Third_Party/FreeRTOS/Source/tasks.o
                0x08009a34                vTaskSuspendAll
 .text.xTaskResumeAll
                0x08009a50      0x13c ./Middlewares/Third_Party/FreeRTOS/Source/tasks.o
                0x08009a50                xTaskResumeAll
 .text.xTaskGetTickCount
                0x08009b8c       0x20 ./Middlewares/Third_Party/FreeRTOS/Source/tasks.o
                0x08009b8c                xTaskGetTickCount
 .text.xTaskIncrementTick
                0x08009bac      0x174 ./Middlewares/Third_Party/FreeRTOS/Source/tasks.o
                0x08009bac                xTaskIncrementTick
 .text.vTaskSwitchContext
                0x08009d20       0xcc ./Middlewares/Third_Party/FreeRTOS/Source/tasks.o
                0x08009d20                vTaskSwitchContext
 .text.vTaskPlaceOnEventList
                0x08009dec       0x4c ./Middlewares/Third_Party/FreeRTOS/Source/tasks.o
                0x08009dec                vTaskPlaceOnEventList
 .text.vTaskPlaceOnEventListRestricted
                0x08009e38       0x58 ./Middlewares/Third_Party/FreeRTOS/Source/tasks.o
                0x08009e38                vTaskPlaceOnEventListRestricted
 .text.xTaskRemoveFromEventList
                0x08009e90       0xc8 ./Middlewares/Third_Party/FreeRTOS/Source/tasks.o
                0x08009e90                xTaskRemoveFromEventList
 .text.vTaskInternalSetTimeOutState
                0x08009f58       0x2c ./Middlewares/Third_Party/FreeRTOS/Source/tasks.o
                0x08009f58                vTaskInternalSetTimeOutState
 .text.xTaskCheckForTimeOut
                0x08009f84       0xc8 ./Middlewares/Third_Party/FreeRTOS/Source/tasks.o
                0x08009f84                xTaskCheckForTimeOut
 .text.vTaskMissedYield
                0x0800a04c       0x18 ./Middlewares/Third_Party/FreeRTOS/Source/tasks.o
                0x0800a04c                vTaskMissedYield
 .text.prvIdleTask
                0x0800a064       0x30 ./Middlewares/Third_Party/FreeRTOS/Source/tasks.o
 .text.prvInitialiseTaskLists
                0x0800a094       0x80 ./Middlewares/Third_Party/FreeRTOS/Source/tasks.o
 .text.prvCheckTasksWaitingTermination
                0x0800a114       0x5c ./Middlewares/Third_Party/FreeRTOS/Source/tasks.o
 .text.prvDeleteTCB
                0x0800a170       0x6a ./Middlewares/Third_Party/FreeRTOS/Source/tasks.o
 *fill*         0x0800a1da        0x2 
 .text.prvResetNextTaskUnblockTime
                0x0800a1dc       0x40 ./Middlewares/Third_Party/FreeRTOS/Source/tasks.o
 .text.xTaskGetSchedulerState
                0x0800a21c       0x3c ./Middlewares/Third_Party/FreeRTOS/Source/tasks.o
                0x0800a21c                xTaskGetSchedulerState
 .text.xTaskPriorityDisinherit
                0x0800a258       0xe0 ./Middlewares/Third_Party/FreeRTOS/Source/tasks.o
                0x0800a258                xTaskPriorityDisinherit
 .text.prvAddCurrentTaskToDelayedList
                0x0800a338       0xa8 ./Middlewares/Third_Party/FreeRTOS/Source/tasks.o
 .text.xTimerCreateTimerTask
                0x0800a3e0       0x94 ./Middlewares/Third_Party/FreeRTOS/Source/timers.o
                0x0800a3e0                xTimerCreateTimerTask
 .text.xTimerGenericCommand
                0x0800a474       0x9c ./Middlewares/Third_Party/FreeRTOS/Source/timers.o
                0x0800a474                xTimerGenericCommand
 .text.prvProcessExpiredTimer
                0x0800a510       0x9c ./Middlewares/Third_Party/FreeRTOS/Source/timers.o
 .text.prvTimerTask
                0x0800a5ac       0x26 ./Middlewares/Third_Party/FreeRTOS/Source/timers.o
 *fill*         0x0800a5d2        0x2 
 .text.prvProcessTimerOrBlockTask
                0x0800a5d4       0x9c ./Middlewares/Third_Party/FreeRTOS/Source/timers.o
 .text.prvGetNextExpireTime
                0x0800a670       0x48 ./Middlewares/Third_Party/FreeRTOS/Source/timers.o
 .text.prvSampleTimeNow
                0x0800a6b8       0x40 ./Middlewares/Third_Party/FreeRTOS/Source/timers.o
 .text.prvInsertTimerInActiveList
                0x0800a6f8       0x84 ./Middlewares/Third_Party/FreeRTOS/Source/timers.o
 .text.prvProcessReceivedCommands
                0x0800a77c      0x1cc ./Middlewares/Third_Party/FreeRTOS/Source/timers.o
 .text.prvSwitchTimerLists
                0x0800a948       0xcc ./Middlewares/Third_Party/FreeRTOS/Source/timers.o
 .text.prvCheckForValidListAndQueue
                0x0800aa14       0x80 ./Middlewares/Third_Party/FreeRTOS/Source/timers.o
 .text.pxPortInitialiseStack
                0x0800aa94       0x68 ./Middlewares/Third_Party/FreeRTOS/Source/portable/GCC/ARM_CM4F/port.o
                0x0800aa94                pxPortInitialiseStack
 .text.prvTaskExitError
                0x0800aafc       0x5c ./Middlewares/Third_Party/FreeRTOS/Source/portable/GCC/ARM_CM4F/port.o
 *fill*         0x0800ab58        0x8 
 .text.SVC_Handler
                0x0800ab60       0x28 ./Middlewares/Third_Party/FreeRTOS/Source/portable/GCC/ARM_CM4F/port.o
                0x0800ab60                SVC_Handler
 .text.prvPortStartFirstTask
                0x0800ab88       0x28 ./Middlewares/Third_Party/FreeRTOS/Source/portable/GCC/ARM_CM4F/port.o
 .text.xPortStartScheduler
                0x0800abb0      0x148 ./Middlewares/Third_Party/FreeRTOS/Source/portable/GCC/ARM_CM4F/port.o
                0x0800abb0                xPortStartScheduler
 .text.vPortEnterCritical
                0x0800acf8       0x64 ./Middlewares/Third_Party/FreeRTOS/Source/portable/GCC/ARM_CM4F/port.o
                0x0800acf8                vPortEnterCritical
 .text.vPortExitCritical
                0x0800ad5c       0x54 ./Middlewares/Third_Party/FreeRTOS/Source/portable/GCC/ARM_CM4F/port.o
                0x0800ad5c                vPortExitCritical
 .text.PendSV_Handler
                0x0800adb0       0x68 ./Middlewares/Third_Party/FreeRTOS/Source/portable/GCC/ARM_CM4F/port.o
                0x0800adb0                PendSV_Handler
 .text.xPortSysTickHandler
                0x0800ae18       0x44 ./Middlewares/Third_Party/FreeRTOS/Source/portable/GCC/ARM_CM4F/port.o
                0x0800ae18                xPortSysTickHandler
 .text.vPortSetupTimerInterrupt
                0x0800ae5c       0x48 ./Middlewares/Third_Party/FreeRTOS/Source/portable/GCC/ARM_CM4F/port.o
                0x0800ae5c                vPortSetupTimerInterrupt
 .text.vPortEnableVFP
                0x0800aea4       0x14 ./Middlewares/Third_Party/FreeRTOS/Source/portable/GCC/ARM_CM4F/port.o
 .text.vPortValidateInterruptPriority
                0x0800aeb8       0x84 ./Middlewares/Third_Party/FreeRTOS/Source/portable/GCC/ARM_CM4F/port.o
                0x0800aeb8                vPortValidateInterruptPriority
 .text.pvPortMalloc
                0x0800af3c      0x19c ./Middlewares/Third_Party/FreeRTOS/Source/portable/MemMang/heap_4.o
                0x0800af3c                pvPortMalloc
 .text.vPortFree
                0x0800b0d8       0xc8 ./Middlewares/Third_Party/FreeRTOS/Source/portable/MemMang/heap_4.o
                0x0800b0d8                vPortFree
 .text.prvHeapInit
                0x0800b1a0       0xc4 ./Middlewares/Third_Party/FreeRTOS/Source/portable/MemMang/heap_4.o
 .text.prvInsertBlockIntoFreeList
                0x0800b264       0xb4 ./Middlewares/Third_Party/FreeRTOS/Source/portable/MemMang/heap_4.o
 .text.HAL_HCD_SOF_Callback
                0x0800b318       0x1c ./USB_HOST/Target/usbh_conf.o
                0x0800b318                HAL_HCD_SOF_Callback
 .text.HAL_HCD_Connect_Callback
                0x0800b334       0x1c ./USB_HOST/Target/usbh_conf.o
                0x0800b334                HAL_HCD_Connect_Callback
 .text.HAL_HCD_Disconnect_Callback
                0x0800b350       0x1c ./USB_HOST/Target/usbh_conf.o
                0x0800b350                HAL_HCD_Disconnect_Callback
 .text.HAL_HCD_HC_NotifyURBChange_Callback
                0x0800b36c       0x24 ./USB_HOST/Target/usbh_conf.o
                0x0800b36c                HAL_HCD_HC_NotifyURBChange_Callback
 .text.HAL_HCD_PortEnabled_Callback
                0x0800b390       0x1c ./USB_HOST/Target/usbh_conf.o
                0x0800b390                HAL_HCD_PortEnabled_Callback
 .text.HAL_HCD_PortDisabled_Callback
                0x0800b3ac       0x1c ./USB_HOST/Target/usbh_conf.o
                0x0800b3ac                HAL_HCD_PortDisabled_Callback
 .text.USBH_LL_Stop
                0x0800b3c8       0x36 ./USB_HOST/Target/usbh_conf.o
                0x0800b3c8                USBH_LL_Stop
 *fill*         0x0800b3fe        0x2 
 .text.USBH_Get_USB_Status
                0x0800b400       0x58 ./USB_HOST/Target/usbh_conf.o
                0x0800b400                USBH_Get_USB_Status
 .text._Znwj    0x0800b458       0x22 C:/ST/STM32CubeIDE_1.18.0/STM32CubeIDE/plugins/com.st.stm32cube.ide.mcu.externaltools.gnu-tools-for-stm32.13.3.rel1.win32_1.0.0.202411081344/tools/bin/../lib/gcc/arm-none-eabi/13.3.1/../../../../arm-none-eabi/lib/thumb/v7e-m+fp/hard\libstdc++_nano.a(new_op.o)
                0x0800b458                operator new(unsigned int)
 *fill*         0x0800b47a        0x2 
 .text._ZSt15get_new_handlerv
                0x0800b47c       0x10 C:/ST/STM32CubeIDE_1.18.0/STM32CubeIDE/plugins/com.st.stm32cube.ide.mcu.externaltools.gnu-tools-for-stm32.13.3.rel1.win32_1.0.0.202411081344/tools/bin/../lib/gcc/arm-none-eabi/13.3.1/../../../../arm-none-eabi/lib/thumb/v7e-m+fp/hard\libstdc++_nano.a(new_handler.o)
                0x0800b47c                std::get_new_handler()
 .text.abort    0x0800b48c        0xe C:/ST/STM32CubeIDE_1.18.0/STM32CubeIDE/plugins/com.st.stm32cube.ide.mcu.externaltools.gnu-tools-for-stm32.13.3.rel1.win32_1.0.0.202411081344/tools/bin/../lib/gcc/arm-none-eabi/13.3.1/../../../../arm-none-eabi/lib/thumb/v7e-m+fp/hard\libc_nano.a(libc_a-abort.o)
                0x0800b48c                abort
 .text.atof     0x0800b49a        0x6 C:/ST/STM32CubeIDE_1.18.0/STM32CubeIDE/plugins/com.st.stm32cube.ide.mcu.externaltools.gnu-tools-for-stm32.13.3.rel1.win32_1.0.0.202411081344/tools/bin/../lib/gcc/arm-none-eabi/13.3.1/../../../../arm-none-eabi/lib/thumb/v7e-m+fp/hard\libc_nano.a(libc_a-atof.o)
                0x0800b49a                atof
 .text.malloc   0x0800b4a0       0x10 C:/ST/STM32CubeIDE_1.18.0/STM32CubeIDE/plugins/com.st.stm32cube.ide.mcu.externaltools.gnu-tools-for-stm32.13.3.rel1.win32_1.0.0.202411081344/tools/bin/../lib/gcc/arm-none-eabi/13.3.1/../../../../arm-none-eabi/lib/thumb/v7e-m+fp/hard\libc_nano.a(libc_a-malloc.o)
                0x0800b4a0                malloc
 .text.sbrk_aligned
                0x0800b4b0       0x44 C:/ST/STM32CubeIDE_1.18.0/STM32CubeIDE/plugins/com.st.stm32cube.ide.mcu.externaltools.gnu-tools-for-stm32.13.3.rel1.win32_1.0.0.202411081344/tools/bin/../lib/gcc/arm-none-eabi/13.3.1/../../../../arm-none-eabi/lib/thumb/v7e-m+fp/hard\libc_nano.a(libc_a-mallocr.o)
 .text._malloc_r
                0x0800b4f4      0x100 C:/ST/STM32CubeIDE_1.18.0/STM32CubeIDE/plugins/com.st.stm32cube.ide.mcu.externaltools.gnu-tools-for-stm32.13.3.rel1.win32_1.0.0.202411081344/tools/bin/../lib/gcc/arm-none-eabi/13.3.1/../../../../arm-none-eabi/lib/thumb/v7e-m+fp/hard\libc_nano.a(libc_a-mallocr.o)
                0x0800b4f4                _malloc_r
 .text.__malloc_lock
                0x0800b5f4        0xc C:/ST/STM32CubeIDE_1.18.0/STM32CubeIDE/plugins/com.st.stm32cube.ide.mcu.externaltools.gnu-tools-for-stm32.13.3.rel1.win32_1.0.0.202411081344/tools/bin/../lib/gcc/arm-none-eabi/13.3.1/../../../../arm-none-eabi/lib/thumb/v7e-m+fp/hard\libc_nano.a(libc_a-mlock.o)
                0x0800b5f4                __malloc_lock
 .text.__malloc_unlock
                0x0800b600        0xc C:/ST/STM32CubeIDE_1.18.0/STM32CubeIDE/plugins/com.st.stm32cube.ide.mcu.externaltools.gnu-tools-for-stm32.13.3.rel1.win32_1.0.0.202411081344/tools/bin/../lib/gcc/arm-none-eabi/13.3.1/../../../../arm-none-eabi/lib/thumb/v7e-m+fp/hard\libc_nano.a(libc_a-mlock.o)
                0x0800b600                __malloc_unlock
 .text.sulp     0x0800b60c       0x3c C:/ST/STM32CubeIDE_1.18.0/STM32CubeIDE/plugins/com.st.stm32cube.ide.mcu.externaltools.gnu-tools-for-stm32.13.3.rel1.win32_1.0.0.202411081344/tools/bin/../lib/gcc/arm-none-eabi/13.3.1/../../../../arm-none-eabi/lib/thumb/v7e-m+fp/hard\libc_nano.a(libc_a-strtod.o)
 .text._strtod_l
                0x0800b648      0xbc8 C:/ST/STM32CubeIDE_1.18.0/STM32CubeIDE/plugins/com.st.stm32cube.ide.mcu.externaltools.gnu-tools-for-stm32.13.3.rel1.win32_1.0.0.202411081344/tools/bin/../lib/gcc/arm-none-eabi/13.3.1/../../../../arm-none-eabi/lib/thumb/v7e-m+fp/hard\libc_nano.a(libc_a-strtod.o)
                0x0800b648                _strtod_l
 .text.strtod   0x0800c210       0x18 C:/ST/STM32CubeIDE_1.18.0/STM32CubeIDE/plugins/com.st.stm32cube.ide.mcu.externaltools.gnu-tools-for-stm32.13.3.rel1.win32_1.0.0.202411081344/tools/bin/../lib/gcc/arm-none-eabi/13.3.1/../../../../arm-none-eabi/lib/thumb/v7e-m+fp/hard\libc_nano.a(libc_a-strtod.o)
                0x0800c210                strtod
 .text.__cvt    0x0800c228       0xca C:/ST/STM32CubeIDE_1.18.0/STM32CubeIDE/plugins/com.st.stm32cube.ide.mcu.externaltools.gnu-tools-for-stm32.13.3.rel1.win32_1.0.0.202411081344/tools/bin/../lib/gcc/arm-none-eabi/13.3.1/../../../../arm-none-eabi/lib/thumb/v7e-m+fp/hard\libc_nano.a(libc_a-nano-vfprintf_float.o)
                0x0800c228                __cvt
 .text.__exponent
                0x0800c2f2       0x74 C:/ST/STM32CubeIDE_1.18.0/STM32CubeIDE/plugins/com.st.stm32cube.ide.mcu.externaltools.gnu-tools-for-stm32.13.3.rel1.win32_1.0.0.202411081344/tools/bin/../lib/gcc/arm-none-eabi/13.3.1/../../../../arm-none-eabi/lib/thumb/v7e-m+fp/hard\libc_nano.a(libc_a-nano-vfprintf_float.o)
                0x0800c2f2                __exponent
 *fill*         0x0800c366        0x2 
 .text._printf_float
                0x0800c368      0x454 C:/ST/STM32CubeIDE_1.18.0/STM32CubeIDE/plugins/com.st.stm32cube.ide.mcu.externaltools.gnu-tools-for-stm32.13.3.rel1.win32_1.0.0.202411081344/tools/bin/../lib/gcc/arm-none-eabi/13.3.1/../../../../arm-none-eabi/lib/thumb/v7e-m+fp/hard\libc_nano.a(libc_a-nano-vfprintf_float.o)
                0x0800c368                _printf_float
 .text._printf_common
                0x0800c7bc       0xda C:/ST/STM32CubeIDE_1.18.0/STM32CubeIDE/plugins/com.st.stm32cube.ide.mcu.externaltools.gnu-tools-for-stm32.13.3.rel1.win32_1.0.0.202411081344/tools/bin/../lib/gcc/arm-none-eabi/13.3.1/../../../../arm-none-eabi/lib/thumb/v7e-m+fp/hard\libc_nano.a(libc_a-nano-vfprintf_i.o)
                0x0800c7bc                _printf_common
 *fill*         0x0800c896        0x2 
 .text._printf_i
                0x0800c898      0x23c C:/ST/STM32CubeIDE_1.18.0/STM32CubeIDE/plugins/com.st.stm32cube.ide.mcu.externaltools.gnu-tools-for-stm32.13.3.rel1.win32_1.0.0.202411081344/tools/bin/../lib/gcc/arm-none-eabi/13.3.1/../../../../arm-none-eabi/lib/thumb/v7e-m+fp/hard\libc_nano.a(libc_a-nano-vfprintf_i.o)
                0x0800c898                _printf_i
 .text.std      0x0800cad4       0x6c C:/ST/STM32CubeIDE_1.18.0/STM32CubeIDE/plugins/com.st.stm32cube.ide.mcu.externaltools.gnu-tools-for-stm32.13.3.rel1.win32_1.0.0.202411081344/tools/bin/../lib/gcc/arm-none-eabi/13.3.1/../../../../arm-none-eabi/lib/thumb/v7e-m+fp/hard\libc_nano.a(libc_a-findfp.o)
 .text.stdio_exit_handler
                0x0800cb40       0x18 C:/ST/STM32CubeIDE_1.18.0/STM32CubeIDE/plugins/com.st.stm32cube.ide.mcu.externaltools.gnu-tools-for-stm32.13.3.rel1.win32_1.0.0.202411081344/tools/bin/../lib/gcc/arm-none-eabi/13.3.1/../../../../arm-none-eabi/lib/thumb/v7e-m+fp/hard\libc_nano.a(libc_a-findfp.o)
 .text.cleanup_stdio
                0x0800cb58       0x40 C:/ST/STM32CubeIDE_1.18.0/STM32CubeIDE/plugins/com.st.stm32cube.ide.mcu.externaltools.gnu-tools-for-stm32.13.3.rel1.win32_1.0.0.202411081344/tools/bin/../lib/gcc/arm-none-eabi/13.3.1/../../../../arm-none-eabi/lib/thumb/v7e-m+fp/hard\libc_nano.a(libc_a-findfp.o)
 .text.global_stdio_init.part.0
                0x0800cb98       0x3c C:/ST/STM32CubeIDE_1.18.0/STM32CubeIDE/plugins/com.st.stm32cube.ide.mcu.externaltools.gnu-tools-for-stm32.13.3.rel1.win32_1.0.0.202411081344/tools/bin/../lib/gcc/arm-none-eabi/13.3.1/../../../../arm-none-eabi/lib/thumb/v7e-m+fp/hard\libc_nano.a(libc_a-findfp.o)
 .text.__sfp_lock_acquire
                0x0800cbd4        0xc C:/ST/STM32CubeIDE_1.18.0/STM32CubeIDE/plugins/com.st.stm32cube.ide.mcu.externaltools.gnu-tools-for-stm32.13.3.rel1.win32_1.0.0.202411081344/tools/bin/../lib/gcc/arm-none-eabi/13.3.1/../../../../arm-none-eabi/lib/thumb/v7e-m+fp/hard\libc_nano.a(libc_a-findfp.o)
                0x0800cbd4                __sfp_lock_acquire
 .text.__sfp_lock_release
                0x0800cbe0        0xc C:/ST/STM32CubeIDE_1.18.0/STM32CubeIDE/plugins/com.st.stm32cube.ide.mcu.externaltools.gnu-tools-for-stm32.13.3.rel1.win32_1.0.0.202411081344/tools/bin/../lib/gcc/arm-none-eabi/13.3.1/../../../../arm-none-eabi/lib/thumb/v7e-m+fp/hard\libc_nano.a(libc_a-findfp.o)
                0x0800cbe0                __sfp_lock_release
 .text.__sinit  0x0800cbec       0x30 C:/ST/STM32CubeIDE_1.18.0/STM32CubeIDE/plugins/com.st.stm32cube.ide.mcu.externaltools.gnu-tools-for-stm32.13.3.rel1.win32_1.0.0.202411081344/tools/bin/../lib/gcc/arm-none-eabi/13.3.1/../../../../arm-none-eabi/lib/thumb/v7e-m+fp/hard\libc_nano.a(libc_a-findfp.o)
                0x0800cbec                __sinit
 .text._fwalk_sglue
                0x0800cc1c       0x3c C:/ST/STM32CubeIDE_1.18.0/STM32CubeIDE/plugins/com.st.stm32cube.ide.mcu.externaltools.gnu-tools-for-stm32.13.3.rel1.win32_1.0.0.202411081344/tools/bin/../lib/gcc/arm-none-eabi/13.3.1/../../../../arm-none-eabi/lib/thumb/v7e-m+fp/hard\libc_nano.a(libc_a-fwalk.o)
                0x0800cc1c                _fwalk_sglue
 .text.snprintf
                0x0800cc58       0x6c C:/ST/STM32CubeIDE_1.18.0/STM32CubeIDE/plugins/com.st.stm32cube.ide.mcu.externaltools.gnu-tools-for-stm32.13.3.rel1.win32_1.0.0.202411081344/tools/bin/../lib/gcc/arm-none-eabi/13.3.1/../../../../arm-none-eabi/lib/thumb/v7e-m+fp/hard\libc_nano.a(libc_a-snprintf.o)
                0x0800cc58                sniprintf
                0x0800cc58                snprintf
 .text.sprintf  0x0800ccc4       0x44 C:/ST/STM32CubeIDE_1.18.0/STM32CubeIDE/plugins/com.st.stm32cube.ide.mcu.externaltools.gnu-tools-for-stm32.13.3.rel1.win32_1.0.0.202411081344/tools/bin/../lib/gcc/arm-none-eabi/13.3.1/../../../../arm-none-eabi/lib/thumb/v7e-m+fp/hard\libc_nano.a(libc_a-sprintf.o)
                0x0800ccc4                siprintf
                0x0800ccc4                sprintf
 .text.__sread  0x0800cd08       0x22 C:/ST/STM32CubeIDE_1.18.0/STM32CubeIDE/plugins/com.st.stm32cube.ide.mcu.externaltools.gnu-tools-for-stm32.13.3.rel1.win32_1.0.0.202411081344/tools/bin/../lib/gcc/arm-none-eabi/13.3.1/../../../../arm-none-eabi/lib/thumb/v7e-m+fp/hard\libc_nano.a(libc_a-stdio.o)
                0x0800cd08                __sread
 .text.__swrite
                0x0800cd2a       0x38 C:/ST/STM32CubeIDE_1.18.0/STM32CubeIDE/plugins/com.st.stm32cube.ide.mcu.externaltools.gnu-tools-for-stm32.13.3.rel1.win32_1.0.0.202411081344/tools/bin/../lib/gcc/arm-none-eabi/13.3.1/../../../../arm-none-eabi/lib/thumb/v7e-m+fp/hard\libc_nano.a(libc_a-stdio.o)
                0x0800cd2a                __swrite
 .text.__sseek  0x0800cd62       0x24 C:/ST/STM32CubeIDE_1.18.0/STM32CubeIDE/plugins/com.st.stm32cube.ide.mcu.externaltools.gnu-tools-for-stm32.13.3.rel1.win32_1.0.0.202411081344/tools/bin/../lib/gcc/arm-none-eabi/13.3.1/../../../../arm-none-eabi/lib/thumb/v7e-m+fp/hard\libc_nano.a(libc_a-stdio.o)
                0x0800cd62                __sseek
 .text.__sclose
                0x0800cd86        0x8 C:/ST/STM32CubeIDE_1.18.0/STM32CubeIDE/plugins/com.st.stm32cube.ide.mcu.externaltools.gnu-tools-for-stm32.13.3.rel1.win32_1.0.0.202411081344/tools/bin/../lib/gcc/arm-none-eabi/13.3.1/../../../../arm-none-eabi/lib/thumb/v7e-m+fp/hard\libc_nano.a(libc_a-stdio.o)
                0x0800cd86                __sclose
 .text.memset   0x0800cd8e       0x10 C:/ST/STM32CubeIDE_1.18.0/STM32CubeIDE/plugins/com.st.stm32cube.ide.mcu.externaltools.gnu-tools-for-stm32.13.3.rel1.win32_1.0.0.202411081344/tools/bin/../lib/gcc/arm-none-eabi/13.3.1/../../../../arm-none-eabi/lib/thumb/v7e-m+fp/hard\libc_nano.a(libc_a-memset.o)
                0x0800cd8e                memset
 .text.strncmp  0x0800cd9e       0x24 C:/ST/STM32CubeIDE_1.18.0/STM32CubeIDE/plugins/com.st.stm32cube.ide.mcu.externaltools.gnu-tools-for-stm32.13.3.rel1.win32_1.0.0.202411081344/tools/bin/../lib/gcc/arm-none-eabi/13.3.1/../../../../arm-none-eabi/lib/thumb/v7e-m+fp/hard\libc_nano.a(libc_a-strncmp.o)
                0x0800cd9e                strncmp
 .text._raise_r
                0x0800cdc2       0x50 C:/ST/STM32CubeIDE_1.18.0/STM32CubeIDE/plugins/com.st.stm32cube.ide.mcu.externaltools.gnu-tools-for-stm32.13.3.rel1.win32_1.0.0.202411081344/tools/bin/../lib/gcc/arm-none-eabi/13.3.1/../../../../arm-none-eabi/lib/thumb/v7e-m+fp/hard\libc_nano.a(libc_a-signal.o)
                0x0800cdc2                _raise_r
 *fill*         0x0800ce12        0x2 
 .text.raise    0x0800ce14       0x10 C:/ST/STM32CubeIDE_1.18.0/STM32CubeIDE/plugins/com.st.stm32cube.ide.mcu.externaltools.gnu-tools-for-stm32.13.3.rel1.win32_1.0.0.202411081344/tools/bin/../lib/gcc/arm-none-eabi/13.3.1/../../../../arm-none-eabi/lib/thumb/v7e-m+fp/hard\libc_nano.a(libc_a-signal.o)
                0x0800ce14                raise
 .text._localeconv_r
                0x0800ce24        0x8 C:/ST/STM32CubeIDE_1.18.0/STM32CubeIDE/plugins/com.st.stm32cube.ide.mcu.externaltools.gnu-tools-for-stm32.13.3.rel1.win32_1.0.0.202411081344/tools/bin/../lib/gcc/arm-none-eabi/13.3.1/../../../../arm-none-eabi/lib/thumb/v7e-m+fp/hard\libc_nano.a(libc_a-localeconv.o)
                0x0800ce24                _localeconv_r
 .text._close_r
                0x0800ce2c       0x20 C:/ST/STM32CubeIDE_1.18.0/STM32CubeIDE/plugins/com.st.stm32cube.ide.mcu.externaltools.gnu-tools-for-stm32.13.3.rel1.win32_1.0.0.202411081344/tools/bin/../lib/gcc/arm-none-eabi/13.3.1/../../../../arm-none-eabi/lib/thumb/v7e-m+fp/hard\libc_nano.a(libc_a-closer.o)
                0x0800ce2c                _close_r
 .text._reclaim_reent
                0x0800ce4c       0xbc C:/ST/STM32CubeIDE_1.18.0/STM32CubeIDE/plugins/com.st.stm32cube.ide.mcu.externaltools.gnu-tools-for-stm32.13.3.rel1.win32_1.0.0.202411081344/tools/bin/../lib/gcc/arm-none-eabi/13.3.1/../../../../arm-none-eabi/lib/thumb/v7e-m+fp/hard\libc_nano.a(libc_a-reent.o)
                0x0800ce4c                _reclaim_reent
 .text._lseek_r
                0x0800cf08       0x24 C:/ST/STM32CubeIDE_1.18.0/STM32CubeIDE/plugins/com.st.stm32cube.ide.mcu.externaltools.gnu-tools-for-stm32.13.3.rel1.win32_1.0.0.202411081344/tools/bin/../lib/gcc/arm-none-eabi/13.3.1/../../../../arm-none-eabi/lib/thumb/v7e-m+fp/hard\libc_nano.a(libc_a-lseekr.o)
                0x0800cf08                _lseek_r
 .text._read_r  0x0800cf2c       0x24 C:/ST/STM32CubeIDE_1.18.0/STM32CubeIDE/plugins/com.st.stm32cube.ide.mcu.externaltools.gnu-tools-for-stm32.13.3.rel1.win32_1.0.0.202411081344/tools/bin/../lib/gcc/arm-none-eabi/13.3.1/../../../../arm-none-eabi/lib/thumb/v7e-m+fp/hard\libc_nano.a(libc_a-readr.o)
                0x0800cf2c                _read_r
 .text._kill_r  0x0800cf50       0x24 C:/ST/STM32CubeIDE_1.18.0/STM32CubeIDE/plugins/com.st.stm32cube.ide.mcu.externaltools.gnu-tools-for-stm32.13.3.rel1.win32_1.0.0.202411081344/tools/bin/../lib/gcc/arm-none-eabi/13.3.1/../../../../arm-none-eabi/lib/thumb/v7e-m+fp/hard\libc_nano.a(libc_a-signalr.o)
                0x0800cf50                _kill_r
 .text._getpid_r
                0x0800cf74        0x4 C:/ST/STM32CubeIDE_1.18.0/STM32CubeIDE/plugins/com.st.stm32cube.ide.mcu.externaltools.gnu-tools-for-stm32.13.3.rel1.win32_1.0.0.202411081344/tools/bin/../lib/gcc/arm-none-eabi/13.3.1/../../../../arm-none-eabi/lib/thumb/v7e-m+fp/hard\libc_nano.a(libc_a-signalr.o)
                0x0800cf74                _getpid_r
 .text._sbrk_r  0x0800cf78       0x20 C:/ST/STM32CubeIDE_1.18.0/STM32CubeIDE/plugins/com.st.stm32cube.ide.mcu.externaltools.gnu-tools-for-stm32.13.3.rel1.win32_1.0.0.202411081344/tools/bin/../lib/gcc/arm-none-eabi/13.3.1/../../../../arm-none-eabi/lib/thumb/v7e-m+fp/hard\libc_nano.a(libc_a-sbrkr.o)
                0x0800cf78                _sbrk_r
 .text._write_r
                0x0800cf98       0x24 C:/ST/STM32CubeIDE_1.18.0/STM32CubeIDE/plugins/com.st.stm32cube.ide.mcu.externaltools.gnu-tools-for-stm32.13.3.rel1.win32_1.0.0.202411081344/tools/bin/../lib/gcc/arm-none-eabi/13.3.1/../../../../arm-none-eabi/lib/thumb/v7e-m+fp/hard\libc_nano.a(libc_a-writer.o)
                0x0800cf98                _write_r
 .text.__errno  0x0800cfbc        0xc C:/ST/STM32CubeIDE_1.18.0/STM32CubeIDE/plugins/com.st.stm32cube.ide.mcu.externaltools.gnu-tools-for-stm32.13.3.rel1.win32_1.0.0.202411081344/tools/bin/../lib/gcc/arm-none-eabi/13.3.1/../../../../arm-none-eabi/lib/thumb/v7e-m+fp/hard\libc_nano.a(libc_a-errno.o)
                0x0800cfbc                __errno
 .text.__libc_init_array
                0x0800cfc8       0x48 C:/ST/STM32CubeIDE_1.18.0/STM32CubeIDE/plugins/com.st.stm32cube.ide.mcu.externaltools.gnu-tools-for-stm32.13.3.rel1.win32_1.0.0.202411081344/tools/bin/../lib/gcc/arm-none-eabi/13.3.1/../../../../arm-none-eabi/lib/thumb/v7e-m+fp/hard\libc_nano.a(libc_a-init.o)
                0x0800cfc8                __libc_init_array
 .text.__retarget_lock_init_recursive
                0x0800d010        0x2 C:/ST/STM32CubeIDE_1.18.0/STM32CubeIDE/plugins/com.st.stm32cube.ide.mcu.externaltools.gnu-tools-for-stm32.13.3.rel1.win32_1.0.0.202411081344/tools/bin/../lib/gcc/arm-none-eabi/13.3.1/../../../../arm-none-eabi/lib/thumb/v7e-m+fp/hard\libc_nano.a(libc_a-lock.o)
                0x0800d010                __retarget_lock_init_recursive
 .text.__retarget_lock_acquire_recursive
                0x0800d012        0x2 C:/ST/STM32CubeIDE_1.18.0/STM32CubeIDE/plugins/com.st.stm32cube.ide.mcu.externaltools.gnu-tools-for-stm32.13.3.rel1.win32_1.0.0.202411081344/tools/bin/../lib/gcc/arm-none-eabi/13.3.1/../../../../arm-none-eabi/lib/thumb/v7e-m+fp/hard\libc_nano.a(libc_a-lock.o)
                0x0800d012                __retarget_lock_acquire_recursive
 .text.__retarget_lock_release_recursive
                0x0800d014        0x2 C:/ST/STM32CubeIDE_1.18.0/STM32CubeIDE/plugins/com.st.stm32cube.ide.mcu.externaltools.gnu-tools-for-stm32.13.3.rel1.win32_1.0.0.202411081344/tools/bin/../lib/gcc/arm-none-eabi/13.3.1/../../../../arm-none-eabi/lib/thumb/v7e-m+fp/hard\libc_nano.a(libc_a-lock.o)
                0x0800d014                __retarget_lock_release_recursive
 .text.memcpy   0x0800d016       0x1c C:/ST/STM32CubeIDE_1.18.0/STM32CubeIDE/plugins/com.st.stm32cube.ide.mcu.externaltools.gnu-tools-for-stm32.13.3.rel1.win32_1.0.0.202411081344/tools/bin/../lib/gcc/arm-none-eabi/13.3.1/../../../../arm-none-eabi/lib/thumb/v7e-m+fp/hard\libc_nano.a(libc_a-memcpy-stub.o)
                0x0800d016                memcpy
 *fill*         0x0800d032        0x6 
 .text.nan      0x0800d038       0x10 C:/ST/STM32CubeIDE_1.18.0/STM32CubeIDE/plugins/com.st.stm32cube.ide.mcu.externaltools.gnu-tools-for-stm32.13.3.rel1.win32_1.0.0.202411081344/tools/bin/../lib/gcc/arm-none-eabi/13.3.1/../../../../arm-none-eabi/lib/thumb/v7e-m+fp/hard\libc_nano.a(libm_a-s_nan.o)
                0x0800d038                nan
 .text.quorem   0x0800d048      0x110 C:/ST/STM32CubeIDE_1.18.0/STM32CubeIDE/plugins/com.st.stm32cube.ide.mcu.externaltools.gnu-tools-for-stm32.13.3.rel1.win32_1.0.0.202411081344/tools/bin/../lib/gcc/arm-none-eabi/13.3.1/../../../../arm-none-eabi/lib/thumb/v7e-m+fp/hard\libc_nano.a(libc_a-dtoa.o)
 .text._dtoa_r  0x0800d158      0xba0 C:/ST/STM32CubeIDE_1.18.0/STM32CubeIDE/plugins/com.st.stm32cube.ide.mcu.externaltools.gnu-tools-for-stm32.13.3.rel1.win32_1.0.0.202411081344/tools/bin/../lib/gcc/arm-none-eabi/13.3.1/../../../../arm-none-eabi/lib/thumb/v7e-m+fp/hard\libc_nano.a(libc_a-dtoa.o)
                0x0800d158                _dtoa_r
 .text._free_r  0x0800dcf8       0x94 C:/ST/STM32CubeIDE_1.18.0/STM32CubeIDE/plugins/com.st.stm32cube.ide.mcu.externaltools.gnu-tools-for-stm32.13.3.rel1.win32_1.0.0.202411081344/tools/bin/../lib/gcc/arm-none-eabi/13.3.1/../../../../arm-none-eabi/lib/thumb/v7e-m+fp/hard\libc_nano.a(libc_a-freer.o)
                0x0800dcf8                _free_r
 .text.rshift   0x0800dd8c       0xa4 C:/ST/STM32CubeIDE_1.18.0/STM32CubeIDE/plugins/com.st.stm32cube.ide.mcu.externaltools.gnu-tools-for-stm32.13.3.rel1.win32_1.0.0.202411081344/tools/bin/../lib/gcc/arm-none-eabi/13.3.1/../../../../arm-none-eabi/lib/thumb/v7e-m+fp/hard\libc_nano.a(libc_a-gdtoa-gethex.o)
 .text.__hexdig_fun
                0x0800de30       0x2a C:/ST/STM32CubeIDE_1.18.0/STM32CubeIDE/plugins/com.st.stm32cube.ide.mcu.externaltools.gnu-tools-for-stm32.13.3.rel1.win32_1.0.0.202411081344/tools/bin/../lib/gcc/arm-none-eabi/13.3.1/../../../../arm-none-eabi/lib/thumb/v7e-m+fp/hard\libc_nano.a(libc_a-gdtoa-gethex.o)
                0x0800de30                __hexdig_fun
 *fill*         0x0800de5a        0x2 
 .text.__gethex
                0x0800de5c      0x420 C:/ST/STM32CubeIDE_1.18.0/STM32CubeIDE/plugins/com.st.stm32cube.ide.mcu.externaltools.gnu-tools-for-stm32.13.3.rel1.win32_1.0.0.202411081344/tools/bin/../lib/gcc/arm-none-eabi/13.3.1/../../../../arm-none-eabi/lib/thumb/v7e-m+fp/hard\libc_nano.a(libc_a-gdtoa-gethex.o)
                0x0800de5c                __gethex
 .text.L_shift  0x0800e27c       0x24 C:/ST/STM32CubeIDE_1.18.0/STM32CubeIDE/plugins/com.st.stm32cube.ide.mcu.externaltools.gnu-tools-for-stm32.13.3.rel1.win32_1.0.0.202411081344/tools/bin/../lib/gcc/arm-none-eabi/13.3.1/../../../../arm-none-eabi/lib/thumb/v7e-m+fp/hard\libc_nano.a(libc_a-gdtoa-hexnan.o)
 .text.__match  0x0800e2a0       0x28 C:/ST/STM32CubeIDE_1.18.0/STM32CubeIDE/plugins/com.st.stm32cube.ide.mcu.externaltools.gnu-tools-for-stm32.13.3.rel1.win32_1.0.0.202411081344/tools/bin/../lib/gcc/arm-none-eabi/13.3.1/../../../../arm-none-eabi/lib/thumb/v7e-m+fp/hard\libc_nano.a(libc_a-gdtoa-hexnan.o)
                0x0800e2a0                __match
 .text.__hexnan
                0x0800e2c8      0x136 C:/ST/STM32CubeIDE_1.18.0/STM32CubeIDE/plugins/com.st.stm32cube.ide.mcu.externaltools.gnu-tools-for-stm32.13.3.rel1.win32_1.0.0.202411081344/tools/bin/../lib/gcc/arm-none-eabi/13.3.1/../../../../arm-none-eabi/lib/thumb/v7e-m+fp/hard\libc_nano.a(libc_a-gdtoa-hexnan.o)
                0x0800e2c8                __hexnan
 .text.__ascii_mbtowc
                0x0800e3fe       0x24 C:/ST/STM32CubeIDE_1.18.0/STM32CubeIDE/plugins/com.st.stm32cube.ide.mcu.externaltools.gnu-tools-for-stm32.13.3.rel1.win32_1.0.0.202411081344/tools/bin/../lib/gcc/arm-none-eabi/13.3.1/../../../../arm-none-eabi/lib/thumb/v7e-m+fp/hard\libc_nano.a(libc_a-mbtowc_r.o)
                0x0800e3fe                __ascii_mbtowc
 *fill*         0x0800e422        0x2 
 .text._Balloc  0x0800e424       0x80 C:/ST/STM32CubeIDE_1.18.0/STM32CubeIDE/plugins/com.st.stm32cube.ide.mcu.externaltools.gnu-tools-for-stm32.13.3.rel1.win32_1.0.0.202411081344/tools/bin/../lib/gcc/arm-none-eabi/13.3.1/../../../../arm-none-eabi/lib/thumb/v7e-m+fp/hard\libc_nano.a(libc_a-mprec.o)
                0x0800e424                _Balloc
 .text._Bfree   0x0800e4a4       0x44 C:/ST/STM32CubeIDE_1.18.0/STM32CubeIDE/plugins/com.st.stm32cube.ide.mcu.externaltools.gnu-tools-for-stm32.13.3.rel1.win32_1.0.0.202411081344/tools/bin/../lib/gcc/arm-none-eabi/13.3.1/../../../../arm-none-eabi/lib/thumb/v7e-m+fp/hard\libc_nano.a(libc_a-mprec.o)
                0x0800e4a4                _Bfree
 .text.__multadd
                0x0800e4e8       0x8c C:/ST/STM32CubeIDE_1.18.0/STM32CubeIDE/plugins/com.st.stm32cube.ide.mcu.externaltools.gnu-tools-for-stm32.13.3.rel1.win32_1.0.0.202411081344/tools/bin/../lib/gcc/arm-none-eabi/13.3.1/../../../../arm-none-eabi/lib/thumb/v7e-m+fp/hard\libc_nano.a(libc_a-mprec.o)
                0x0800e4e8                __multadd
 .text.__s2b    0x0800e574       0x94 C:/ST/STM32CubeIDE_1.18.0/STM32CubeIDE/plugins/com.st.stm32cube.ide.mcu.externaltools.gnu-tools-for-stm32.13.3.rel1.win32_1.0.0.202411081344/tools/bin/../lib/gcc/arm-none-eabi/13.3.1/../../../../arm-none-eabi/lib/thumb/v7e-m+fp/hard\libc_nano.a(libc_a-mprec.o)
                0x0800e574                __s2b
 .text.__hi0bits
                0x0800e608       0x3e C:/ST/STM32CubeIDE_1.18.0/STM32CubeIDE/plugins/com.st.stm32cube.ide.mcu.externaltools.gnu-tools-for-stm32.13.3.rel1.win32_1.0.0.202411081344/tools/bin/../lib/gcc/arm-none-eabi/13.3.1/../../../../arm-none-eabi/lib/thumb/v7e-m+fp/hard\libc_nano.a(libc_a-mprec.o)
                0x0800e608                __hi0bits
 .text.__lo0bits
                0x0800e646       0x5a C:/ST/STM32CubeIDE_1.18.0/STM32CubeIDE/plugins/com.st.stm32cube.ide.mcu.externaltools.gnu-tools-for-stm32.13.3.rel1.win32_1.0.0.202411081344/tools/bin/../lib/gcc/arm-none-eabi/13.3.1/../../../../arm-none-eabi/lib/thumb/v7e-m+fp/hard\libc_nano.a(libc_a-mprec.o)
                0x0800e646                __lo0bits
 .text.__i2b    0x0800e6a0       0x2c C:/ST/STM32CubeIDE_1.18.0/STM32CubeIDE/plugins/com.st.stm32cube.ide.mcu.externaltools.gnu-tools-for-stm32.13.3.rel1.win32_1.0.0.202411081344/tools/bin/../lib/gcc/arm-none-eabi/13.3.1/../../../../arm-none-eabi/lib/thumb/v7e-m+fp/hard\libc_nano.a(libc_a-mprec.o)
                0x0800e6a0                __i2b
 .text.__multiply
                0x0800e6cc      0x144 C:/ST/STM32CubeIDE_1.18.0/STM32CubeIDE/plugins/com.st.stm32cube.ide.mcu.externaltools.gnu-tools-for-stm32.13.3.rel1.win32_1.0.0.202411081344/tools/bin/../lib/gcc/arm-none-eabi/13.3.1/../../../../arm-none-eabi/lib/thumb/v7e-m+fp/hard\libc_nano.a(libc_a-mprec.o)
                0x0800e6cc                __multiply
 .text.__pow5mult
                0x0800e810       0xb4 C:/ST/STM32CubeIDE_1.18.0/STM32CubeIDE/plugins/com.st.stm32cube.ide.mcu.externaltools.gnu-tools-for-stm32.13.3.rel1.win32_1.0.0.202411081344/tools/bin/../lib/gcc/arm-none-eabi/13.3.1/../../../../arm-none-eabi/lib/thumb/v7e-m+fp/hard\libc_nano.a(libc_a-mprec.o)
                0x0800e810                __pow5mult
 .text.__lshift
                0x0800e8c4       0xd8 C:/ST/STM32CubeIDE_1.18.0/STM32CubeIDE/plugins/com.st.stm32cube.ide.mcu.externaltools.gnu-tools-for-stm32.13.3.rel1.win32_1.0.0.202411081344/tools/bin/../lib/gcc/arm-none-eabi/13.3.1/../../../../arm-none-eabi/lib/thumb/v7e-m+fp/hard\libc_nano.a(libc_a-mprec.o)
                0x0800e8c4                __lshift
 .text.__mcmp   0x0800e99c       0x36 C:/ST/STM32CubeIDE_1.18.0/STM32CubeIDE/plugins/com.st.stm32cube.ide.mcu.externaltools.gnu-tools-for-stm32.13.3.rel1.win32_1.0.0.202411081344/tools/bin/../lib/gcc/arm-none-eabi/13.3.1/../../../../arm-none-eabi/lib/thumb/v7e-m+fp/hard\libc_nano.a(libc_a-mprec.o)
                0x0800e99c                __mcmp
 *fill*         0x0800e9d2        0x2 
 .text.__mdiff  0x0800e9d4      0x128 C:/ST/STM32CubeIDE_1.18.0/STM32CubeIDE/plugins/com.st.stm32cube.ide.mcu.externaltools.gnu-tools-for-stm32.13.3.rel1.win32_1.0.0.202411081344/tools/bin/../lib/gcc/arm-none-eabi/13.3.1/../../../../arm-none-eabi/lib/thumb/v7e-m+fp/hard\libc_nano.a(libc_a-mprec.o)
                0x0800e9d4                __mdiff
 .text.__ulp    0x0800eafc       0x4c C:/ST/STM32CubeIDE_1.18.0/STM32CubeIDE/plugins/com.st.stm32cube.ide.mcu.externaltools.gnu-tools-for-stm32.13.3.rel1.win32_1.0.0.202411081344/tools/bin/../lib/gcc/arm-none-eabi/13.3.1/../../../../arm-none-eabi/lib/thumb/v7e-m+fp/hard\libc_nano.a(libc_a-mprec.o)
                0x0800eafc                __ulp
 .text.__b2d    0x0800eb48       0x94 C:/ST/STM32CubeIDE_1.18.0/STM32CubeIDE/plugins/com.st.stm32cube.ide.mcu.externaltools.gnu-tools-for-stm32.13.3.rel1.win32_1.0.0.202411081344/tools/bin/../lib/gcc/arm-none-eabi/13.3.1/../../../../arm-none-eabi/lib/thumb/v7e-m+fp/hard\libc_nano.a(libc_a-mprec.o)
                0x0800eb48                __b2d
 .text.__d2b    0x0800ebdc       0xb0 C:/ST/STM32CubeIDE_1.18.0/STM32CubeIDE/plugins/com.st.stm32cube.ide.mcu.externaltools.gnu-tools-for-stm32.13.3.rel1.win32_1.0.0.202411081344/tools/bin/../lib/gcc/arm-none-eabi/13.3.1/../../../../arm-none-eabi/lib/thumb/v7e-m+fp/hard\libc_nano.a(libc_a-mprec.o)
                0x0800ebdc                __d2b
 .text.__ratio  0x0800ec8c       0x64 C:/ST/STM32CubeIDE_1.18.0/STM32CubeIDE/plugins/com.st.stm32cube.ide.mcu.externaltools.gnu-tools-for-stm32.13.3.rel1.win32_1.0.0.202411081344/tools/bin/../lib/gcc/arm-none-eabi/13.3.1/../../../../arm-none-eabi/lib/thumb/v7e-m+fp/hard\libc_nano.a(libc_a-mprec.o)
                0x0800ec8c                __ratio
 .text.__copybits
                0x0800ecf0       0x46 C:/ST/STM32CubeIDE_1.18.0/STM32CubeIDE/plugins/com.st.stm32cube.ide.mcu.externaltools.gnu-tools-for-stm32.13.3.rel1.win32_1.0.0.202411081344/tools/bin/../lib/gcc/arm-none-eabi/13.3.1/../../../../arm-none-eabi/lib/thumb/v7e-m+fp/hard\libc_nano.a(libc_a-mprec.o)
                0x0800ecf0                __copybits
 .text.__any_on
                0x0800ed36       0x42 C:/ST/STM32CubeIDE_1.18.0/STM32CubeIDE/plugins/com.st.stm32cube.ide.mcu.externaltools.gnu-tools-for-stm32.13.3.rel1.win32_1.0.0.202411081344/tools/bin/../lib/gcc/arm-none-eabi/13.3.1/../../../../arm-none-eabi/lib/thumb/v7e-m+fp/hard\libc_nano.a(libc_a-mprec.o)
                0x0800ed36                __any_on
 .text.__ascii_wctomb
                0x0800ed78       0x1a C:/ST/STM32CubeIDE_1.18.0/STM32CubeIDE/plugins/com.st.stm32cube.ide.mcu.externaltools.gnu-tools-for-stm32.13.3.rel1.win32_1.0.0.202411081344/tools/bin/../lib/gcc/arm-none-eabi/13.3.1/../../../../arm-none-eabi/lib/thumb/v7e-m+fp/hard\libc_nano.a(libc_a-wctomb_r.o)
                0x0800ed78                __ascii_wctomb
 .text.__ssputs_r
                0x0800ed92       0xb6 C:/ST/STM32CubeIDE_1.18.0/STM32CubeIDE/plugins/com.st.stm32cube.ide.mcu.externaltools.gnu-tools-for-stm32.13.3.rel1.win32_1.0.0.202411081344/tools/bin/../lib/gcc/arm-none-eabi/13.3.1/../../../../arm-none-eabi/lib/thumb/v7e-m+fp/hard\libc_nano.a(libc_a-nano-svfprintf.o)
                0x0800ed92                __ssputs_r
 .text._svfprintf_r