Archive member included to satisfy reference by file (symbol)

C:/ST/STM32CubeIDE_1.18.0/STM32CubeIDE/plugins/com.st.stm32cube.ide.mcu.externaltools.gnu-tools-for-stm32.13.3.rel1.win32_1.0.0.202411081344/tools/bin/../lib/gcc/arm-none-eabi/13.3.1/../../../../arm-none-eabi/lib/thumb/v7e-m+fp/hard\libstdc++_nano.a(guard.o)
                              ./Core/Src/MotorController.o (__cxa_guard_acquire)
C:/ST/STM32CubeIDE_1.18.0/STM32CubeIDE/plugins/com.st.stm32cube.ide.mcu.externaltools.gnu-tools-for-stm32.13.3.rel1.win32_1.0.0.202411081344/tools/bin/../lib/gcc/arm-none-eabi/13.3.1/../../../../arm-none-eabi/lib/thumb/v7e-m+fp/hard\libstdc++_nano.a(new_op.o)
                              ./Core/Src/MotorController.o (operator new(unsigned int))
C:/ST/STM32CubeIDE_1.18.0/STM32CubeIDE/plugins/com.st.stm32cube.ide.mcu.externaltools.gnu-tools-for-stm32.13.3.rel1.win32_1.0.0.202411081344/tools/bin/../lib/gcc/arm-none-eabi/13.3.1/../../../../arm-none-eabi/lib/thumb/v7e-m+fp/hard\libstdc++_nano.a(new_handler.o)
                              C:/ST/STM32CubeIDE_1.18.0/STM32CubeIDE/plugins/com.st.stm32cube.ide.mcu.externaltools.gnu-tools-for-stm32.13.3.rel1.win32_1.0.0.202411081344/tools/bin/../lib/gcc/arm-none-eabi/13.3.1/../../../../arm-none-eabi/lib/thumb/v7e-m+fp/hard\libstdc++_nano.a(new_op.o) (std::get_new_handler())
C:/ST/STM32CubeIDE_1.18.0/STM32CubeIDE/plugins/com.st.stm32cube.ide.mcu.externaltools.gnu-tools-for-stm32.13.3.rel1.win32_1.0.0.202411081344/tools/bin/../lib/gcc/arm-none-eabi/13.3.1/../../../../arm-none-eabi/lib/thumb/v7e-m+fp/hard\libc_nano.a(libc_a-abort.o)
                              C:/ST/STM32CubeIDE_1.18.0/STM32CubeIDE/plugins/com.st.stm32cube.ide.mcu.externaltools.gnu-tools-for-stm32.13.3.rel1.win32_1.0.0.202411081344/tools/bin/../lib/gcc/arm-none-eabi/13.3.1/../../../../arm-none-eabi/lib/thumb/v7e-m+fp/hard\libstdc++_nano.a(new_op.o) (abort)
C:/ST/STM32CubeIDE_1.18.0/STM32CubeIDE/plugins/com.st.stm32cube.ide.mcu.externaltools.gnu-tools-for-stm32.13.3.rel1.win32_1.0.0.202411081344/tools/bin/../lib/gcc/arm-none-eabi/13.3.1/../../../../arm-none-eabi/lib/thumb/v7e-m+fp/hard\libc_nano.a(libc_a-atof.o)
                              ./Core/Src/ScreenDisplay.o (atof)
C:/ST/STM32CubeIDE_1.18.0/STM32CubeIDE/plugins/com.st.stm32cube.ide.mcu.externaltools.gnu-tools-for-stm32.13.3.rel1.win32_1.0.0.202411081344/tools/bin/../lib/gcc/arm-none-eabi/13.3.1/../../../../arm-none-eabi/lib/thumb/v7e-m+fp/hard\libc_nano.a(libc_a-exit.o)
                              C:/ST/STM32CubeIDE_1.18.0/STM32CubeIDE/plugins/com.st.stm32cube.ide.mcu.externaltools.gnu-tools-for-stm32.13.3.rel1.win32_1.0.0.202411081344/tools/bin/../lib/gcc/arm-none-eabi/13.3.1/../../../../arm-none-eabi/lib/thumb/v7e-m+fp/hard/crt0.o (exit)
C:/ST/STM32CubeIDE_1.18.0/STM32CubeIDE/plugins/com.st.stm32cube.ide.mcu.externaltools.gnu-tools-for-stm32.13.3.rel1.win32_1.0.0.202411081344/tools/bin/../lib/gcc/arm-none-eabi/13.3.1/../../../../arm-none-eabi/lib/thumb/v7e-m+fp/hard\libc_nano.a(libc_a-malloc.o)
                              ./Middlewares/ST/STM32_USB_Host_Library/Class/CDC/Src/usbh_cdc.o (malloc)
C:/ST/STM32CubeIDE_1.18.0/STM32CubeIDE/plugins/com.st.stm32cube.ide.mcu.externaltools.gnu-tools-for-stm32.13.3.rel1.win32_1.0.0.202411081344/tools/bin/../lib/gcc/arm-none-eabi/13.3.1/../../../../arm-none-eabi/lib/thumb/v7e-m+fp/hard\libc_nano.a(libc_a-mallocr.o)
                              C:/ST/STM32CubeIDE_1.18.0/STM32CubeIDE/plugins/com.st.stm32cube.ide.mcu.externaltools.gnu-tools-for-stm32.13.3.rel1.win32_1.0.0.202411081344/tools/bin/../lib/gcc/arm-none-eabi/13.3.1/../../../../arm-none-eabi/lib/thumb/v7e-m+fp/hard\libc_nano.a(libc_a-malloc.o) (_malloc_r)
C:/ST/STM32CubeIDE_1.18.0/STM32CubeIDE/plugins/com.st.stm32cube.ide.mcu.externaltools.gnu-tools-for-stm32.13.3.rel1.win32_1.0.0.202411081344/tools/bin/../lib/gcc/arm-none-eabi/13.3.1/../../../../arm-none-eabi/lib/thumb/v7e-m+fp/hard\libc_nano.a(libc_a-mlock.o)
                              C:/ST/STM32CubeIDE_1.18.0/STM32CubeIDE/plugins/com.st.stm32cube.ide.mcu.externaltools.gnu-tools-for-stm32.13.3.rel1.win32_1.0.0.202411081344/tools/bin/../lib/gcc/arm-none-eabi/13.3.1/../../../../arm-none-eabi/lib/thumb/v7e-m+fp/hard\libc_nano.a(libc_a-mallocr.o) (__malloc_lock)
C:/ST/STM32CubeIDE_1.18.0/STM32CubeIDE/plugins/com.st.stm32cube.ide.mcu.externaltools.gnu-tools-for-stm32.13.3.rel1.win32_1.0.0.202411081344/tools/bin/../lib/gcc/arm-none-eabi/13.3.1/../../../../arm-none-eabi/lib/thumb/v7e-m+fp/hard\libc_nano.a(libc_a-strtod.o)
                              C:/ST/STM32CubeIDE_1.18.0/STM32CubeIDE/plugins/com.st.stm32cube.ide.mcu.externaltools.gnu-tools-for-stm32.13.3.rel1.win32_1.0.0.202411081344/tools/bin/../lib/gcc/arm-none-eabi/13.3.1/../../../../arm-none-eabi/lib/thumb/v7e-m+fp/hard\libc_nano.a(libc_a-atof.o) (strtod)
[...]
Memory Configuration

Name             Origin             Length             Attributes
CCMRAM           0x10000000         0x00010000         xrw
RAM              0x20000000         0x0001c000         xrw
FLASH            0x08000000         0x00100000         xr
*default*        0x00000000         0xffffffff

Linker script and memory map

LOAD C:/ST/STM32CubeIDE_1.18.0/STM32CubeIDE/plugins/com.st.stm32cube.ide.mcu.externaltools.gnu-tools-for-stm32.13.3.rel1.win32_1.0.0.202411081344/tools/bin/../lib/gcc/arm-none-eabi/13.3.1/thumb/v7e-m+fp/hard/crti.o
LOAD C:/ST/STM32CubeIDE_1.18.0/STM32CubeIDE/plugins/com.st.stm32cube.ide.mcu.externaltools.gnu-tools-for-stm32.13.3.rel1.win32_1.0.0.202411081344/tools/bin/../lib/gcc/arm-none-eabi/13.3.1/thumb/v7e-m+fp/hard/crtbegin.o
LOAD C:/ST/STM32CubeIDE_1.18.0/STM32CubeIDE/plugins/com.st.stm32cube.ide.mcu.externaltools.gnu-tools-for-stm32.13.3.rel1.win32_1.0.0.202411081344/tools/bin/../lib/gcc/arm-none-eabi/13.3.1/../../../../arm-none-eabi/lib/thumb/v7e-m+fp/hard/crt0.o
LOAD ./Core/Src/MotorComputations.o
LOAD ./Core/Src/MotorController.o
LOAD ./Core/Src/ScreenDisplay.o
LOAD ./Core/Src/freertos.o
LOAD ./Core/Src/globals.o
LOAD ./Core/Src/main.o
LOAD ./Core/Src/stm32f4xx_hal_msp.o
LOAD ./Core/Src/stm32f4xx_hal_timebase_tim.o
LOAD ./Core/Src/stm32f4xx_it.o
LOAD ./Core/Src/sysmem.o
LOAD ./Core/Src/system_stm32f4xx.o
LOAD ./Core/Startup/startup_stm32f407vgtx.o
LOAD ./Drivers/STM32F4xx_HAL_Driver/Src/stm32f4xx_hal.o
LOAD ./Drivers/STM32F4xx_HAL_Driver/Src/stm32f4xx_hal_cortex.o
LOAD ./Drivers/STM32F4xx_HAL_Driver/Src/stm32f4xx_hal_dma.o
LOAD ./Drivers/STM32F4xx_HAL_Driver/Src/stm32f4xx_hal_dma_ex.o
LOAD ./Drivers/STM32F4xx_HAL_Driver/Src/stm32f4xx_hal_exti.o
LOAD ./Drivers/STM32F4xx_HAL_Driver/Src/stm32f4xx_hal_flash.o
LOAD ./Drivers/STM32F4xx_HAL_Driver/Src/stm32f4xx_hal_flash_ex.o
LOAD ./Drivers/STM32F4xx_HAL_Driver/Src/stm32f4xx_hal_flash_ramfunc.o
LOAD ./Drivers/STM32F4xx_HAL_Driver/Src/stm32f4xx_hal_gpio.o
LOAD ./Drivers/STM32F4xx_HAL_Driver/Src/stm32f4xx_hal_hcd.o
LOAD ./Drivers/STM32F4xx_HAL_Driver/Src/stm32f4xx_hal_i2c.o
LOAD ./Drivers/STM32F4xx_HAL_Driver/Src/stm32f4xx_hal_i2c_ex.o
LOAD ./Drivers/STM32F4xx_HAL_Driver/Src/stm32f4xx_hal_pwr.o
LOAD ./Drivers/STM32F4xx_HAL_Driver/Src/stm32f4xx_hal_pwr_ex.o
LOAD ./Drivers/STM32F4xx_HAL_Driver/Src/stm32f4xx_hal_rcc.o
LOAD ./Drivers/STM32F4xx_HAL_Driver/Src/stm32f4xx_hal_rcc_ex.o
LOAD ./Drivers/STM32F4xx_HAL_Driver/Src/stm32f4xx_hal_spi.o
LOAD ./Drivers/STM32F4xx_HAL_Driver/Src/stm32f4xx_hal_tim.o
LOAD ./Drivers/STM32F4xx_HAL_Driver/Src/stm32f4xx_hal_tim_ex.o
LOAD ./Drivers/STM32F4xx_HAL_Driver/Src/stm32f4xx_hal_uart.o
LOAD ./Drivers/STM32F4xx_HAL_Driver/Src/stm32f4xx_ll_usb.o
LOAD ./Middlewares/ST/STM32_USB_Host_Library/Class/CDC/Src/usbh_cdc.o
LOAD ./Middlewares/ST/STM32_USB_Host_Library/Core/Src/usbh_core.o
LOAD ./Middlewares/ST/STM32_USB_Host_Library/Core/Src/usbh_ctlreq.o
LOAD ./Middlewares/ST/STM32_USB_Host_Library/Core/Src/usbh_ioreq.o
LOAD ./Middlewares/ST/STM32_USB_Host_Library/Core/Src/usbh_pipes.o
LOAD ./Middlewares/Third_Party/FreeRTOS/Source/CMSIS_RTOS_V2/cmsis_os2.o
LOAD ./Middlewares/Third_Party/FreeRTOS/Source/croutine.o
LOAD ./Middlewares/Third_Party/FreeRTOS/Source/event_groups.o
LOAD ./Middlewares/Third_Party/FreeRTOS/Source/list.o
LOAD ./Middlewares/Third_Party/FreeRTOS/Source/queue.o
LOAD ./Middlewares/Third_Party/FreeRTOS/Source/stream_buffer.o
LOAD ./Middlewares/Third_Party/FreeRTOS/Source/tasks.o
LOAD ./Middlewares/Third_Party/FreeRTOS/Source/timers.o
LOAD ./Middlewares/Third_Party/FreeRTOS/Source/portable/GCC/ARM_CM4F/port.o
LOAD ./Middlewares/Third_Party/FreeRTOS/Source/portable/MemMang/heap_4.o
LOAD ./USB_HOST/App/usb_host.o
LOAD ./USB_HOST/Target/usbh_conf.o
LOAD ./USB_HOST/Target/usbh_platform.o
START GROUP
LOAD C:/ST/STM32CubeIDE_1.18.0/STM32CubeIDE/plugins/com.st.stm32cube.ide.mcu.externaltools.gnu-tools-for-stm32.13.3.rel1.win32_1.0.0.202411081344/tools/bin/../lib/gcc/arm-none-eabi/13.3.1/../../../../arm-none-eabi/lib/thumb/v7e-m+fp/hard\libstdc++_nano.a
LOAD C:/ST/STM32CubeIDE_1.18.0/STM32CubeIDE/plugins/com.st.stm32cube.ide.mcu.externaltools.gnu-tools-for-stm32.13.3.rel1.win32_1.0.0.202411081344/tools/bin/../lib/gcc/arm-none-eabi/13.3.1/../../../../arm-none-eabi/lib/thumb/v7e-m+fp/hard\libsupc++_nano.a
END GROUP
LOAD C:/ST/STM32CubeIDE_1.18.0/STM32CubeIDE/plugins/com.st.stm32cube.ide.mcu.externaltools.gnu-tools-for-stm32.13.3.rel1.win32_1.0.0.202411081344/tools/bin/../lib/gcc/arm-none-eabi/13.3.1/../../../../arm-none-eabi/lib/thumb/v7e-m+fp/hard\libstdc++_nano.a
LOAD C:/ST/STM32CubeIDE_1.18.0/STM32CubeIDE/plugins/com.st.stm32cube.ide.mcu.externaltools.gnu-tools-for-stm32.13.3.rel1.win32_1.0.0.202411081344/tools/bin/../lib/gcc/arm-none-eabi/13.3.1/../../../../arm-none-eabi/lib/thumb/v7e-m+fp/hard\libm.a
LOAD C:/ST/STM32CubeIDE_1.18.0/STM32CubeIDE/plugins/com.st.stm32cube.ide.mcu.externaltools.gnu-tools-for-stm32.13.3.rel1.win32_1.0.0.202411081344/tools/bin/../lib/gcc/arm-none-eabi/13.3.1/../../../../arm-none-eabi/lib/thumb/v7e-m+fp/hard\libc_nano.a
START GROUP
LOAD C:/ST/STM32CubeIDE_1.18.0/STM32CubeIDE/plugins/com.st.stm32cube.ide.mcu.externaltools.gnu-tools-for-stm32.13.3.rel1.win32_1.0.0.202411081344/tools/bin/../lib/gcc/arm-none-eabi/13.3.1/thumb/v7e-m+fp/hard\libgcc.a
LOAD C:/ST/STM32CubeIDE_1.18.0/STM32CubeIDE/plugins/com.st.stm32cube.ide.mcu.externaltools.gnu-tools-for-stm32.13.3.rel1.win32_1.0.0.202411081344/tools/bin/../lib/gcc/arm-none-eabi/13.3.1/../../../../arm-none-eabi/lib/thumb/v7e-m+fp/hard\libc_nano.a
END GROUP
START GROUP
LOAD C:/ST/STM32CubeIDE_1.18.0/STM32CubeIDE/plugins/com.st.stm32cube.ide.mcu.externaltools.gnu-tools-for-stm32.13.3.rel1.win32_1.0.0.202411081344/tools/bin/../lib/gcc/arm-none-eabi/13.3.1/thumb/v7e-m+fp/hard\libgcc.a
LOAD C:/ST/STM32CubeIDE_1.18.0/STM32CubeIDE/plugins/com.st.stm32cube.ide.mcu.externaltools.gnu-tools-for-stm32.13.3.rel1.win32_1.0.0.202411081344/tools/bin/../lib/gcc/arm-none-eabi/13.3.1/../../../../arm-none-eabi/lib/thumb/v7e-m+fp/hard\libc_nano.a
LOAD C:/ST/STM32CubeIDE_1.18.0/STM32CubeIDE/plugins/com.st.stm32cube.ide.mcu.externaltools.gnu-tools-for-stm32.13.3.rel1.win32_1.0.0.202411081344/tools/bin/../lib/gcc/arm-none-eabi/13.3.1/../../../../arm-none-eabi/lib/thumb/v7e-m+fp/hard\libnosys.a
END GROUP
START GROUP
LOAD C:/ST/STM32CubeIDE_1.18.0/STM32CubeIDE/plugins/com.st.stm32cube.ide.mcu.externaltools.gnu-tools-for-stm32.13.3.rel1.win32_1.0.0.202411081344/tools/bin/../lib/gcc/arm-none-eabi/13.3.1/thumb/v7e-m+fp/hard\libgcc.a
LOAD C:/ST/STM32CubeIDE_1.18.0/STM32CubeIDE/plugins/com.st.stm32cube.ide.mcu.externaltools.gnu-tools-for-stm32.13.3.rel1.win32_1.0.0.202411081344/tools/bin/../lib/gcc/arm-none-eabi/13.3.1/../../../../arm-none-eabi/lib/thumb/v7e-m+fp/hard\libc_nano.a
LOAD C:/ST/STM32CubeIDE_1.18.0/STM32CubeIDE/plugins/com.st.stm32cube.ide.mcu.externaltools.gnu-tools-for-stm32.13.3.rel1.win32_1.0.0.202411081344/tools/bin/../lib/gcc/arm-none-eabi/13.3.1/../../../../arm-none-eabi/lib/thumb/v7e-m+fp/hard\libnosys.a
END GROUP
LOAD C:/ST/STM32CubeIDE_1.18.0/STM32CubeIDE/plugins/com.st.stm32cube.ide.mcu.externaltools.gnu-tools-for-stm32.13.3.rel1.win32_1.0.0.202411081344/tools/bin/../lib/gcc/arm-none-eabi/13.3.1/thumb/v7e-m+fp/hard/crtend.o
LOAD C:/ST/STM32CubeIDE_1.18.0/STM32CubeIDE/plugins/com.st.stm32cube.ide.mcu.externaltools.gnu-tools-for-stm32.13.3.rel1.win32_1.0.0.202411081344/tools/bin/../lib/gcc/arm-none-eabi/13.3.1/thumb/v7e-m+fp/hard/crtn.o
                0x2001c000                        _estack = (ORIGIN (RAM) + LENGTH (RAM))
                0x00000800                        _Min_Heap_Size = 0x800
                0x00000800                        _Min_Stack_Size = 0x800

.isr_vector     0x08000000      0x188
                0x08000000                        . = ALIGN (0x4)
 *(.isr_vector)
 .isr_vector    0x08000000      0x188 ./Core/Startup/startup_stm32f407vgtx.o
                0x08000000                g_pfnVectors
                0x08000188                        . = ALIGN (0x4)

.text           0x08000190    0x10a60
                0x08000190                        . = ALIGN (0x4)
 *(.text)
 .text          0x08000190       0x40 C:/ST/STM32CubeIDE_1.18.0/STM32CubeIDE/plugins/com.st.stm32cube.ide.mcu.externaltools.gnu-tools-for-stm32.13.3.rel1.win32_1.0.0.202411081344/tools/bin/../lib/gcc/arm-none-eabi/13.3.1/thumb/v7e-m+fp/hard/crtbegin.o
 .text          0x080001d0       0xa0 C:/ST/STM32CubeIDE_1.18.0/STM32CubeIDE/plugins/com.st.stm32cube.ide.mcu.externaltools.gnu-tools-for-stm32.13.3.rel1.win32_1.0.0.202411081344/tools/bin/../lib/gcc/arm-none-eabi/13.3.1/../../../../arm-none-eabi/lib/thumb/v7e-m+fp/hard\libc_nano.a(libc_a-memchr.o)
                0x080001d0                memchr
 .text          0x08000270       0x10 C:/ST/STM32CubeIDE_1.18.0/STM32CubeIDE/plugins/com.st.stm32cube.ide.mcu.externaltools.gnu-tools-for-stm32.13.3.rel1.win32_1.0.0.202411081344/tools/bin/../lib/gcc/arm-none-eabi/13.3.1/../../../../arm-none-eabi/lib/thumb/v7e-m+fp/hard\libc_nano.a(libc_a-strlen.o)
                0x08000270                strlen
 .text          0x08000280      0x378 C:/ST/STM32CubeIDE_1.18.0/STM32CubeIDE/plugins/com.st.stm32cube.ide.mcu.externaltools.gnu-tools-for-stm32.13.3.rel1.win32_1.0.0.202411081344/tools/bin/../lib/gcc/arm-none-eabi/13.3.1/thumb/v7e-m+fp/hard\libgcc.a(_arm_addsubdf3.o)
                0x08000280                __aeabi_drsub
                0x08000288                __aeabi_dsub
                0x08000288                __subdf3
                0x0800028c                __aeabi_dadd
                0x0800028c                __adddf3
                0x08000504                __floatunsidf
                0x08000504                __aeabi_ui2d
                0x08000524                __floatsidf
                0x08000524                __aeabi_i2d
                0x08000548                __aeabi_f2d
                0x08000548                __extendsfdf2
                0x0800058c                __floatundidf
                0x0800058c                __aeabi_ul2d
                0x0800059c                __floatdidf
                0x0800059c                __aeabi_l2d
 .text          0x080005f8      0x424 C:/ST/STM32CubeIDE_1.18.0/STM32CubeIDE/plugins/com.st.stm32cube.ide.mcu.externaltools.gnu-tools-for-stm32.13.3.rel1.win32_1.0.0.202411081344/tools/bin/../lib/gcc/arm-none-eabi/13.3.1/thumb/v7e-m+fp/hard\libgcc.a(_arm_muldivdf3.o)
                0x080005f8                __aeabi_dmul
                0x080005f8                __muldf3
                0x0800084c                __divdf3
                0x0800084c                __aeabi_ddiv
 .text          0x08000a1c      0x110 C:/ST/STM32CubeIDE_1.18.0/STM32CubeIDE/plugins/com.st.stm32cube.ide.mcu.externaltools.gnu-tools-for-stm32.13.3.rel1.win32_1.0.0.202411081344/tools/bin/../lib/gcc/arm-none-eabi/13.3.1/thumb/v7e-m+fp/hard\libgcc.a(_arm_cmpdf2.o)
                0x08000a1c                __gtdf2
                0x08000a1c                __gedf2
                0x08000a24                __ltdf2
                0x08000a24                __ledf2
                0x08000a2c                __nedf2
                0x08000a2c                __eqdf2
                0x08000a2c                __cmpdf2
                0x08000aa8                __aeabi_cdrcmple
                0x08000ab8                __aeabi_cdcmpeq
                0x08000ab8                __aeabi_cdcmple
                0x08000ac8                __aeabi_dcmpeq
                0x08000adc                __aeabi_dcmplt
                0x08000af0                __aeabi_dcmple
                0x08000b04                __aeabi_dcmpge
                0x08000b18                __aeabi_dcmpgt
 .text          0x08000b2c       0x2c C:/ST/STM32CubeIDE_1.18.0/STM32CubeIDE/plugins/com.st.stm32cube.ide.mcu.externaltools.gnu-tools-for-stm32.13.3.rel1.win32_1.0.0.202411081344/tools/bin/../lib/gcc/arm-none-eabi/13.3.1/thumb/v7e-m+fp/hard\libgcc.a(_arm_unorddf2.o)
                0x08000b2c                __unorddf2
                0x08000b2c                __aeabi_dcmpun
 .text          0x08000b58       0x50 C:/ST/STM32CubeIDE_1.18.0/STM32CubeIDE/plugins/com.st.stm32cube.ide.mcu.externaltools.gnu-tools-for-stm32.13.3.rel1.win32_1.0.0.202411081344/tools/bin/../lib/gcc/arm-none-eabi/13.3.1/thumb/v7e-m+fp/hard\libgcc.a(_arm_fixdfsi.o)
                0x08000b58                __aeabi_d2iz
                0x08000b58                __fixdfsi
 .text          0x08000ba8       0x40 C:/ST/STM32CubeIDE_1.18.0/STM32CubeIDE/plugins/com.st.stm32cube.ide.mcu.externaltools.gnu-tools-for-stm32.13.3.rel1.win32_1.0.0.202411081344/tools/bin/../lib/gcc/arm-none-eabi/13.3.1/thumb/v7e-m+fp/hard\libgcc.a(_arm_fixunsdfsi.o)
                0x08000ba8                __aeabi_d2uiz
                0x08000ba8                __fixunsdfsi
 .text          0x08000be8       0xa0 C:/ST/STM32CubeIDE_1.18.0/STM32CubeIDE/plugins/com.st.stm32cube.ide.mcu.externaltools.gnu-tools-for-stm32.13.3.rel1.win32_1.0.0.202411081344/tools/bin/../lib/gcc/arm-none-eabi/13.3.1/thumb/v7e-m+fp/hard\libgcc.a(_arm_truncdfsf2.o)
                0x08000be8                __truncdfsf2
                0x08000be8                __aeabi_d2f
 .text          0x08000c88       0x30 C:/ST/STM32CubeIDE_1.18.0/STM32CubeIDE/plugins/com.st.stm32cube.ide.mcu.externaltools.gnu-tools-for-stm32.13.3.rel1.win32_1.0.0.202411081344/tools/bin/../lib/gcc/arm-none-eabi/13.3.1/thumb/v7e-m+fp/hard\libgcc.a(_aeabi_uldivmod.o)
                0x08000c88                __aeabi_uldivmod
 .text          0x08000cb8       0x30 C:/ST/STM32CubeIDE_1.18.0/STM32CubeIDE/plugins/com.st.stm32cube.ide.mcu.externaltools.gnu-tools-for-stm32.13.3.rel1.win32_1.0.0.202411081344/tools/bin/../lib/gcc/arm-none-eabi/13.3.1/thumb/v7e-m+fp/hard\libgcc.a(_fixdfdi.o)
                0x08000cb8                __fixdfdi
                0x08000cb8                __aeabi_d2lz
 .text          0x08000ce8       0x3c C:/ST/STM32CubeIDE_1.18.0/STM32CubeIDE/plugins/com.st.stm32cube.ide.mcu.externaltools.gnu-tools-for-stm32.13.3.rel1.win32_1.0.0.202411081344/tools/bin/../lib/gcc/arm-none-eabi/13.3.1/thumb/v7e-m+fp/hard\libgcc.a(_fixunsdfdi.o)
                0x08000ce8                __fixunsdfdi
                0x08000ce8                __aeabi_d2ulz
 .text          0x08000d24      0x2f8 C:/ST/STM32CubeIDE_1.18.0/STM32CubeIDE/plugins/com.st.stm32cube.ide.mcu.externaltools.gnu-tools-for-stm32.13.3.rel1.win32_1.0.0.202411081344/tools/bin/../lib/gcc/arm-none-eabi/13.3.1/thumb/v7e-m+fp/hard\libgcc.a(_udivmoddi4.o)
                0x08000d24                __udivmoddi4
 .text          0x0800101c        0x4 C:/ST/STM32CubeIDE_1.18.0/STM32CubeIDE/plugins/com.st.stm32cube.ide.mcu.externaltools.gnu-tools-for-stm32.13.3.rel1.win32_1.0.0.202411081344/tools/bin/../lib/gcc/arm-none-eabi/13.3.1/thumb/v7e-m+fp/hard\libgcc.a(_dvmd_tls.o)
                0x0800101c                __aeabi_idiv0
                0x0800101c                __aeabi_ldiv0
 *(.text*)
 .text._ZN17MotorComputationsC2Ef
                0x08001020       0x20 ./Core/Src/MotorComputations.o
                0x08001020                MotorComputations::MotorComputations(float)
                0x08001020                MotorComputations::MotorComputations(float)
 .text._ZNK17MotorComputations24computeTorqueFromCurrentEf
                0x08001040       0x28 ./Core/Src/MotorComputations.o
                0x08001040                MotorComputations::computeTorqueFromCurrent(float) const
 .text._ZNK17MotorComputations24computeCurrentFromTorqueEf
                0x08001068       0x2c ./Core/Src/MotorComputations.o
                0x08001068                MotorComputations::computeCurrentFromTorque(float) const
 *fill*         0x08001094        0x4 
 .text._ZNK17MotorComputations12computeOmegaEf
                0x08001098       0x64 ./Core/Src/MotorComputations.o
                0x08001098                MotorComputations::computeOmega(float) const
 .text._ZNK17MotorComputations12computePowerEff
                0x080010fc       0x34 ./Core/Src/MotorComputations.o
                0x080010fc                MotorComputations::computePower(float, float) const
 .text._ZN17MotorComputations17setTorqueConstantEf
                0x08001130       0x1e ./Core/Src/MotorComputations.o
                0x08001130                MotorComputations::setTorqueConstant(float)
 *fill*         0x0800114e        0x2 
 .text._ZN13VESCInterface9getValuesEv
                0x08001150      0x5d8 ./Core/Src/MotorController.o
                0x08001150                VESCInterface::getValues()
 .text._ZN13VESCInterfaceC2EP20__UART_HandleTypeDef
                0x08001728       0x28 ./Core/Src/MotorController.o
                0x08001728                VESCInterface::VESCInterface(__UART_HandleTypeDef*)
                0x08001728                VESCInterface::VESCInterface(__UART_HandleTypeDef*)
 .text._ZN13VESCInterface5crc16EPKht
                0x08001750       0x80 ./Core/Src/MotorController.o
                0x08001750                VESCInterface::crc16(unsigned char const*, unsigned short)
 .text._ZN13VESCInterface10setCurrentEf
                0x080017d0       0x90 ./Core/Src/MotorController.o
                0x080017d0                VESCInterface::setCurrent(float)
 .text._ZN13VESCInterface15setBrakeCurrentEf
                0x08001860       0x90 ./Core/Src/MotorController.o
                0x08001860                VESCInterface::setBrakeCurrent(float)
 .text._ZN13VESCInterface6setRPMEl
                0x080018f0       0x74 ./Core/Src/MotorController.o
                0x080018f0                VESCInterface::setRPM(long)
 .text._ZN13VESCInterface6getRPMEv
                0x08001964       0x30 ./Core/Src/MotorController.o
                0x08001964                VESCInterface::getRPM()
 .text._ZN13VESCInterface10getCurrentEv
                0x08001994       0x30 ./Core/Src/MotorController.o
                0x08001994                VESCInterface::getCurrent()
 .text._ZN13VESCInterface12getDutyCycleEv
                0x080019c4       0x30 ./Core/Src/MotorController.o
                0x080019c4                VESCInterface::getDutyCycle()
 .text._ZN13VESCInterface10getVoltageEv
                0x080019f4       0x30 ./Core/Src/MotorController.o
                0x080019f4                VESCInterface::getVoltage()
 .text._ZSt4fabsf
                0x08001a24       0x20 ./Core/Src/MotorController.o
                0x08001a24                std::fabs(float)
 .text._ZN15MotorControllerC2EP20__UART_HandleTypeDefS1_f
                0x08001a44       0xc4 ./Core/Src/MotorController.o
                0x08001a44                MotorController::MotorController(__UART_HandleTypeDef*, __UART_HandleTypeDef*, float)
                0x08001a44                MotorController::MotorController(__UART_HandleTypeDef*, __UART_HandleTypeDef*, float)
 .text._ZN15MotorController17setTorqueConstantEf
                0x08001b08       0x28 ./Core/Src/MotorController.o
                0x08001b08                MotorController::setTorqueConstant(float)
 .text._ZN15MotorController23calibrateTorqueConstantEv
                0x08001b30       0x9c ./Core/Src/MotorController.o
                0x08001b30                MotorController::calibrateTorqueConstant()
 .text._ZN15MotorController13setLinearGainEf
                0x08001bcc       0x1e ./Core/Src/MotorController.o
                0x08001bcc                MotorController::setLinearGain(float)
 .text._ZN15MotorController7getGainEv
                0x08001bea       0x1e ./Core/Src/MotorController.o
                0x08001bea                MotorController::getGain()
 .text._ZN15MotorController11setrampRateEf
                0x08001c08       0x1e ./Core/Src/MotorController.o
                0x08001c08                MotorController::setrampRate(float)
 *fill*         0x08001c26        0x2 
 .text._ZN15MotorController12setDirectionE13DirectionMode
                0x08001c28       0x28 ./Core/Src/MotorController.o
                0x08001c28                MotorController::setDirection(DirectionMode)
 .text._ZNK15MotorController12getDirectionEv
                0x08001c50       0x18 ./Core/Src/MotorController.o
                0x08001c50                MotorController::getDirection() const
 .text._ZN15MotorController14setControlModeE11ControlMode
                0x08001c68       0x78 ./Core/Src/MotorController.o
                0x08001c68                MotorController::setControlMode(ControlMode)
 .text._ZN15MotorController14getControlModeEv
                0x08001ce0       0x18 ./Core/Src/MotorController.o
                0x08001ce0                MotorController::getControlMode()
 .text._ZN15MotorController14setInstructionEf
                0x08001cf8       0x9c ./Core/Src/MotorController.o
                0x08001cf8                MotorController::setInstruction(float)
 .text._ZN15MotorController10setCadenceEf
                0x08001d94       0x98 ./Core/Src/MotorController.o
                0x08001d94                MotorController::setCadence(float)
 .text._ZN15MotorController10getCadenceEv
                0x08001e2c       0x44 ./Core/Src/MotorController.o
                0x08001e2c                MotorController::getCadence()
 .text._ZN15MotorController9setTorqueEf
                0x08001e70       0xc0 ./Core/Src/MotorController.o
                0x08001e70                MotorController::setTorque(float)
 .text._ZN15MotorController9getTorqueEv
                0x08001f30       0x54 ./Core/Src/MotorController.o
                0x08001f30                MotorController::getTorque()
 .text._ZN15MotorController18setPowerConcentricEf
                0x08001f84      0x124 ./Core/Src/MotorController.o
                0x08001f84                MotorController::setPowerConcentric(float)
 .text._ZN15MotorController17setPowerEccentricEf
                0x080020a8      0x128 ./Core/Src/MotorController.o
                0x080020a8                MotorController::setPowerEccentric(float)
 .text._ZN15MotorController8getPowerEv
                0x080021d0       0x54 ./Core/Src/MotorController.o
                0x080021d0                MotorController::getPower()
 .text._ZN15MotorController9setLinearEff
                0x08002224       0xa0 ./Core/Src/MotorController.o
                0x08002224                MotorController::setLinear(float, float)
 .text._ZN15MotorController6updateEf
                0x080022c4       0x30 ./Core/Src/MotorController.o
                0x080022c4                MotorController::update(float)
 .text._ZN15MotorController13emergencyStopEv
                0x080022f4       0x4c ./Core/Src/MotorController.o
                0x080022f4                MotorController::emergencyStop()
 .text._ZNK15MotorController10getVoltageEv
                0x08002340      0x14c ./Core/Src/MotorController.o
                0x08002340                MotorController::getVoltage() const
 .text._ZN15MotorController14applyDirectionEf
                0x0800248c       0x30 ./Core/Src/MotorController.o
                0x0800248c                MotorController::applyDirection(float)
 .text._ZN15MotorController12getDutyCycleEv
                0x080024bc       0x26 ./Core/Src/MotorController.o
                0x080024bc                MotorController::getDutyCycle()
 .text._ZN15MotorController12updateScreenEv
                0x080024e2       0xd6 ./Core/Src/MotorController.o
                0x080024e2                MotorController::updateScreen()
 .text._ZN15MotorController16updateFromScreenEv
                0x080025b8      0x39c ./Core/Src/MotorController.o
                0x080025b8                MotorController::updateFromScreen()
 .text._ZSt5isinff
                0x08002954       0x48 ./Core/Src/ScreenDisplay.o
                0x08002954                std::isinf(float)
 .text._ZSt5isnanf
                0x0800299c       0x38 ./Core/Src/ScreenDisplay.o
                0x0800299c                std::isnan(float)
 .text._ZN13ScreenDisplayC2EP20__UART_HandleTypeDef
                0x080029d4       0x2a ./Core/Src/ScreenDisplay.o
                0x080029d4                ScreenDisplay::ScreenDisplay(__UART_HandleTypeDef*)
                0x080029d4                ScreenDisplay::ScreenDisplay(__UART_HandleTypeDef*)
 *fill*         0x080029fe        0x2 
 .text._ZN13ScreenDisplay11sendCommandEPKc
                0x08002a00       0x54 ./Core/Src/ScreenDisplay.o
                0x08002a00                ScreenDisplay::sendCommand(char const*)
 .text._ZN13ScreenDisplay8sendTextEPKcS1_
                0x08002a54       0x38 ./Core/Src/ScreenDisplay.o
                0x08002a54                ScreenDisplay::sendText(char const*, char const*)
 .text._ZN13ScreenDisplay9sendValueEPKcfS1_
                0x08002a8c       0x58 ./Core/Src/ScreenDisplay.o
                0x08002a8c                ScreenDisplay::sendValue(char const*, float, char const*)
 .text._ZN13ScreenDisplay15clearUartBufferEv
                0x08002ae4       0x3c ./Core/Src/ScreenDisplay.o
                0x08002ae4                ScreenDisplay::clearUartBuffer()
 .text._ZN13ScreenDisplay11showCadenceEf
                0x08002b20       0x2c ./Core/Src/ScreenDisplay.o
                0x08002b20                ScreenDisplay::showCadence(float)
 .text._ZN13ScreenDisplay10showTorqueEf
                0x08002b4c       0x2c ./Core/Src/ScreenDisplay.o
                0x08002b4c                ScreenDisplay::showTorque(float)
 .text._ZN13ScreenDisplay9showPowerEf
                0x08002b78       0x2c ./Core/Src/ScreenDisplay.o
                0x08002b78                ScreenDisplay::showPower(float)
 .text._ZN13ScreenDisplay7showAllEfff
                0x08002ba4       0x88 ./Core/Src/ScreenDisplay.o
                0x08002ba4                ScreenDisplay::showAll(float, float, float)
 .text._ZN13ScreenDisplay8showModeE11ControlMode
                0x08002c2c       0x7c ./Core/Src/ScreenDisplay.o
                0x08002c2c                ScreenDisplay::showMode(ControlMode)
 .text._ZN13ScreenDisplay8showGainEf
                0x08002ca8       0x2c ./Core/Src/ScreenDisplay.o
                0x08002ca8                ScreenDisplay::showGain(float)
 .text._ZN13ScreenDisplay9readInt32Ev
                0x08002cd4       0x5c ./Core/Src/ScreenDisplay.o
                0x08002cd4                ScreenDisplay::readInt32()
 .text._ZN13ScreenDisplay14getUserCadenceEv
                0x08002d30      0x15c ./Core/Src/ScreenDisplay.o
                0x08002d30                ScreenDisplay::getUserCadence()
 .text._ZN13ScreenDisplay12getUserPowerEv
                0x08002e8c      0x158 ./Core/Src/ScreenDisplay.o
                0x08002e8c                ScreenDisplay::getUserPower()
 .text._ZN13ScreenDisplay13getUserTorqueEv
                0x08002fe4      0x158 ./Core/Src/ScreenDisplay.o
                0x08002fe4                ScreenDisplay::getUserTorque()
 .text._ZN13ScreenDisplay17getUserLinearGainEv
                0x0800313c      0x168 ./Core/Src/ScreenDisplay.o
                0x0800313c                ScreenDisplay::getUserLinearGain()
 .text._ZN13ScreenDisplay13showDutyCycleEf
                0x080032a4       0x40 ./Core/Src/ScreenDisplay.o
                0x080032a4                ScreenDisplay::showDutyCycle(float)
 .text._ZN13ScreenDisplay13showDirectionE13DirectionMode
                0x080032e4       0x34 ./Core/Src/ScreenDisplay.o
                0x080032e4                ScreenDisplay::showDirection(DirectionMode)
 .text._ZN13ScreenDisplay7getStopEv
                0x08003318      0x13c ./Core/Src/ScreenDisplay.o
                0x08003318                ScreenDisplay::getStop()
 .text._ZN13ScreenDisplay7getModeEv
                0x08003454      0x1cc ./Core/Src/ScreenDisplay.o
                0x08003454                ScreenDisplay::getMode()
 .text._ZN13ScreenDisplay12getDirectionEv
                0x08003620      0x114 ./Core/Src/ScreenDisplay.o
                0x08003620                ScreenDisplay::getDirection()
 .text._ZN13ScreenDisplay11getRampRateEv
                0x08003734       0x30 ./Core/Src/ScreenDisplay.o
                0x08003734                ScreenDisplay::getRampRate()
 .text._ZN13ScreenDisplay19getCalibrateRequestEv
                0x08003764       0x30 ./Core/Src/ScreenDisplay.o
                0x08003764                ScreenDisplay::getCalibrateRequest()
 .text.StartTaskUpdateS
                0x08003794       0x44 ./Core/Src/freertos.o
                0x08003794                StartTaskUpdateS
 .text.StartTaskUpdatefromS
                0x080037d8       0x44 ./Core/Src/freertos.o
                0x080037d8                StartTaskUpdatefromS
 .text.StartTaskLinearControl
                0x0800381c       0x68 ./Core/Src/freertos.o
                0x0800381c                StartTaskLinearControl
 .text._Z16MX_FREERTOS_Initv
                0x08003884       0x88 ./Core/Src/freertos.o
                0x08003884                MX_FREERTOS_Init()
 .text.main     0x0800390c       0x30 ./Core/Src/main.o
                0x0800390c                main
 .text._Z18SystemClock_Configv
                0x0800393c       0xe8 ./Core/Src/main.o
                0x0800393c                SystemClock_Config()
 .text._ZL12MX_I2C1_Initv
                0x08003a24       0x68 ./Core/Src/main.o
 .text._ZL12MX_SPI1_Initv
                0x08003a8c       0x78 ./Core/Src/main.o
 .text._ZL19MX_USART2_UART_Initv
                0x08003b04       0x5c ./Core/Src/main.o
 .text._ZL19MX_USART3_UART_Initv
                0x08003b60       0x5c ./Core/Src/main.o
 .text._ZL12MX_GPIO_Initv
                0x08003bbc      0x23c ./Core/Src/main.o
 .text.HAL_TIM_PeriodElapsedCallback
                0x08003df8       0x24 ./Core/Src/main.o
                0x08003df8                HAL_TIM_PeriodElapsedCallback
 .text.Error_Handler
                0x08003e1c        0xc ./Core/Src/main.o
                0x08003e1c                Error_Handler
 .text._write   0x08003e28       0x2c ./Core/Src/main.o
                0x08003e28                _write
 .text._close   0x08003e54       0x18 ./Core/Src/main.o
                0x08003e54                _close
 .text._fstat   0x08003e6c       0x18 ./Core/Src/main.o
                0x08003e6c                _fstat
 .text._isatty  0x08003e84       0x16 ./Core/Src/main.o
                0x08003e84                _isatty
 .text._lseek   0x08003e9a       0x1a ./Core/Src/main.o
                0x08003e9a                _lseek
 .text._read    0x08003eb4       0x1a ./Core/Src/main.o
                0x08003eb4                _read
 .text._kill    0x08003ece       0x1a ./Core/Src/main.o
                0x08003ece                _kill
 .text._getpid  0x08003ee8       0x10 ./Core/Src/main.o
                0x08003ee8                _getpid
 .text._Z41__static_initialization_and_destruction_0v
                0x08003ef8       0x28 ./Core/Src/main.o
 .text._GLOBAL__sub_I_hi2c1
                0x08003f20        0xa ./Core/Src/main.o
 *fill*         0x08003f2a        0x2 
 .text.HAL_MspInit
                0x08003f2c       0x58 ./Core/Src/stm32f4xx_hal_msp.o
                0x08003f2c                HAL_MspInit
 .text.HAL_I2C_MspInit
                0x08003f84       0x90 ./Core/Src/stm32f4xx_hal_msp.o
                0x08003f84                HAL_I2C_MspInit
 .text.HAL_SPI_MspInit
                0x08004014       0x90 ./Core/Src/stm32f4xx_hal_msp.o
                0x08004014                HAL_SPI_MspInit
 .text.HAL_UART_MspInit
                0x080040a4      0x150 ./Core/Src/stm32f4xx_hal_msp.o
                0x080040a4                HAL_UART_MspInit
 .text.HAL_InitTick
                0x080041f4       0xf8 ./Core/Src/stm32f4xx_hal_timebase_tim.o
                0x080041f4                HAL_InitTick
 .text.NMI_Handler
                0x080042ec        0x8 ./Core/Src/stm32f4xx_it.o
                0x080042ec                NMI_Handler
 .text.HardFault_Handler
                0x080042f4        0x8 ./Core/Src/stm32f4xx_it.o
                0x080042f4                HardFault_Handler
 .text.MemManage_Handler
                0x080042fc        0x8 ./Core/Src/stm32f4xx_it.o
                0x080042fc                MemManage_Handler
 .text.BusFault_Handler
                0x08004304        0x8 ./Core/Src/stm32f4xx_it.o
                0x08004304                BusFault_Handler
 .text.UsageFault_Handler
                0x0800430c        0x8 ./Core/Src/stm32f4xx_it.o
                0x0800430c                UsageFault_Handler
 .text.DebugMon_Handler
                0x08004314        0xe ./Core/Src/stm32f4xx_it.o
                0x08004314                DebugMon_Handler
 *fill*         0x08004322        0x2 
 .text.USART3_IRQHandler
                0x08004324       0x14 ./Core/Src/stm32f4xx_it.o
                0x08004324                USART3_IRQHandler
 .text.TIM6_DAC_IRQHandler
                0x08004338       0x14 ./Core/Src/stm32f4xx_it.o
                0x08004338                TIM6_DAC_IRQHandler
 .text.OTG_FS_IRQHandler
                0x0800434c       0x14 ./Core/Src/stm32f4xx_it.o
                0x0800434c                OTG_FS_IRQHandler
 .text._sbrk    0x08004360       0x6c ./Core/Src/sysmem.o
                0x08004360                _sbrk
 .text.SystemInit
                0x080043cc       0x24 ./Core/Src/system_stm32f4xx.o
                0x080043cc                SystemInit
 .text.Reset_Handler
                0x080043f0       0x50 ./Core/Startup/startup_stm32f407vgtx.o
                0x080043f0                Reset_Handler
 .text.Default_Handler
                0x08004440        0x2 ./Core/Startup/startup_stm32f407vgtx.o
                0x08004440                RTC_Alarm_IRQHandler
                0x08004440                HASH_RNG_IRQHandler
                0x08004440                EXTI2_IRQHandler
                0x08004440                TIM8_CC_IRQHandler
                0x08004440                TIM1_CC_IRQHandler
                0x08004440                DMA2_Stream5_IRQHandler
                0x08004440                DMA1_Stream5_IRQHandler
                0x08004440                PVD_IRQHandler
                0x08004440                SDIO_IRQHandler
                0x08004440                TAMP_STAMP_IRQHandler
                0x08004440                CAN2_RX1_IRQHandler
                0x08004440                EXTI3_IRQHandler
                0x08004440                TIM8_TRG_COM_TIM14_IRQHandler
                0x08004440                TIM1_UP_TIM10_IRQHandler
                0x08004440                TIM8_UP_TIM13_IRQHandler
                0x08004440                I2C3_ER_IRQHandler
                0x08004440                EXTI0_IRQHandler
                0x08004440                I2C2_EV_IRQHandler
                0x08004440                DMA1_Stream2_IRQHandler
                0x08004440                CAN1_RX0_IRQHandler
                0x08004440                FPU_IRQHandler
                0x08004440                OTG_HS_WKUP_IRQHandler
                0x08004440                CAN2_SCE_IRQHandler
                0x08004440                DMA2_Stream2_IRQHandler
                0x08004440                SPI1_IRQHandler
                0x08004440                TIM1_BRK_TIM9_IRQHandler
                0x08004440                DCMI_IRQHandler
                0x08004440                CAN2_RX0_IRQHandler
                0x08004440                DMA2_Stream3_IRQHandler
                0x08004440                USART6_IRQHandler
                0x08004440                CAN1_RX1_IRQHandler
                0x08004440                UART5_IRQHandler
                0x08004440                DMA2_Stream0_IRQHandler
                0x08004440                TIM4_IRQHandler
                0x08004440                I2C1_EV_IRQHandler
                0x08004440                DMA1_Stream6_IRQHandler
                0x08004440                DMA1_Stream1_IRQHandler
                0x08004440                UART4_IRQHandler
                0x08004440                TIM3_IRQHandler
                0x08004440                RCC_IRQHandler
                0x08004440                TIM8_BRK_TIM12_IRQHandler
                0x08004440                Default_Handler
                0x08004440                EXTI15_10_IRQHandler
                0x08004440                ADC_IRQHandler
                0x08004440                DMA1_Stream7_IRQHandler
                0x08004440                TIM7_IRQHandler
                0x08004440                CAN2_TX_IRQHandler
                0x08004440                TIM5_IRQHandler
                0x08004440                DMA2_Stream7_IRQHandler
                0x08004440                I2C3_EV_IRQHandler
                0x08004440                EXTI9_5_IRQHandler
                0x08004440                RTC_WKUP_IRQHandler
                0x08004440                ETH_WKUP_IRQHandler
                0x08004440                SPI2_IRQHandler
                0x08004440                OTG_HS_EP1_IN_IRQHandler
                0x08004440                DMA1_Stream0_IRQHandler
                0x08004440                CAN1_TX_IRQHandler
                0x08004440                EXTI4_IRQHandler
                0x08004440                FSMC_IRQHandler
                0x08004440                ETH_IRQHandler
                0x08004440                OTG_HS_EP1_OUT_IRQHandler
                0x08004440                WWDG_IRQHandler
                0x08004440                TIM2_IRQHandler
                0x08004440                OTG_FS_WKUP_IRQHandler
                0x08004440                TIM1_TRG_COM_TIM11_IRQHandler
                0x08004440                OTG_HS_IRQHandler
                0x08004440                EXTI1_IRQHandler
                0x08004440                USART2_IRQHandler
                0x08004440                I2C2_ER_IRQHandler
                0x08004440                DMA2_Stream1_IRQHandler
                0x08004440                CAN1_SCE_IRQHandler
                0x08004440                FLASH_IRQHandler
                0x08004440                DMA2_Stream4_IRQHandler
                0x08004440                USART1_IRQHandler
                0x08004440                SPI3_IRQHandler
                0x08004440                DMA1_Stream4_IRQHandler
                0x08004440                I2C1_ER_IRQHandler
                0x08004440                DMA2_Stream6_IRQHandler
                0x08004440                DMA1_Stream3_IRQHandler
 *fill*         0x08004442        0x2 
 .text.HAL_Init
                0x08004444       0x44 ./Drivers/STM32F4xx_HAL_Driver/Src/stm32f4xx_hal.o
                0x08004444                HAL_Init
 .text.HAL_IncTick
                0x08004488       0x28 ./Drivers/STM32F4xx_HAL_Driver/Src/stm32f4xx_hal.o
                0x08004488                HAL_IncTick
 .text.HAL_GetTick
                0x080044b0       0x18 ./Drivers/STM32F4xx_HAL_Driver/Src/stm32f4xx_hal.o
                0x080044b0                HAL_GetTick
 .text.HAL_Delay
                0x080044c8       0x48 ./Drivers/STM32F4xx_HAL_Driver/Src/stm32f4xx_hal.o
                0x080044c8                HAL_Delay
 .text.__NVIC_SetPriorityGrouping
                0x08004510       0x48 ./Drivers/STM32F4xx_HAL_Driver/Src/stm32f4xx_hal_cortex.o
 .text.__NVIC_GetPriorityGrouping
                0x08004558       0x1c ./Drivers/STM32F4xx_HAL_Driver/Src/stm32f4xx_hal_cortex.o
 .text.__NVIC_EnableIRQ
                0x08004574       0x3c ./Drivers/STM32F4xx_HAL_Driver/Src/stm32f4xx_hal_cortex.o
 .text.__NVIC_SetPriority
                0x080045b0       0x54 ./Drivers/STM32F4xx_HAL_Driver/Src/stm32f4xx_hal_cortex.o
 .text.NVIC_EncodePriority
                0x08004604       0x66 ./Drivers/STM32F4xx_HAL_Driver/Src/stm32f4xx_hal_cortex.o
 .text.HAL_NVIC_SetPriorityGrouping
                0x0800466a       0x16 ./Drivers/STM32F4xx_HAL_Driver/Src/stm32f4xx_hal_cortex.o
                0x0800466a                HAL_NVIC_SetPriorityGrouping
 .text.HAL_NVIC_SetPriority
                0x08004680       0x38 ./Drivers/STM32F4xx_HAL_Driver/Src/stm32f4xx_hal_cortex.o
                0x08004680                HAL_NVIC_SetPriority
 .text.HAL_NVIC_EnableIRQ
                0x080046b8       0x1c ./Drivers/STM32F4xx_HAL_Driver/Src/stm32f4xx_hal_cortex.o
                0x080046b8                HAL_NVIC_EnableIRQ
 .text.HAL_DMA_Abort
                0x080046d4       0xe0 ./Drivers/STM32F4xx_HAL_Driver/Src/stm32f4xx_hal_dma.o
                0x080046d4                HAL_DMA_Abort
 .text.HAL_DMA_Abort_IT
                0x080047b4       0x44 ./Drivers/STM32F4xx_HAL_Driver/Src/stm32f4xx_hal_dma.o
                0x080047b4                HAL_DMA_Abort_IT
 .text.HAL_GPIO_Init
                0x080047f8      0x338 ./Drivers/STM32F4xx_HAL_Driver/Src/stm32f4xx_hal_gpio.o
                0x080047f8                HAL_GPIO_Init
 .text.HAL_GPIO_WritePin
                0x08004b30       0x32 ./Drivers/STM32F4xx_HAL_Driver/Src/stm32f4xx_hal_gpio.o
                0x08004b30                HAL_GPIO_WritePin
 .text.HAL_HCD_IRQHandler
                0x08004b62      0x220 ./Drivers/STM32F4xx_HAL_Driver/Src/stm32f4xx_hal_hcd.o
                0x08004b62                HAL_HCD_IRQHandler
 .text.HAL_HCD_Stop
                0x08004d82       0x3a ./Drivers/STM32F4xx_HAL_Driver/Src/stm32f4xx_hal_hcd.o
                0x08004d82                HAL_HCD_Stop
 .text.HCD_HC_IN_IRQHandler
                0x08004dbc      0xcd2 ./Drivers/STM32F4xx_HAL_Driver/Src/stm32f4xx_hal_hcd.o
 .text.HCD_HC_OUT_IRQHandler
                0x08005a8e      0x97e ./Drivers/STM32F4xx_HAL_Driver/Src/stm32f4xx_hal_hcd.o
 .text.HCD_RXQLVL_IRQHandler
                0x0800640c      0x1be ./Drivers/STM32F4xx_HAL_Driver/Src/stm32f4xx_hal_hcd.o
 .text.HCD_Port_IRQHandler
                0x080065ca       0xe6 ./Drivers/STM32F4xx_HAL_Driver/Src/stm32f4xx_hal_hcd.o
 .text.HAL_I2C_Init
                0x080066b0      0x288 ./Drivers/STM32F4xx_HAL_Driver/Src/stm32f4xx_hal_i2c.o
                0x080066b0                HAL_I2C_Init
 .text.HAL_RCC_OscConfig
                0x08006938      0x4f0 ./Drivers/STM32F4xx_HAL_Driver/Src/stm32f4xx_hal_rcc.o
                0x08006938                HAL_RCC_OscConfig
 .text.HAL_RCC_ClockConfig
                0x08006e28      0x1cc ./Drivers/STM32F4xx_HAL_Driver/Src/stm32f4xx_hal_rcc.o
                0x08006e28                HAL_RCC_ClockConfig
 .text.HAL_RCC_GetSysClockFreq
                0x08006ff4      0x20c ./Drivers/STM32F4xx_HAL_Driver/Src/stm32f4xx_hal_rcc.o
                0x08006ff4                HAL_RCC_GetSysClockFreq
 .text.HAL_RCC_GetHCLKFreq
                0x08007200       0x18 ./Drivers/STM32F4xx_HAL_Driver/Src/stm32f4xx_hal_rcc.o
                0x08007200                HAL_RCC_GetHCLKFreq
 .text.HAL_RCC_GetPCLK1Freq
                0x08007218       0x28 ./Drivers/STM32F4xx_HAL_Driver/Src/stm32f4xx_hal_rcc.o
                0x08007218                HAL_RCC_GetPCLK1Freq
 .text.HAL_RCC_GetPCLK2Freq
                0x08007240       0x28 ./Drivers/STM32F4xx_HAL_Driver/Src/stm32f4xx_hal_rcc.o
                0x08007240                HAL_RCC_GetPCLK2Freq
 .text.HAL_RCC_GetClockConfig
                0x08007268       0x64 ./Drivers/STM32F4xx_HAL_Driver/Src/stm32f4xx_hal_rcc.o
                0x08007268                HAL_RCC_GetClockConfig
 .text.HAL_SPI_Init
                0x080072cc      0x112 ./Drivers/STM32F4xx_HAL_Driver/Src/stm32f4xx_hal_spi.o
                0x080072cc                HAL_SPI_Init
 .text.HAL_TIM_Base_Init
                0x080073de       0x9e ./Drivers/STM32F4xx_HAL_Driver/Src/stm32f4xx_hal_tim.o
                0x080073de                HAL_TIM_Base_Init
 .text.HAL_TIM_Base_MspInit
                0x0800747c       0x14 ./Drivers/STM32F4xx_HAL_Driver/Src/stm32f4xx_hal_tim.o
                0x0800747c                HAL_TIM_Base_MspInit
 .text.HAL_TIM_Base_Start_IT
                0x08007490       0xe0 ./Drivers/STM32F4xx_HAL_Driver/Src/stm32f4xx_hal_tim.o
                0x08007490                HAL_TIM_Base_Start_IT
 .text.HAL_TIM_IRQHandler
                0x08007570      0x1e0 ./Drivers/STM32F4xx_HAL_Driver/Src/stm32f4xx_hal_tim.o
                0x08007570                HAL_TIM_IRQHandler
 .text.HAL_TIM_OC_DelayElapsedCallback
                0x08007750       0x14 ./Drivers/STM32F4xx_HAL_Driver/Src/stm32f4xx_hal_tim.o
                0x08007750                HAL_TIM_OC_DelayElapsedCallback
 .text.HAL_TIM_IC_CaptureCallback
                0x08007764       0x14 ./Drivers/STM32F4xx_HAL_Driver/Src/stm32f4xx_hal_tim.o
                0x08007764                HAL_TIM_IC_CaptureCallback
 .text.HAL_TIM_PWM_PulseFinishedCallback
                0x08007778       0x14 ./Drivers/STM32F4xx_HAL_Driver/Src/stm32f4xx_hal_tim.o
                0x08007778                HAL_TIM_PWM_PulseFinishedCallback
 .text.HAL_TIM_TriggerCallback
                0x0800778c       0x14 ./Drivers/STM32F4xx_HAL_Driver/Src/stm32f4xx_hal_tim.o
                0x0800778c                HAL_TIM_TriggerCallback
 .text.TIM_Base_SetConfig
                0x080077a0      0x158 ./Drivers/STM32F4xx_HAL_Driver/Src/stm32f4xx_hal_tim.o
                0x080077a0                TIM_Base_SetConfig
 .text.HAL_TIMEx_CommutCallback
                0x080078f8       0x14 ./Drivers/STM32F4xx_HAL_Driver/Src/stm32f4xx_hal_tim_ex.o
                0x080078f8                HAL_TIMEx_CommutCallback
 .text.HAL_TIMEx_BreakCallback
                0x0800790c       0x14 ./Drivers/STM32F4xx_HAL_Driver/Src/stm32f4xx_hal_tim_ex.o
                0x0800790c                HAL_TIMEx_BreakCallback
 .text.HAL_UART_Init
                0x08007920       0xa0 ./Drivers/STM32F4xx_HAL_Driver/Src/stm32f4xx_hal_uart.o
                0x08007920                HAL_UART_Init
 .text.HAL_UART_Transmit
                0x080079c0      0x116 ./Drivers/STM32F4xx_HAL_Driver/Src/stm32f4xx_hal_uart.o
                0x080079c0                HAL_UART_Transmit
 .text.HAL_UART_Receive
                0x08007ad6      0x12e ./Drivers/STM32F4xx_HAL_Driver/Src/stm32f4xx_hal_uart.o
                0x08007ad6                HAL_UART_Receive
 .text.HAL_UART_IRQHandler
                0x08007c04      0x524 ./Drivers/STM32F4xx_HAL_Driver/Src/stm32f4xx_hal_uart.o
                0x08007c04                HAL_UART_IRQHandler
 .text.HAL_UART_TxCpltCallback
                0x08008128       0x14 ./Drivers/STM32F4xx_HAL_Driver/Src/stm32f4xx_hal_uart.o
                0x08008128                HAL_UART_TxCpltCallback
 .text.HAL_UART_RxCpltCallback
                0x0800813c       0x14 ./Drivers/STM32F4xx_HAL_Driver/Src/stm32f4xx_hal_uart.o
                0x0800813c                HAL_UART_RxCpltCallback
 .text.HAL_UART_ErrorCallback
                0x08008150       0x14 ./Drivers/STM32F4xx_HAL_Driver/Src/stm32f4xx_hal_uart.o
                0x08008150                HAL_UART_ErrorCallback
 .text.HAL_UARTEx_RxEventCallback
                0x08008164       0x18 ./Drivers/STM32F4xx_HAL_Driver/Src/stm32f4xx_hal_uart.o
                0x08008164                HAL_UARTEx_RxEventCallback
 .text.UART_WaitOnFlagUntilTimeout
                0x0800817c       0xb2 ./Drivers/STM32F4xx_HAL_Driver/Src/stm32f4xx_hal_uart.o
 .text.UART_EndRxTransfer
                0x0800822e       0xc6 ./Drivers/STM32F4xx_HAL_Driver/Src/stm32f4xx_hal_uart.o
 .text.UART_DMAAbortOnError
                0x080082f4       0x28 ./Drivers/STM32F4xx_HAL_Driver/Src/stm32f4xx_hal_uart.o
 .text.UART_Transmit_IT
                0x0800831c       0xa0 ./Drivers/STM32F4xx_HAL_Driver/Src/stm32f4xx_hal_uart.o
 .text.UART_EndTransmit_IT
                0x080083bc       0x30 ./Drivers/STM32F4xx_HAL_Driver/Src/stm32f4xx_hal_uart.o
 .text.UART_Receive_IT
                0x080083ec      0x17c ./Drivers/STM32F4xx_HAL_Driver/Src/stm32f4xx_hal_uart.o
 .text.UART_SetConfig
                0x08008568      0x4e8 ./Drivers/STM32F4xx_HAL_Driver/Src/stm32f4xx_hal_uart.o
 .text.USB_EnableGlobalInt
                0x08008a50       0x22 ./Drivers/STM32F4xx_HAL_Driver/Src/stm32f4xx_ll_usb.o
                0x08008a50                USB_EnableGlobalInt
 .text.USB_DisableGlobalInt
                0x08008a72       0x22 ./Drivers/STM32F4xx_HAL_Driver/Src/stm32f4xx_ll_usb.o
                0x08008a72                USB_DisableGlobalInt
 .text.USB_FlushTxFifo
                0x08008a94       0x64 ./Drivers/STM32F4xx_HAL_Driver/Src/stm32f4xx_ll_usb.o
                0x08008a94                USB_FlushTxFifo
 .text.USB_FlushRxFifo
                0x08008af8       0x5c ./Drivers/STM32F4xx_HAL_Driver/Src/stm32f4xx_ll_usb.o
                0x08008af8                USB_FlushRxFifo
 .text.USB_ReadPacket
                0x08008b54       0xb0 ./Drivers/STM32F4xx_HAL_Driver/Src/stm32f4xx_ll_usb.o
                0x08008b54                USB_ReadPacket
 .text.USB_ReadInterrupts
                0x08008c04       0x26 ./Drivers/STM32F4xx_HAL_Driver/Src/stm32f4xx_ll_usb.o
                0x08008c04                USB_ReadInterrupts
 .text.USB_ReadChInterrupts
                0x08008c2a       0x42 ./Drivers/STM32F4xx_HAL_Driver/Src/stm32f4xx_ll_usb.o
                0x08008c2a                USB_ReadChInterrupts
 .text.USB_GetMode
                0x08008c6c       0x1c ./Drivers/STM32F4xx_HAL_Driver/Src/stm32f4xx_ll_usb.o
                0x08008c6c                USB_GetMode
 .text.USB_InitFSLSPClkSel
                0x08008c88       0x7a ./Drivers/STM32F4xx_HAL_Driver/Src/stm32f4xx_ll_usb.o
                0x08008c88                USB_InitFSLSPClkSel
 .text.USB_HC_ReadInterrupt
                0x08008d02       0x22 ./Drivers/STM32F4xx_HAL_Driver/Src/stm32f4xx_ll_usb.o
                0x08008d02                USB_HC_ReadInterrupt
 .text.USB_HC_Halt
                0x08008d24      0x240 ./Drivers/STM32F4xx_HAL_Driver/Src/stm32f4xx_ll_usb.o
                0x08008d24                USB_HC_Halt
 .text.USB_StopHost
                0x08008f64      0x124 ./Drivers/STM32F4xx_HAL_Driver/Src/stm32f4xx_ll_usb.o
                0x08008f64                USB_StopHost
 .text.USBH_LL_IncTimer
                0x08009088       0x24 ./Middlewares/ST/STM32_USB_Host_Library/Core/Src/usbh_core.o
                0x08009088                USBH_LL_IncTimer
 .text.USBH_HandleSof
                0x080090ac       0x30 ./Middlewares/ST/STM32_USB_Host_Library/Core/Src/usbh_core.o
 .text.USBH_LL_PortEnabled
                0x080090dc       0x34 ./Middlewares/ST/STM32_USB_Host_Library/Core/Src/usbh_core.o
                0x080090dc                USBH_LL_PortEnabled
 .text.USBH_LL_PortDisabled
                0x08009110       0x1c ./Middlewares/ST/STM32_USB_Host_Library/Core/Src/usbh_core.o
                0x08009110                USBH_LL_PortDisabled
 .text.USBH_LL_Connect
                0x0800912c       0x46 ./Middlewares/ST/STM32_USB_Host_Library/Core/Src/usbh_core.o
                0x0800912c                USBH_LL_Connect
 .text.USBH_LL_Disconnect
                0x08009172       0x64 ./Middlewares/ST/STM32_USB_Host_Library/Core/Src/usbh_core.o
                0x08009172                USBH_LL_Disconnect
 .text.USBH_LL_NotifyURBChange
                0x080091d6       0x2e ./Middlewares/ST/STM32_USB_Host_Library/Core/Src/usbh_core.o
                0x080091d6                USBH_LL_NotifyURBChange
 .text.USBH_FreePipe
                0x08009204       0x3c ./Middlewares/ST/STM32_USB_Host_Library/Core/Src/usbh_pipes.o
                0x08009204                USBH_FreePipe
 .text.__NVIC_SetPriority
                0x08009240       0x54 ./Middlewares/Third_Party/FreeRTOS/Source/CMSIS_RTOS_V2/cmsis_os2.o
 .text.SysTick_Handler
                0x08009294       0x20 ./Middlewares/Third_Party/FreeRTOS/Source/CMSIS_RTOS_V2/cmsis_os2.o
                0x08009294                SysTick_Handler
 .text.SVC_Setup
                0x080092b4       0x12 ./Middlewares/Third_Party/FreeRTOS/Source/CMSIS_RTOS_V2/cmsis_os2.o
 *fill*         0x080092c6        0x2 
 .text.osKernelInitialize
                0x080092c8       0x48 ./Middlewares/Third_Party/FreeRTOS/Source/CMSIS_RTOS_V2/cmsis_os2.o
                0x080092c8                osKernelInitialize
 .text.osKernelStart
                0x08009310       0x4c ./Middlewares/Third_Party/FreeRTOS/Source/CMSIS_RTOS_V2/cmsis_os2.o
                0x08009310                osKernelStart
 .text.osThreadNew
                0x0800935c      0x124 ./Middlewares/Third_Party/FreeRTOS/Source/CMSIS_RTOS_V2/cmsis_os2.o
                0x0800935c                osThreadNew
 .text.osDelay  0x08009480       0x36 ./Middlewares/Third_Party/FreeRTOS/Source/CMSIS_RTOS_V2/cmsis_os2.o
                0x08009480                osDelay
 .text.osMutexNew
                0x080094b6      0x10c ./Middlewares/Third_Party/FreeRTOS/Source/CMSIS_RTOS_V2/cmsis_os2.o
                0x080094b6                osMutexNew
 .text.osMutexAcquire
                0x080095c2       0x96 ./Middlewares/Third_Party/FreeRTOS/Source/CMSIS_RTOS_V2/cmsis_os2.o
                0x080095c2                osMutexAcquire
 .text.osMutexRelease
                0x08009658       0x7a ./Middlewares/Third_Party/FreeRTOS/Source/CMSIS_RTOS_V2/cmsis_os2.o
                0x08009658                osMutexRelease
 *fill*         0x080096d2        0x2 
 .text.osMessageQueuePut
                0x080096d4       0xc0 ./Middlewares/Third_Party/FreeRTOS/Source/CMSIS_RTOS_V2/cmsis_os2.o
                0x080096d4                osMessageQueuePut
 .text.vApplicationGetIdleTaskMemory
                0x08009794       0x34 ./Middlewares/Third_Party/FreeRTOS/Source/CMSIS_RTOS_V2/cmsis_os2.o
                0x08009794                vApplicationGetIdleTaskMemory
 .text.vApplicationGetTimerTaskMemory
                0x080097c8       0x34 ./Middlewares/Third_Party/FreeRTOS/Source/CMSIS_RTOS_V2/cmsis_os2.o
                0x080097c8                vApplicationGetTimerTaskMemory
 .text.vListInitialise
                0x080097fc       0x40 ./Middlewares/Third_Party/FreeRTOS/Source/list.o
                0x080097fc                vListInitialise
 .text.vListInitialiseItem
                0x0800983c       0x1a ./Middlewares/Third_Party/FreeRTOS/Source/list.o
                0x0800983c                vListInitialiseItem
 .text.vListInsertEnd
                0x08009856       0x48 ./Middlewares/Third_Party/FreeRTOS/Source/list.o
                0x08009856                vListInsertEnd
 .text.vListInsert
                0x0800989e       0x72 ./Middlewares/Third_Party/FreeRTOS/Source/list.o
                0x0800989e                vListInsert
 .text.uxListRemove
                0x08009910       0x54 ./Middlewares/Third_Party/FreeRTOS/Source/list.o
                0x08009910                uxListRemove
 .text.xQueueGenericReset
                0x08009964       0xd4 ./Middlewares/Third_Party/FreeRTOS/Source/queue.o
                0x08009964                xQueueGenericReset
 .text.xQueueGenericCreateStatic
                0x08009a38       0xfa ./Middlewares/Third_Party/FreeRTOS/Source/queue.o
                0x08009a38                xQueueGenericCreateStatic
 .text.xQueueGenericCreate
                0x08009b32       0x76 ./Middlewares/Third_Party/FreeRTOS/Source/queue.o
                0x08009b32                xQueueGenericCreate
 .text.prvInitialiseNewQueue
                0x08009ba8       0x46 ./Middlewares/Third_Party/FreeRTOS/Source/queue.o
 .text.prvInitialiseMutex
                0x08009bee       0x34 ./Middlewares/Third_Party/FreeRTOS/Source/queue.o
 .text.xQueueCreateMutex
                0x08009c22       0x30 ./Middlewares/Third_Party/FreeRTOS/Source/queue.o
                0x08009c22                xQueueCreateMutex
 .text.xQueueCreateMutexStatic
                0x08009c52       0x36 ./Middlewares/Third_Party/FreeRTOS/Source/queue.o
                0x08009c52                xQueueCreateMutexStatic
 .text.xQueueGiveMutexRecursive
                0x08009c88       0x6a ./Middlewares/Third_Party/FreeRTOS/Source/queue.o
                0x08009c88                xQueueGiveMutexRecursive
 .text.xQueueTakeMutexRecursive
                0x08009cf2       0x6e ./Middlewares/Third_Party/FreeRTOS/Source/queue.o
                0x08009cf2                xQueueTakeMutexRecursive
 .text.xQueueGenericSend
                0x08009d60      0x204 ./Middlewares/Third_Party/FreeRTOS/Source/queue.o
                0x08009d60                xQueueGenericSend
 .text.xQueueGenericSendFromISR
                0x08009f64      0x13c ./Middlewares/Third_Party/FreeRTOS/Source/queue.o
                0x08009f64                xQueueGenericSendFromISR
 .text.xQueueReceive
                0x0800a0a0      0x1c4 ./Middlewares/Third_Party/FreeRTOS/Source/queue.o
                0x0800a0a0                xQueueReceive
 .text.xQueueSemaphoreTake
                0x0800a264      0x220 ./Middlewares/Third_Party/FreeRTOS/Source/queue.o
                0x0800a264                xQueueSemaphoreTake
 .text.prvGetDisinheritPriorityAfterTimeout
                0x0800a484       0x30 ./Middlewares/Third_Party/FreeRTOS/Source/queue.o
 .text.prvCopyDataToQueue
                0x0800a4b4       0xd4 ./Middlewares/Third_Party/FreeRTOS/Source/queue.o
 .text.prvCopyDataFromQueue
                0x0800a588       0x4c ./Middlewares/Third_Party/FreeRTOS/Source/queue.o
 .text.prvUnlockQueue
                0x0800a5d4       0xa4 ./Middlewares/Third_Party/FreeRTOS/Source/queue.o
 .text.prvIsQueueEmpty
                0x0800a678       0x2c ./Middlewares/Third_Party/FreeRTOS/Source/queue.o
 .text.prvIsQueueFull
                0x0800a6a4       0x30 ./Middlewares/Third_Party/FreeRTOS/Source/queue.o
 .text.vQueueAddToRegistry
                0x0800a6d4       0x54 ./Middlewares/Third_Party/FreeRTOS/Source/queue.o
                0x0800a6d4                vQueueAddToRegistry
 .text.vQueueWaitForMessageRestricted
                0x0800a728       0x68 ./Middlewares/Third_Party/FreeRTOS/Source/queue.o
                0x0800a728                vQueueWaitForMessageRestricted
 .text.xTaskCreateStatic
                0x0800a790       0xc0 ./Middlewares/Third_Party/FreeRTOS/Source/tasks.o
                0x0800a790                xTaskCreateStatic
 .text.xTaskCreate
                0x0800a850       0x8a ./Middlewares/Third_Party/FreeRTOS/Source/tasks.o
                0x0800a850                xTaskCreate
 *fill*         0x0800a8da        0x2 
 .text.prvInitialiseNewTask
                0x0800a8dc      0x150 ./Middlewares/Third_Party/FreeRTOS/Source/tasks.o
 .text.prvAddNewTaskToReadyList
                0x0800aa2c       0xe0 ./Middlewares/Third_Party/FreeRTOS/Source/tasks.o
 .text.vTaskDelay
                0x0800ab0c       0x6c ./Middlewares/Third_Party/FreeRTOS/Source/tasks.o
                0x0800ab0c                vTaskDelay
 .text.vTaskStartScheduler
                0x0800ab78       0xe0 ./Middlewares/Third_Party/FreeRTOS/Source/tasks.o
                0x0800ab78                vTaskStartScheduler
 .text.vTaskSuspendAll
                0x0800ac58       0x1c ./Middlewares/Third_Party/FreeRTOS/Source/tasks.o
                0x0800ac58                vTaskSuspendAll
 .text.xTaskResumeAll
                0x0800ac74      0x13c ./Middlewares/Third_Party/FreeRTOS/Source/tasks.o
                0x0800ac74                xTaskResumeAll
 .text.xTaskGetTickCount
                0x0800adb0       0x20 ./Middlewares/Third_Party/FreeRTOS/Source/tasks.o
                0x0800adb0                xTaskGetTickCount
 .text.xTaskIncrementTick
                0x0800add0      0x174 ./Middlewares/Third_Party/FreeRTOS/Source/tasks.o
                0x0800add0                xTaskIncrementTick
 .text.vTaskSwitchContext
                0x0800af44       0xcc ./Middlewares/Third_Party/FreeRTOS/Source/tasks.o
                0x0800af44                vTaskSwitchContext
 .text.vTaskPlaceOnEventList
                0x0800b010       0x4c ./Middlewares/Third_Party/FreeRTOS/Source/tasks.o
                0x0800b010                vTaskPlaceOnEventList
 .text.vTaskPlaceOnEventListRestricted
                0x0800b05c       0x58 ./Middlewares/Third_Party/FreeRTOS/Source/tasks.o
                0x0800b05c                vTaskPlaceOnEventListRestricted
 .text.xTaskRemoveFromEventList
                0x0800b0b4       0xc8 ./Middlewares/Third_Party/FreeRTOS/Source/tasks.o
                0x0800b0b4                xTaskRemoveFromEventList
 .text.vTaskInternalSetTimeOutState
                0x0800b17c       0x2c ./Middlewares/Third_Party/FreeRTOS/Source/tasks.o
                0x0800b17c                vTaskInternalSetTimeOutState
 .text.xTaskCheckForTimeOut
                0x0800b1a8       0xc8 ./Middlewares/Third_Party/FreeRTOS/Source/tasks.o
                0x0800b1a8                xTaskCheckForTimeOut
 .text.vTaskMissedYield
                0x0800b270       0x18 ./Middlewares/Third_Party/FreeRTOS/Source/tasks.o
                0x0800b270                vTaskMissedYield
 .text.prvIdleTask
                0x0800b288       0x30 ./Middlewares/Third_Party/FreeRTOS/Source/tasks.o
 .text.prvInitialiseTaskLists
                0x0800b2b8       0x80 ./Middlewares/Third_Party/FreeRTOS/Source/tasks.o
 .text.prvCheckTasksWaitingTermination
                0x0800b338       0x5c ./Middlewares/Third_Party/FreeRTOS/Source/tasks.o
 .text.prvDeleteTCB
                0x0800b394       0x6a ./Middlewares/Third_Party/FreeRTOS/Source/tasks.o
 *fill*         0x0800b3fe        0x2 
 .text.prvResetNextTaskUnblockTime
                0x0800b400       0x40 ./Middlewares/Third_Party/FreeRTOS/Source/tasks.o
 .text.xTaskGetCurrentTaskHandle
                0x0800b440       0x20 ./Middlewares/Third_Party/FreeRTOS/Source/tasks.o
                0x0800b440                xTaskGetCurrentTaskHandle
 .text.xTaskGetSchedulerState
                0x0800b460       0x3c ./Middlewares/Third_Party/FreeRTOS/Source/tasks.o
                0x0800b460                xTaskGetSchedulerState
 .text.xTaskPriorityInherit
                0x0800b49c       0xd0 ./Middlewares/Third_Party/FreeRTOS/Source/tasks.o
                0x0800b49c                xTaskPriorityInherit
 .text.xTaskPriorityDisinherit
                0x0800b56c       0xe0 ./Middlewares/Third_Party/FreeRTOS/Source/tasks.o
                0x0800b56c                xTaskPriorityDisinherit
 .text.vTaskPriorityDisinheritAfterTimeout
                0x0800b64c      0x108 ./Middlewares/Third_Party/FreeRTOS/Source/tasks.o
                0x0800b64c                vTaskPriorityDisinheritAfterTimeout
 .text.pvTaskIncrementMutexHeldCount
                0x0800b754       0x28 ./Middlewares/Third_Party/FreeRTOS/Source/tasks.o
                0x0800b754                pvTaskIncrementMutexHeldCount
 .text.prvAddCurrentTaskToDelayedList
                0x0800b77c       0xa8 ./Middlewares/Third_Party/FreeRTOS/Source/tasks.o
 .text.xTimerCreateTimerTask
                0x0800b824       0x94 ./Middlewares/Third_Party/FreeRTOS/Source/timers.o
                0x0800b824                xTimerCreateTimerTask
 .text.xTimerGenericCommand
                0x0800b8b8       0x9c ./Middlewares/Third_Party/FreeRTOS/Source/timers.o
                0x0800b8b8                xTimerGenericCommand
 .text.prvProcessExpiredTimer
                0x0800b954       0x9c ./Middlewares/Third_Party/FreeRTOS/Source/timers.o
 .text.prvTimerTask
                0x0800b9f0       0x26 ./Middlewares/Third_Party/FreeRTOS/Source/timers.o
 *fill*         0x0800ba16        0x2 
 .text.prvProcessTimerOrBlockTask
                0x0800ba18       0x9c ./Middlewares/Third_Party/FreeRTOS/Source/timers.o
 .text.prvGetNextExpireTime
                0x0800bab4       0x48 ./Middlewares/Third_Party/FreeRTOS/Source/timers.o
 .text.prvSampleTimeNow
                0x0800bafc       0x40 ./Middlewares/Third_Party/FreeRTOS/Source/timers.o
 .text.prvInsertTimerInActiveList
                0x0800bb3c       0x84 ./Middlewares/Third_Party/FreeRTOS/Source/timers.o
 .text.prvProcessReceivedCommands
                0x0800bbc0      0x1cc ./Middlewares/Third_Party/FreeRTOS/Source/timers.o
 .text.prvSwitchTimerLists
                0x0800bd8c       0xcc ./Middlewares/Third_Party/FreeRTOS/Source/timers.o
 .text.prvCheckForValidListAndQueue
                0x0800be58       0x80 ./Middlewares/Third_Party/FreeRTOS/Source/timers.o
 .text.pxPortInitialiseStack
                0x0800bed8       0x68 ./Middlewares/Third_Party/FreeRTOS/Source/portable/GCC/ARM_CM4F/port.o
                0x0800bed8                pxPortInitialiseStack
 .text.prvTaskExitError
                0x0800bf40       0x5c ./Middlewares/Third_Party/FreeRTOS/Source/portable/GCC/ARM_CM4F/port.o
 *fill*         0x0800bf9c        0x4 
 .text.SVC_Handler
                0x0800bfa0       0x28 ./Middlewares/Third_Party/FreeRTOS/Source/portable/GCC/ARM_CM4F/port.o
                0x0800bfa0                SVC_Handler
 .text.prvPortStartFirstTask
                0x0800bfc8       0x28 ./Middlewares/Third_Party/FreeRTOS/Source/portable/GCC/ARM_CM4F/port.o
 .text.xPortStartScheduler
                0x0800bff0      0x148 ./Middlewares/Third_Party/FreeRTOS/Source/portable/GCC/ARM_CM4F/port.o
                0x0800bff0                xPortStartScheduler
 .text.vPortEnterCritical
                0x0800c138       0x64 ./Middlewares/Third_Party/FreeRTOS/Source/portable/GCC/ARM_CM4F/port.o
                0x0800c138                vPortEnterCritical
 .text.vPortExitCritical
                0x0800c19c       0x54 ./Middlewares/Third_Party/FreeRTOS/Source/portable/GCC/ARM_CM4F/port.o
                0x0800c19c                vPortExitCritical
 .text.PendSV_Handler
                0x0800c1f0       0x68 ./Middlewares/Third_Party/FreeRTOS/Source/portable/GCC/ARM_CM4F/port.o
                0x0800c1f0                PendSV_Handler
 .text.xPortSysTickHandler
                0x0800c258       0x44 ./Middlewares/Third_Party/FreeRTOS/Source/portable/GCC/ARM_CM4F/port.o
                0x0800c258                xPortSysTickHandler
 .text.vPortSetupTimerInterrupt
                0x0800c29c       0x48 ./Middlewares/Third_Party/FreeRTOS/Source/portable/GCC/ARM_CM4F/port.o
                0x0800c29c                vPortSetupTimerInterrupt
 .text.vPortEnableVFP
                0x0800c2e4       0x14 ./Middlewares/Third_Party/FreeRTOS/Source/portable/GCC/ARM_CM4F/port.o
 .text.vPortValidateInterruptPriority
                0x0800c2f8       0x84 ./Middlewares/Third_Party/FreeRTOS/Source/portable/GCC/ARM_CM4F/port.o
                0x0800c2f8                vPortValidateInterruptPriority
 .text.pvPortMalloc
                0x0800c37c      0x19c ./Middlewares/Third_Party/FreeRTOS/Source/portable/MemMang/heap_4.o
                0x0800c37c                pvPortMalloc
 .text.vPortFree
                0x0800c518       0xc8 ./Middlewares/Third_Party/FreeRTOS/Source/portable/MemMang/heap_4.o
                0x0800c518                vPortFree
 .text.prvHeapInit
                0x0800c5e0       0xc4 ./Middlewares/Third_Party/FreeRTOS/Source/portable/MemMang/heap_4.o
 .text.prvInsertBlockIntoFreeList
                0x0800c6a4       0xb4 ./Middlewares/Third_Party/FreeRTOS/Source/portable/MemMang/heap_4.o
 .text.HAL_HCD_SOF_Callback
                0x0800c758       0x1c ./USB_HOST/Target/usbh_conf.o
                0x0800c758                HAL_HCD_SOF_Callback
 .text.HAL_HCD_Connect_Callback
                0x0800c774       0x1c ./USB_HOST/Target/usbh_conf.o
                0x0800c774                HAL_HCD_Connect_Callback
 .text.HAL_HCD_Disconnect_Callback
                0x0800c790       0x1c ./USB_HOST/Target/usbh_conf.o
                0x0800c790                HAL_HCD_Disconnect_Callback
 .text.HAL_HCD_HC_NotifyURBChange_Callback
                0x0800c7ac       0x24 ./USB_HOST/Target/usbh_conf.o
                0x0800c7ac                HAL_HCD_HC_NotifyURBChange_Callback
 .text.HAL_HCD_PortEnabled_Callback
                0x0800c7d0       0x1c ./USB_HOST/Target/usbh_conf.o
                0x0800c7d0                HAL_HCD_PortEnabled_Callback
 .text.HAL_HCD_PortDisabled_Callback
                0x0800c7ec       0x1c ./USB_HOST/Target/usbh_conf.o
                0x0800c7ec                HAL_HCD_PortDisabled_Callback
 .text.USBH_LL_Stop
                0x0800c808       0x36 ./USB_HOST/Target/usbh_conf.o
                0x0800c808                USBH_LL_Stop
 *fill*         0x0800c83e        0x2 
 .text.USBH_Get_USB_Status
                0x0800c840       0x58 ./USB_HOST/Target/usbh_conf.o
                0x0800c840                USBH_Get_USB_Status
 .text.__cxa_guard_acquire
                0x0800c898       0x18 C:/ST/STM32CubeIDE_1.18.0/STM32CubeIDE/plugins/com.st.stm32cube.ide.mcu.externaltools.gnu-tools-for-stm32.13.3.rel1.win32_1.0.0.202411081344/tools/bin/../lib/gcc/arm-none-eabi/13.3.1/../../../../arm-none-eabi/lib/thumb/v7e-m+fp/hard\libstdc++_nano.a(guard.o)
                0x0800c898                __cxa_guard_acquire
 .text.__cxa_guard_release
                0x0800c8b0        0x6 C:/ST/STM32CubeIDE_1.18.0/STM32CubeIDE/plugins/com.st.stm32cube.ide.mcu.externaltools.gnu-tools-for-stm32.13.3.rel1.win32_1.0.0.202411081344/tools/bin/../lib/gcc/arm-none-eabi/13.3.1/../../../../arm-none-eabi/lib/thumb/v7e-m+fp/hard\libstdc++_nano.a(guard.o)
                0x0800c8b0                __cxa_guard_release
 .text._Znwj    0x0800c8b6       0x22 C:/ST/STM32CubeIDE_1.18.0/STM32CubeIDE/plugins/com.st.stm32cube.ide.mcu.externaltools.gnu-tools-for-stm32.13.3.rel1.win32_1.0.0.202411081344/tools/bin/../lib/gcc/arm-none-eabi/13.3.1/../../../../arm-none-eabi/lib/thumb/v7e-m+fp/hard\libstdc++_nano.a(new_op.o)
                0x0800c8b6                operator new(unsigned int)
 .text._ZSt15get_new_handlerv
                0x0800c8d8       0x10 C:/ST/STM32CubeIDE_1.18.0/STM32CubeIDE/plugins/com.st.stm32cube.ide.mcu.externaltools.gnu-tools-for-stm32.13.3.rel1.win32_1.0.0.202411081344/tools/bin/../lib/gcc/arm-none-eabi/13.3.1/../../../../arm-none-eabi/lib/thumb/v7e-m+fp/hard\libstdc++_nano.a(new_handler.o)
                0x0800c8d8                std::get_new_handler()
 .text.abort    0x0800c8e8        0xe C:/ST/STM32CubeIDE_1.18.0/STM32CubeIDE/plugins/com.st.stm32cube.ide.mcu.externaltools.gnu-tools-for-stm32.13.3.rel1.win32_1.0.0.202411081344/tools/bin/../lib/gcc/arm-none-eabi/13.3.1/../../../../arm-none-eabi/lib/thumb/v7e-m+fp/hard\libc_nano.a(libc_a-abort.o)
                0x0800c8e8                abort
 .text.atof     0x0800c8f6        0x6 C:/ST/STM32CubeIDE_1.18.0/STM32CubeIDE/plugins/com.st.stm32cube.ide.mcu.externaltools.gnu-tools-for-stm32.13.3.rel1.win32_1.0.0.202411081344/tools/bin/../lib/gcc/arm-none-eabi/13.3.1/../../../../arm-none-eabi/lib/thumb/v7e-m+fp/hard\libc_nano.a(libc_a-atof.o)
                0x0800c8f6                atof
 .text.malloc   0x0800c8fc       0x10 C:/ST/STM32CubeIDE_1.18.0/STM32CubeIDE/plugins/com.st.stm32cube.ide.mcu.externaltools.gnu-tools-for-stm32.13.3.rel1.win32_1.0.0.202411081344/tools/bin/../lib/gcc/arm-none-eabi/13.3.1/../../../../arm-none-eabi/lib/thumb/v7e-m+fp/hard\libc_nano.a(libc_a-malloc.o)
                0x0800c8fc                malloc
 .text.sbrk_aligned
                0x0800c90c       0x44 C:/ST/STM32CubeIDE_1.18.0/STM32CubeIDE/plugins/com.st.stm32cube.ide.mcu.externaltools.gnu-tools-for-stm32.13.3.rel1.win32_1.0.0.202411081344/tools/bin/../lib/gcc/arm-none-eabi/13.3.1/../../../../arm-none-eabi/lib/thumb/v7e-m+fp/hard\libc_nano.a(libc_a-mallocr.o)
 .text._malloc_r
                0x0800c950      0x100 C:/ST/STM32CubeIDE_1.18.0/STM32CubeIDE/plugins/com.st.stm32cube.ide.mcu.externaltools.gnu-tools-for-stm32.13.3.rel1.win32_1.0.0.202411081344/tools/bin/../lib/gcc/arm-none-eabi/13.3.1/../../../../arm-none-eabi/lib/thumb/v7e-m+fp/hard\libc_nano.a(libc_a-mallocr.o)
                0x0800c950                _malloc_r
 .text.__malloc_lock
                0x0800ca50        0xc C:/ST/STM32CubeIDE_1.18.0/STM32CubeIDE/plugins/com.st.stm32cube.ide.mcu.externaltools.gnu-tools-for-stm32.13.3.rel1.win32_1.0.0.202411081344/tools/bin/../lib/gcc/arm-none-eabi/13.3.1/../../../../arm-none-eabi/lib/thumb/v7e-m+fp/hard\libc_nano.a(libc_a-mlock.o)
                0x0800ca50                __malloc_lock
 .text.__malloc_unlock
                0x0800ca5c        0xc C:/ST/STM32CubeIDE_1.18.0/STM32CubeIDE/plugins/com.st.stm32cube.ide.mcu.externaltools.gnu-tools-for-stm32.13.3.rel1.win32_1.0.0.202411081344/tools/bin/../lib/gcc/arm-none-eabi/13.3.1/../../../../arm-none-eabi/lib/thumb/v7e-m+fp/hard\libc_nano.a(libc_a-mlock.o)
                0x0800ca5c                __malloc_unlock
 .text.sulp     0x0800ca68       0x3c C:/ST/STM32CubeIDE_1.18.0/STM32CubeIDE/plugins/com.st.stm32cube.ide.mcu.externaltools.gnu-tools-for-stm32.13.3.rel1.win32_1.0.0.202411081344/tools/bin/../lib/gcc/arm-none-eabi/13.3.1/../../../../arm-none-eabi/lib/thumb/v7e-m+fp/hard\libc_nano.a(libc_a-strtod.o)
 *fill*         0x0800caa4        0x4 
 .text._strtod_l
                0x0800caa8      0xbc8 C:/ST/STM32CubeIDE_1.18.0/STM32CubeIDE/plugins/com.st.stm32cube.ide.mcu.externaltools.gnu-tools-for-stm32.13.3.rel1.win32_1.0.0.202411081344/tools/bin/../lib/gcc/arm-none-eabi/13.3.1/../../../../arm-none-eabi/lib/thumb/v7e-m+fp/hard\libc_nano.a(libc_a-strtod.o)
                0x0800caa8                _strtod_l
 .text.strtod   0x0800d670       0x18 C:/ST/STM32CubeIDE_1.18.0/STM32CubeIDE/plugins/com.st.stm32cube.ide.mcu.externaltools.gnu-tools-for-stm32.13.3.rel1.win32_1.0.0.202411081344/tools/bin/../lib/gcc/arm-none-eabi/13.3.1/../../../../arm-none-eabi/lib/thumb/v7e-m+fp/hard\libc_nano.a(libc_a-strtod.o)
                0x0800d670                strtod
 .text.__cvt    0x0800d688       0xca C:/ST/STM32CubeIDE_1.18.0/STM32CubeIDE/plugins/com.st.stm32cube.ide.mcu.externaltools.gnu-tools-for-stm32.13.3.rel1.win32_1.0.0.202411081344/tools/bin/../lib/gcc/arm-none-eabi/13.3.1/../../../../arm-none-eabi/lib/thumb/v7e-m+fp/hard\libc_nano.a(libc_a-nano-vfprintf_float.o)
                0x0800d688                __cvt
 .text.__exponent
                0x0800d752       0x74 C:/ST/STM32CubeIDE_1.18.0/STM32CubeIDE/plugins/com.st.stm32cube.ide.mcu.externaltools.gnu-tools-for-stm32.13.3.rel1.win32_1.0.0.202411081344/tools/bin/../lib/gcc/arm-none-eabi/13.3.1/../../../../arm-none-eabi/lib/thumb/v7e-m+fp/hard\libc_nano.a(libc_a-nano-vfprintf_float.o)
                0x0800d752                __exponent
 *fill*         0x0800d7c6        0x2 
 .text._printf_float
                0x0800d7c8      0x454 C:/ST/STM32CubeIDE_1.18.0/STM32CubeIDE/plugins/com.st.stm32cube.ide.mcu.externaltools.gnu-tools-for-stm32.13.3.rel1.win32_1.0.0.202411081344/tools/bin/../lib/gcc/arm-none-eabi/13.3.1/../../../../arm-none-eabi/lib/thumb/v7e-m+fp/hard\libc_nano.a(libc_a-nano-vfprintf_float.o)
                0x0800d7c8                _printf_float
 .text._printf_common
                0x0800dc1c       0xda C:/ST/STM32CubeIDE_1.18.0/STM32CubeIDE/plugins/com.st.stm32cube.ide.mcu.externaltools.gnu-tools-for-stm32.13.3.rel1.win32_1.0.0.202411081344/tools/bin/../lib/gcc/arm-none-eabi/13.3.1/../../../../arm-none-eabi/lib/thumb/v7e-m+fp/hard\libc_nano.a(libc_a-nano-vfprintf_i.o)
                0x0800dc1c                _printf_common
 *fill*         0x0800dcf6        0x2 
 .text._printf_i
                0x0800dcf8      0x23c C:/ST/STM32CubeIDE_1.18.0/STM32CubeIDE/plugins/com.st.stm32cube.ide.mcu.externaltools.gnu-tools-for-stm32.13.3.rel1.win32_1.0.0.202411081344/tools/bin/../lib/gcc/arm-none-eabi/13.3.1/../../../../arm-none-eabi/lib/thumb/v7e-m+fp/hard\libc_nano.a(libc_a-nano-vfprintf_i.o)
                0x0800dcf8                _printf_i
 .text.std      0x0800df34       0x6c C:/ST/STM32CubeIDE_1.18.0/STM32CubeIDE/plugins/com.st.stm32cube.ide.mcu.externaltools.gnu-tools-for-stm32.13.3.rel1.win32_1.0.0.202411081344/tools/bin/../lib/gcc/arm-none-eabi/13.3.1/../../../../arm-none-eabi/lib/thumb/v7e-m+fp/hard\libc_nano.a(libc_a-findfp.o)
 .text.stdio_exit_handler
                0x0800dfa0       0x18 C:/ST/STM32CubeIDE_1.18.0/STM32CubeIDE/plugins/com.st.stm32cube.ide.mcu.externaltools.gnu-tools-for-stm32.13.3.rel1.win32_1.0.0.202411081344/tools/bin/../lib/gcc/arm-none-eabi/13.3.1/../../../../arm-none-eabi/lib/thumb/v7e-m+fp/hard\libc_nano.a(libc_a-findfp.o)
 .text.cleanup_stdio
                0x0800dfb8       0x40 C:/ST/STM32CubeIDE_1.18.0/STM32CubeIDE/plugins/com.st.stm32cube.ide.mcu.externaltools.gnu-tools-for-stm32.13.3.rel1.win32_1.0.0.202411081344/tools/bin/../lib/gcc/arm-none-eabi/13.3.1/../../../../arm-none-eabi/lib/thumb/v7e-m+fp/hard\libc_nano.a(libc_a-findfp.o)
 .text.global_stdio_init.part.0
                0x0800dff8       0x3c C:/ST/STM32CubeIDE_1.18.0/STM32CubeIDE/plugins/com.st.stm32cube.ide.mcu.externaltools.gnu-tools-for-stm32.13.3.rel1.win32_1.0.0.202411081344/tools/bin/../lib/gcc/arm-none-eabi/13.3.1/../../../../arm-none-eabi/lib/thumb/v7e-m+fp/hard\libc_nano.a(libc_a-findfp.o)
 .text.__sfp_lock_acquire
                0x0800e034        0xc C:/ST/STM32CubeIDE_1.18.0/STM32CubeIDE/plugins/com.st.stm32cube.ide.mcu.externaltools.gnu-tools-for-stm32.13.3.rel1.win32_1.0.0.202411081344/tools/bin/../lib/gcc/arm-none-eabi/13.3.1/../../../../arm-none-eabi/lib/thumb/v7e-m+fp/hard\libc_nano.a(libc_a-findfp.o)
                0x0800e034                __sfp_lock_acquire
 .text.__sfp_lock_release
                0x0800e040        0xc C:/ST/STM32CubeIDE_1.18.0/STM32CubeIDE/plugins/com.st.stm32cube.ide.mcu.externaltools.gnu-tools-for-stm32.13.3.rel1.win32_1.0.0.202411081344/tools/bin/../lib/gcc/arm-none-eabi/13.3.1/../../../../arm-none-eabi/lib/thumb/v7e-m+fp/hard\libc_nano.a(libc_a-findfp.o)
                0x0800e040                __sfp_lock_release
 .text.__sinit  0x0800e04c       0x30 C:/ST/STM32CubeIDE_1.18.0/STM32CubeIDE/plugins/com.st.stm32cube.ide.mcu.externaltools.gnu-tools-for-stm32.13.3.rel1.win32_1.0.0.202411081344/tools/bin/../lib/gcc/arm-none-eabi/13.3.1/../../../../arm-none-eabi/lib/thumb/v7e-m+fp/hard\libc_nano.a(libc_a-findfp.o)
                0x0800e04c                __sinit
 .text._fwalk_sglue
                0x0800e07c       0x3c C:/ST/STM32CubeIDE_1.18.0/STM32CubeIDE/plugins/com.st.stm32cube.ide.mcu.externaltools.gnu-tools-for-stm32.13.3.rel1.win32_1.0.0.202411081344/tools/bin/../lib/gcc/arm-none-eabi/13.3.1/../../../../arm-none-eabi/lib/thumb/v7e-m+fp/hard\libc_nano.a(libc_a-fwalk.o)
                0x0800e07c                _fwalk_sglue
 .text.snprintf
                0x0800e0b8       0x6c C:/ST/STM32CubeIDE_1.18.0/STM32CubeIDE/plugins/com.st.stm32cube.ide.mcu.externaltools.gnu-tools-for-stm32.13.3.rel1.win32_1.0.0.202411081344/tools/bin/../lib/gcc/arm-none-eabi/13.3.1/../../../../arm-none-eabi/lib/thumb/v7e-m+fp/hard\libc_nano.a(libc_a-snprintf.o)
                0x0800e0b8                sniprintf
                0x0800e0b8                snprintf
 .text.sprintf  0x0800e124       0x44 C:/ST/STM32CubeIDE_1.18.0/STM32CubeIDE/plugins/com.st.stm32cube.ide.mcu.externaltools.gnu-tools-for-stm32.13.3.rel1.win32_1.0.0.202411081344/tools/bin/../lib/gcc/arm-none-eabi/13.3.1/../../../../arm-none-eabi/lib/thumb/v7e-m+fp/hard\libc_nano.a(libc_a-sprintf.o)
                0x0800e124                siprintf
                0x0800e124                sprintf
 .text.__sread  0x0800e168       0x22 C:/ST/STM32CubeIDE_1.18.0/STM32CubeIDE/plugins/com.st.stm32cube.ide.mcu.externaltools.gnu-tools-for-stm32.13.3.rel1.win32_1.0.0.202411081344/tools/bin/../lib/gcc/arm-none-eabi/13.3.1/../../../../arm-none-eabi/lib/thumb/v7e-m+fp/hard\libc_nano.a(libc_a-stdio.o)
                0x0800e168                __sread
 .text.__swrite
                0x0800e18a       0x38 C:/ST/STM32CubeIDE_1.18.0/STM32CubeIDE/plugins/com.st.stm32cube.ide.mcu.externaltools.gnu-tools-for-stm32.13.3.rel1.win32_1.0.0.202411081344/tools/bin/../lib/gcc/arm-none-eabi/13.3.1/../../../../arm-none-eabi/lib/thumb/v7e-m+fp/hard\libc_nano.a(libc_a-stdio.o)
                0x0800e18a                __swrite
 .text.__sseek  0x0800e1c2       0x24 C:/ST/STM32CubeIDE_1.18.0/STM32CubeIDE/plugins/com.st.stm32cube.ide.mcu.externaltools.gnu-tools-for-stm32.13.3.rel1.win32_1.0.0.202411081344/tools/bin/../lib/gcc/arm-none-eabi/13.3.1/../../../../arm-none-eabi/lib/thumb/v7e-m+fp/hard\libc_nano.a(libc_a-stdio.o)
                0x0800e1c2                __sseek
 .text.__sclose
                0x0800e1e6        0x8 C:/ST/STM32CubeIDE_1.18.0/STM32CubeIDE/plugins/com.st.stm32cube.ide.mcu.externaltools.gnu-tools-for-stm32.13.3.rel1.win32_1.0.0.202411081344/tools/bin/../lib/gcc/arm-none-eabi/13.3.1/../../../../arm-none-eabi/lib/thumb/v7e-m+fp/hard\libc_nano.a(libc_a-stdio.o)
                0x0800e1e6                __sclose
 .text.memset   0x0800e1ee       0x10 C:/ST/STM32CubeIDE_1.18.0/STM32CubeIDE/plugins/com.st.stm32cube.ide.mcu.externaltools.gnu-tools-for-stm32.13.3.rel1.win32_1.0.0.202411081344/tools/bin/../lib/gcc/arm-none-eabi/13.3.1/../../../../arm-none-eabi/lib/thumb/v7e-m+fp/hard\libc_nano.a(libc_a-memset.o)
                0x0800e1ee                memset
 .text.strncmp  0x0800e1fe       0x24 C:/ST/STM32CubeIDE_1.18.0/STM32CubeIDE/plugins/com.st.stm32cube.ide.mcu.externaltools.gnu-tools-for-stm32.13.3.rel1.win32_1.0.0.202411081344/tools/bin/../lib/gcc/arm-none-eabi/13.3.1/../../../../arm-none-eabi/lib/thumb/v7e-m+fp/hard\libc_nano.a(libc_a-strncmp.o)
                0x0800e1fe                strncmp
 .text._raise_r
                0x0800e222       0x50 C:/ST/STM32CubeIDE_1.18.0/STM32CubeIDE/plugins/com.st.stm32cube.ide.mcu.externaltools.gnu-tools-for-stm32.13.3.rel1.win32_1.0.0.202411081344/tools/bin/../lib/gcc/arm-none-eabi/13.3.1/../../../../arm-none-eabi/lib/thumb/v7e-m+fp/hard\libc_nano.a(libc_a-signal.o)
                0x0800e222                _raise_r
 *fill*         0x0800e272        0x2 
 .text.raise    0x0800e274       0x10 C:/ST/STM32CubeIDE_1.18.0/STM32CubeIDE/plugins/com.st.stm32cube.ide.mcu.externaltools.gnu-tools-for-stm32.13.3.rel1.win32_1.0.0.202411081344/tools/bin/../lib/gcc/arm-none-eabi/13.3.1/../../../../arm-none-eabi/lib/thumb/v7e-m+fp/hard\libc_nano.a(libc_a-signal.o)
                0x0800e274                raise
 .text._localeconv_r
                0x0800e284        0x8 C:/ST/STM32CubeIDE_1.18.0/STM32CubeIDE/plugins/com.st.stm32cube.ide.mcu.externaltools.gnu-tools-for-stm32.13.3.rel1.win32_1.0.0.202411081344/tools/bin/../lib/gcc/arm-none-eabi/13.3.1/../../../../arm-none-eabi/lib/thumb/v7e-m+fp/hard\libc_nano.a(libc_a-localeconv.o)
                0x0800e284                _localeconv_r
 .text._close_r
                0x0800e28c       0x20 C:/ST/STM32CubeIDE_1.18.0/STM32CubeIDE/plugins/com.st.stm32cube.ide.mcu.externaltools.gnu-tools-for-stm32.13.3.rel1.win32_1.0.0.202411081344/tools/bin/../lib/gcc/arm-none-eabi/13.3.1/../../../../arm-none-eabi/lib/thumb/v7e-m+fp/hard\libc_nano.a(libc_a-closer.o)
                0x0800e28c                _close_r
 .text._reclaim_reent
                0x0800e2ac       0xbc C:/ST/STM32CubeIDE_1.18.0/STM32CubeIDE/plugins/com.st.stm32cube.ide.mcu.externaltools.gnu-tools-for-stm32.13.3.rel1.win32_1.0.0.202411081344/tools/bin/../lib/gcc/arm-none-eabi/13.3.1/../../../../arm-none-eabi/lib/thumb/v7e-m+fp/hard\libc_nano.a(libc_a-reent.o)
                0x0800e2ac                _reclaim_reent
 .text._lseek_r
                0x0800e368       0x24 C:/ST/STM32CubeIDE_1.18.0/STM32CubeIDE/plugins/com.st.stm32cube.ide.mcu.externaltools.gnu-tools-for-stm32.13.3.rel1.win32_1.0.0.202411081344/tools/bin/../lib/gcc/arm-none-eabi/13.3.1/../../../../arm-none-eabi/lib/thumb/v7e-m+fp/hard\libc_nano.a(libc_a-lseekr.o)
                0x0800e368                _lseek_r
 .text._read_r  0x0800e38c       0x24 C:/ST/STM32CubeIDE_1.18.0/STM32CubeIDE/plugins/com.st.stm32cube.ide.mcu.externaltools.gnu-tools-for-stm32.13.3.rel1.win32_1.0.0.202411081344/tools/bin/../lib/gcc/arm-none-eabi/13.3.1/../../../../arm-none-eabi/lib/thumb/v7e-m+fp/hard\libc_nano.a(libc_a-readr.o)
                0x0800e38c                _read_r
 .text._kill_r  0x0800e3b0       0x24 C:/ST/STM32CubeIDE_1.18.0/STM32CubeIDE/plugins/com.st.stm32cube.ide.mcu.externaltools.gnu-tools-for-stm32.13.3.rel1.win32_1.0.0.202411081344/tools/bin/../lib/gcc/arm-none-eabi/13.3.1/../../../../arm-none-eabi/lib/thumb/v7e-m+fp/hard\libc_nano.a(libc_a-signalr.o)
                0x0800e3b0                _kill_r
 .text._getpid_r
                0x0800e3d4        0x4 C:/ST/STM32CubeIDE_1.18.0/STM32CubeIDE/plugins/com.st.stm32cube.ide.mcu.externaltools.gnu-tools-for-stm32.13.3.rel1.win32_1.0.0.202411081344/tools/bin/../lib/gcc/arm-none-eabi/13.3.1/../../../../arm-none-eabi/lib/thumb/v7e-m+fp/hard\libc_nano.a(libc_a-signalr.o)
                0x0800e3d4                _getpid_r
 .text._sbrk_r  0x0800e3d8       0x20 C:/ST/STM32CubeIDE_1.18.0/STM32CubeIDE/plugins/com.st.stm32cube.ide.mcu.externaltools.gnu-tools-for-stm32.13.3.rel1.win32_1.0.0.202411081344/tools/bin/../lib/gcc/arm-none-eabi/13.3.1/../../../../arm-none-eabi/lib/thumb/v7e-m+fp/hard\libc_nano.a(libc_a-sbrkr.o)
                0x0800e3d8                _sbrk_r
 .text._write_r
                0x0800e3f8       0x24 C:/ST/STM32CubeIDE_1.18.0/STM32CubeIDE/plugins/com.st.stm32cube.ide.mcu.externaltools.gnu-tools-for-stm32.13.3.rel1.win32_1.0.0.202411081344/tools/bin/../lib/gcc/arm-none-eabi/13.3.1/../../../../arm-none-eabi/lib/thumb/v7e-m+fp/hard\libc_nano.a(libc_a-writer.o)
                0x0800e3f8                _write_r
 .text.__errno  0x0800e41c        0xc C:/ST/STM32CubeIDE_1.18.0/STM32CubeIDE/plugins/com.st.stm32cube.ide.mcu.externaltools.gnu-tools-for-stm32.13.3.rel1.win32_1.0.0.202411081344/tools/bin/../lib/gcc/arm-none-eabi/13.3.1/../../../../arm-none-eabi/lib/thumb/v7e-m+fp/hard\libc_nano.a(libc_a-errno.o)
                0x0800e41c                __errno
 .text.__libc_init_array
                0x0800e428       0x48 C:/ST/STM32CubeIDE_1.18.0/STM32CubeIDE/plugins/com.st.stm32cube.ide.mcu.externaltools.gnu-tools-for-stm32.13.3.rel1.win32_1.0.0.202411081344/tools/bin/../lib/gcc/arm-none-eabi/13.3.1/../../../../arm-none-eabi/lib/thumb/v7e-m+fp/hard\libc_nano.a(libc_a-init.o)
                0x0800e428                __libc_init_array
 .text.__retarget_lock_init_recursive
                0x0800e470        0x2 C:/ST/STM32CubeIDE_1.18.0/STM32CubeIDE/plugins/com.st.stm32cube.ide.mcu.externaltools.gnu-tools-for-stm32.13.3.rel1.win32_1.0.0.202411081344/tools/bin/../lib/gcc/arm-none-eabi/13.3.1/../../../../arm-none-eabi/lib/thumb/v7e-m+fp/hard\libc_nano.a(libc_a-lock.o)
                0x0800e470                __retarget_lock_init_recursive
 .text.__retarget_lock_acquire_recursive
                0x0800e472        0x2 C:/ST/STM32CubeIDE_1.18.0/STM32CubeIDE/plugins/com.st.stm32cube.ide.mcu.externaltools.gnu-tools-for-stm32.13.3.rel1.win32_1.0.0.202411081344/tools/bin/../lib/gcc/arm-none-eabi/13.3.1/../../../../arm-none-eabi/lib/thumb/v7e-m+fp/hard\libc_nano.a(libc_a-lock.o)
                0x0800e472                __retarget_lock_acquire_recursive
 .text.__retarget_lock_release_recursive
                0x0800e474        0x2 C:/ST/STM32CubeIDE_1.18.0/STM32CubeIDE/plugins/com.st.stm32cube.ide.mcu.externaltools.gnu-tools-for-stm32.13.3.rel1.win32_1.0.0.202411081344/tools/bin/../lib/gcc/arm-none-eabi/13.3.1/../../../../arm-none-eabi/lib/thumb/v7e-m+fp/hard\libc_nano.a(libc_a-lock.o)
                0x0800e474                __retarget_lock_release_recursive
 .text.memcpy   0x0800e476       0x1c C:/ST/STM32CubeIDE_1.18.0/STM32CubeIDE/plugins/com.st.stm32cube.ide.mcu.externaltools.gnu-tools-for-stm32.13.3.rel1.win32_1.0.0.202411081344/tools/bin/../lib/gcc/arm-none-eabi/13.3.1/../../../../arm-none-eabi/lib/thumb/v7e-m+fp/hard\libc_nano.a(libc_a-memcpy-stub.o)
                0x0800e476                memcpy
 *fill*         0x0800e492        0x6 
 .text.nan      0x0800e498       0x10 C:/ST/STM32CubeIDE_1.18.0/STM32CubeIDE/plugins/com.st.stm32cube.ide.mcu.externaltools.gnu-tools-for-stm32.13.3.rel1.win32_1.0.0.202411081344/tools/bin/../lib/gcc/arm-none-eabi/13.3.1/../../../../arm-none-eabi/lib/thumb/v7e-m+fp/hard\libc_nano.a(libm_a-s_nan.o)
                0x0800e498                nan
 .text.quorem   0x0800e4a8      0x110 C:/ST/STM32CubeIDE_1.18.0/STM32CubeIDE/plugins/com.st.stm32cube.ide.mcu.externaltools.gnu-tools-for-stm32.13.3.rel1.win32_1.0.0.202411081344/tools/bin/../lib/gcc/arm-none-eabi/13.3.1/../../../../arm-none-eabi/lib/thumb/v7e-m+fp/hard\libc_nano.a(libc_a-dtoa.o)
 .text._dtoa_r  0x0800e5b8      0xba0 C:/ST/STM32CubeIDE_1.18.0/STM32CubeIDE/plugins/com.st.stm32cube.ide.mcu.externaltools.gnu-tools-for-stm32.13.3.rel1.win32_1.0.0.202411081344/tools/bin/../lib/gcc/arm-none-eabi/13.3.1/../../../../arm-none-eabi/lib/thumb/v7e-m+fp/hard\libc_nano.a(libc_a-dtoa.o)
                0x0800e5b8                _dtoa_r
 .text._free_r  0x0800f158       0x94 C:/ST/STM32CubeIDE_1.18.0/STM32CubeIDE/plugins/com.st.stm32cube.ide.mcu.externaltools.gnu-tools-for-stm32.13.3.rel1.win32_1.0.0.202411081344/tools/bin/../lib/gcc/arm-none-eabi/13.3.1/../../../../arm-none-eabi/lib/thumb/v7e-m+fp/hard\libc_nano.a(libc_a-freer.o)
                0x0800f158                _free_r
 .text.rshift   0x0800f1ec       0xa4 C:/ST/STM32CubeIDE_1.18.0/STM32CubeIDE/plugins/com.st.stm32cube.ide.mcu.externaltools.gnu-tools-for-stm32.13.3.rel1.win32_1.0.0.202411081344/tools/bin/../lib/gcc/arm-none-eabi/13.3.1/../../../../arm-none-eabi/lib/thumb/v7e-m+fp/hard\libc_nano.a(libc_a-gdtoa-gethex.o)
 .text.__hexdig_fun
                0x0800f290       0x2a C:/ST/STM32CubeIDE_1.18.0/STM32CubeIDE/plugins/com.st.stm32cube.ide.mcu.externaltools.gnu-tools-for-stm32.13.3.rel1.win32_1.0.0.202411081344/tools/bin/../lib/gcc/arm-none-eabi/13.3.1/../../../../arm-none-eabi/lib/thumb/v7e-m+fp/hard\libc_nano.a(libc_a-gdtoa-gethex.o)
                0x0800f290                __hexdig_fun
 *fill*         0x0800f2ba        0x2 
 .text.__gethex
                0x0800f2bc      0x420 C:/ST/STM32CubeIDE_1.18.0/STM32CubeIDE/plugins/com.st.stm32cube.ide.mcu.externaltools.gnu-tools-for-stm32.13.3.rel1.win32_1.0.0.202411081344/tools/bin/../lib/gcc/arm-none-eabi/13.3.1/../../../../arm-none-eabi/lib/thumb/v7e-m+fp/hard\libc_nano.a(libc_a-gdtoa-gethex.o)
                0x0800f2bc                __gethex
 .text.L_shift  0x0800f6dc       0x24 C:/ST/STM32CubeIDE_1.18.0/STM32CubeIDE/plugins/com.st.stm32cube.ide.mcu.externaltools.gnu-tools-for-stm32.13.3.rel1.win32_1.0.0.202411081344/tools/bin/../lib/gcc/arm-none-eabi/13.3.1/../../../../arm-none-eabi/lib/thumb/v7e-m+fp/hard\libc_nano.a(libc_a-gdtoa-hexnan.o)
 .text.__match  0x0800f700       0x28 C:/ST/STM32CubeIDE_1.18.0/STM32CubeIDE/plugins/com.st.stm32cube.ide.mcu.externaltools.gnu-tools-for-stm32.13.3.rel1.win32_1.0.0.202411081344/tools/bin/../lib/gcc/arm-none-eabi/13.3.1/../../../../arm-none-eabi/lib/thumb/v7e-m+fp/hard\libc_nano.a(libc_a-gdtoa-hexnan.o)
                0x0800f700                __match
 .text.__hexnan
                0x0800f728      0x136 C:/ST/STM32CubeIDE_1.18.0/STM32CubeIDE/plugins/com.st.stm32cube.ide.mcu.externaltools.gnu-tools-for-stm32.13.3.rel1.win32_1.0.0.202411081344/tools/bin/../lib/gcc/arm-none-eabi/13.3.1/../../../../arm-none-eabi/lib/thumb/v7e-m+fp/hard\libc_nano.a(libc_a-gdtoa-hexnan.o)
                0x0800f728                __hexnan
 .text.__ascii_mbtowc
                0x0800f85e       0x24 C:/ST/STM32CubeIDE_1.18.0/STM32CubeIDE/plugins/com.st.stm32cube.ide.mcu.externaltools.gnu-tools-for-stm32.13.3.rel1.win32_1.0.0.202411081344/tools/bin/../lib/gcc/arm-none-eabi/13.3.1/../../../../arm-none-eabi/lib/thumb/v7e-m+fp/hard\libc_nano.a(libc_a-mbtowc_r.o)
                0x0800f85e                __ascii_mbtowc
 *fill*         0x0800f882        0x2 
 .text._Balloc  0x0800f884       0x80 C:/ST/STM32CubeIDE_1.18.0/STM32CubeIDE/plugins/com.st.stm32cube.ide.mcu.externaltools.gnu-tools-for-stm32.13.3.rel1.win32_1.0.0.202411081344/tools/bin/../lib/gcc/arm-none-eabi/13.3.1/../../../../arm-none-eabi/lib/thumb/v7e-m+fp/hard\libc_nano.a(libc_a-mprec.o)
                0x0800f884                _Balloc
 .text._Bfree   0x0800f904       0x44 C:/ST/STM32CubeIDE_1.18.0/STM32CubeIDE/plugins/com.st.stm32cube.ide.mcu.externaltools.gnu-tools-for-stm32.13.3.rel1.win32_1.0.0.202411081344/tools/bin/../lib/gcc/arm-none-eabi/13.3.1/../../../../arm-none-eabi/lib/thumb/v7e-m+fp/hard\libc_nano.a(libc_a-mprec.o)
                0x0800f904                _Bfree
 .text.__multadd
                0x0800f948       0x8c C:/ST/STM32CubeIDE_1.18.0/STM32CubeIDE/plugins/com.st.stm32cube.ide.mcu.externaltools.gnu-tools-for-stm32.13.3.rel1.win32_1.0.0.202411081344/tools/bin/../lib/gcc/arm-none-eabi/13.3.1/../../../../arm-none-eabi/lib/thumb/v7e-m+fp/hard\libc_nano.a(libc_a-mprec.o)
                0x0800f948                __multadd
 .text.__s2b    0x0800f9d4       0x94 C:/ST/STM32CubeIDE_1.18.0/STM32CubeIDE/plugins/com.st.stm32cube.ide.mcu.externaltools.gnu-tools-for-stm32.13.3.rel1.win32_1.0.0.202411081344/tools/bin/../lib/gcc/arm-none-eabi/13.3.1/../../../../arm-none-eabi/lib/thumb/v7e-m+fp/hard\libc_nano.a(libc_a-mprec.o)
                0x0800f9d4                __s2b
 .text.__hi0bits
                0x0800fa68       0x3e C:/ST/STM32CubeIDE_1.18.0/STM32CubeIDE/plugins/com.st.stm32cube.ide.mcu.externaltools.gnu-tools-for-stm32.13.3.rel1.win32_1.0.0.202411081344/tools/bin/../lib/gcc/arm-none-eabi/13.3.1/../../../../arm-none-eabi/lib/thumb/v7e-m+fp/hard\libc_nano.a(libc_a-mprec.o)
                0x0800fa68                __hi0bits
 .text.__lo0bits
                0x0800faa6       0x5a C:/ST/STM32CubeIDE_1.18.0/STM32CubeIDE/plugins/com.st.stm32cube.ide.mcu.externaltools.gnu-tools-for-stm32.13.3.rel1.win32_1.0.0.202411081344/tools/bin/../lib/gcc/arm-none-eabi/13.3.1/../../../../arm-none-eabi/lib/thumb/v7e-m+fp/hard\libc_nano.a(libc_a-mprec.o)
                0x0800faa6                __lo0bits
 .text.__i2b    0x0800fb00       0x2c C:/ST/STM32CubeIDE_1.18.0/STM32CubeIDE/plugins/com.st.stm32cube.ide.mcu.externaltools.gnu-tools-for-stm32.13.3.rel1.win32_1.0.0.202411081344/tools/bin/../lib/gcc/arm-none-eabi/13.3.1/../../../../arm-none-eabi/lib/thumb/v7e-m+fp/hard\libc_nano.a(libc_a-mprec.o)
                0x0800fb00                __i2b
 .text.__multiply
                0x0800fb2c      0x144 C:/ST/STM32CubeIDE_1.18.0/STM32CubeIDE/plugins/com.st.stm32cube.ide.mcu.externaltools.gnu-tools-for-stm32.13.3.rel1.win32_1.0.0.202411081344/tools/bin/../lib/gcc/arm-none-eabi/13.3.1/../../../../arm-none-eabi/lib/thumb/v7e-m+fp/hard\libc_nano.a(libc_a-mprec.o)
                0x0800fb2c                __multiply
 .text.__pow5mult
                0x0800fc70       0xb4 C:/ST/STM32CubeIDE_1.18.0/STM32CubeIDE/plugins/com.st.stm32cube.ide.mcu.externaltools.gnu-tools-for-stm32.13.3.rel1.win32_1.0.0.202411081344/tools/bin/../lib/gcc/arm-none-eabi/13.3.1/../../../../arm-none-eabi/lib/thumb/v7e-m+fp/hard\libc_nano.a(libc_a-mprec.o)
                0x0800fc70                __pow5mult
 .text.__lshift